
Hexadecimal

Area                               Addr   Size   Decimal Bytes (Attributes)
--------------------------------   ----   ----   ------- ----- ------------
CABS                               0000   0000 =      0. bytes (ABS,CON,CODE)

      Value  Global
   --------  --------------------------------
  0C:FFFFFF00    s_BSEG
  0C:0000    l_BIT_BANK
  0C:0000    l_BSEG
  0C:0000    l_BSEG_BYTES
  0C:0000    l_CABS
  0C:0000    l_CONST
  0C:0000    l_GSINIT1
  0C:0000    l_GSINIT5
  0C:0000    l_IABS
  0C:0000    l_ISEG
  0C:0000    l_OSEG
  0C:0000    l_PSEG
  0C:0000    l_REG_BANK_1
  0C:0000    l_REG_BANK_2
  0C:0000    l_REG_BANK_3
  0C:0000    l_RSEG
  0C:0000    l_XABS
  0C:0000    l_XINIT
  0C:0000    l_XISEG
  0C:0000    l_XSEG
  0C:0000    l__CODE
  0C:0000    s_BSEG_BYTES
  0C:0000    s_CABS
  0C:0000    s_DSEG
  0C:0000    s_HOME
  0C:0000    s_IABS
  0C:0000    s_ISEG
  0C:0000    s_PSEG
  0C:0000    s_REG_BANK_0
  0C:0000    s_XABS
  0C:0000    s_XISEG
  0C:0000    s_XSEG
  0C:0003    l_GSFINAL
  0C:0003    l_GSINIT0
  0C:0008    l_REG_BANK_0
  0C:0008    s_REG_BANK_1
  0C:000A    l_GSINIT2
  0C:0010    s_REG_BANK_2
  0C:0018    s_BIT_BANK
  0C:0018    s_OSEG
  0C:0018    s_REG_BANK_3
  0C:0020    s__CODE
  0C:0022    l_GSINIT3
  0C:0026    s_RSEG
  0C:0026    s_SSEG
  0C:002A    l_GSINIT4
  0C:0037    l_GSINIT
  0C:003B    l_HOME
  0C:003B    s_GSINIT0
  0C:003E    s_GSINIT1
  0C:003E    s_GSINIT2
  0C:0048    s_GSINIT3
  0C:006A    s_GSINIT4
  0C:0080    l_DSEG
  0C:0094    s_GSINIT
  0C:0094    s_GSINIT5
  0C:00CB    s_GSFINAL
  0C:00CE    s_CSEG
  0C:00DA    l_SSEG
  0C:0100    l_IRAM
  0C:042F    l_CSEG
  0C:04FD    s_CONST
  0C:04FD    s_XINIT



Hexadecimal

Area                               Addr   Size   Decimal Bytes (Attributes)
--------------------------------   ----   ----   ------- ----- ------------
.  .ABS.                           0000   0000 =      0. bytes (ABS,CON)

      Value  Global
   --------  --------------------------------
     0080    G$P0$0$0
     0080    _P0
     0081    G$SP$0$0
     0081    _SP
     0082    G$DPL$0$0
     0082    _DPL
     0083    G$DPH$0$0
     0083    G$M2DIR$0$0
     0083    G$Motor2Dir$0$0
     0083    _DPH
     0083    _M2DIR
     0083    _Motor2Dir
     0084    G$M2STEP$0$0
     0084    G$Motor2Step$0$0
     0084    _M2STEP
     0084    _Motor2Step
     0085    G$NDRIVEREN$0$0
     0085    G$NotDriverEN$0$0
     0085    _NDRIVEREN
     0085    _NotDriverEN
     0086    G$Motor1Dir$0$0
     0086    _Motor1Dir
     0087    G$M1STEP$0$0
     0087    G$Motor1Step$0$0
     0087    G$PCON$0$0
     0087    _M1STEP
     0087    _Motor1Step
     0087    _PCON
     0088    G$IT0$0$0
     0088    G$TCON$0$0
     0088    _IT0
     0088    _TCON
     0089    G$IE0$0$0
     0089    G$TMOD$0$0
     0089    _IE0
     0089    _TMOD
     008A    G$IT1$0$0
     008A    G$TL0$0$0
     008A    _IT1
     008A    _TL0
     008B    G$IE1$0$0
     008B    G$TL1$0$0
     008B    _IE1
     008B    _TL1
     008C    G$TH0$0$0
     008C    G$TR0$0$0
     008C    _TH0
     008C    _TR0
     008D    G$TF0$0$0
     008D    G$TH1$0$0
     008D    _TF0
     008D    _TH1
     008E    G$CKCON$0$0
     008E    G$TR1$0$0
     008E    _CKCON
     008E    _TR1
     008F    G$PSCTL$0$0
     008F    G$TF1$0$0
     008F    _PSCTL
     008F    _TF1
     0090    G$INTTL$0$0
     0090    G$P1$0$0
     0090    _INTTL
     0090    _P1
     0091    G$OUTTTL$0$0
     0091    G$TMR3CN$0$0
     0091    _OUTTTL
     0091    _TMR3CN
     0092    G$LASER$0$0
     0092    G$TMR3RLL$0$0
     0092    _LASER
     0092    _TMR3RLL
     0093    G$TMR3RLH$0$0
     0093    _TMR3RLH
     0094    G$NDACCS$0$0
     0094    G$TMR3L$0$0
     0094    _NDACCS
     0094    _TMR3L
     0095    G$TMR3H$0$0
     0095    _TMR3H
     0096    G$M1DIR$0$0
     0096    G$USB0ADR$0$0
     0096    _M1DIR
     0096    _USB0ADR
     0097    G$CAL$0$0
     0097    G$USB0DAT$0$0
     0097    _CAL
     0097    _USB0DAT
     0098    G$RI0$0$0
     0098    G$SCON0$0$0
     0098    _RI0
     0098    _SCON0
     0099    G$SBUF0$0$0
     0099    G$TI0$0$0
     0099    _SBUF0
     0099    _TI0
     009A    G$CPT1CN$0$0
     009A    G$RB80$0$0
     009A    _CPT1CN
     009A    _RB80
     009B    G$CPT0CN$0$0
     009B    G$TB80$0$0
     009B    _CPT0CN
     009B    _TB80
     009C    G$CPT1MD$0$0
     009C    G$REN0$0$0
     009C    _CPT1MD
     009C    _REN0
     009D    G$CPT0MD$0$0
     009D    G$MCE0$0$0
     009D    _CPT0MD
     009D    _MCE0
     009E    G$CPT1MX$0$0
     009E    _CPT1MX
     009F    G$CPT0MX$0$0
     009F    G$S0MODE$0$0
     009F    _CPT0MX
     009F    _S0MODE
     00A0    G$P2$0$0
     00A0    G$POS$0$0
     00A0    _P2
     00A0    _POS
     00A0    __XPAGE
     00A1    G$NADCCS$0$0
     00A1    G$SPI0CFG$0$0
     00A1    G$SPICFG$0$0
     00A1    _NADCCS
     00A1    _SPI0CFG
     00A1    _SPICFG
     00A2    G$ERRORPIN$0$0
     00A2    G$SPI0CKR$0$0
     00A2    G$SPICKR$0$0
     00A2    _ERRORPIN
     00A2    _SPI0CKR
     00A2    _SPICKR
     00A3    G$OUTPUTEN$0$0
     00A3    G$SPI0DAT$0$0
     00A3    G$SPIDAT$0$0
     00A3    _OUTPUTEN
     00A3    _SPI0DAT
     00A3    _SPIDAT
     00A4    G$P0MDOUT$0$0
     00A4    _P0MDOUT
     00A5    G$P1MDOUT$0$0
     00A5    _P1MDOUT
     00A6    G$NRAMCS$0$0
     00A6    G$P2MDOUT$0$0
     00A6    _NRAMCS
     00A6    _P2MDOUT
     00A7    G$NRAMHOLD$0$0
     00A7    G$P3MDOUT$0$0
     00A7    _NRAMHOLD
     00A7    _P3MDOUT
     00A8    G$EX0$0$0
     00A8    G$IE$0$0
     00A8    _EX0
     00A8    _IE
     00A9    G$CLKSEL$0$0
     00A9    G$ET0$0$0
     00A9    _CLKSEL
     00A9    _ET0
     00AA    G$EMI0CN$0$0
     00AA    G$EX1$0$0
     00AA    _EMI0CN
     00AA    _EX1
     00AB    G$ET1$0$0
     00AB    _ET1
     00AC    G$ES0$0$0
     00AC    _ES0
     00AD    G$ET2$0$0
     00AD    _ET2
     00AE    G$ESPI0$0$0
     00AE    _ESPI0
     00AF    G$EA$0$0
     00AF    _EA
     00B0    G$P3$0$0
     00B0    _P3
     00B1    G$OSCXCN$0$0
     00B1    _OSCXCN
     00B2    G$OSCICN$0$0
     00B2    _OSCICN
     00B3    G$OSCICL$0$0
     00B3    _OSCICL
     00B6    G$FLSCL$0$0
     00B6    _FLSCL
     00B7    G$FLKEY$0$0
     00B7    _FLKEY
     00B8    G$IP$0$0
     00B8    G$PX0$0$0
     00B8    _IP
     00B8    _PX0
     00B9    G$CLKMUL$0$0
     00B9    G$PT0$0$0
     00B9    _CLKMUL
     00B9    _PT0
     00BA    G$AMX0N$0$0
     00BA    G$PX1$0$0
     00BA    _AMX0N
     00BA    _PX1
     00BB    G$AMX0P$0$0
     00BB    G$PT1$0$0
     00BB    _AMX0P
     00BB    _PT1
     00BC    G$ADC0CF$0$0
     00BC    G$PS0$0$0
     00BC    _ADC0CF
     00BC    _PS0
     00BD    G$ADC0L$0$0
     00BD    G$PT2$0$0
     00BD    _ADC0L
     00BD    _PT2
     00BE    G$ADC0H$0$0
     00BE    G$PSPI0$0$0
     00BE    _ADC0H
     00BE    _PSPI0
     00C0    G$SI$0$0
     00C0    G$SMB0CN$0$0
     00C0    _SI
     00C0    _SMB0CN
     00C1    G$ACK$0$0
     00C1    G$SMB0CF$0$0
     00C1    _ACK
     00C1    _SMB0CF
     00C2    G$ARBLOST$0$0
     00C2    G$SMB0DAT$0$0
     00C2    _ARBLOST
     00C2    _SMB0DAT
     00C3    G$ACKRQ$0$0
     00C3    G$ADC0GTL$0$0
     00C3    _ACKRQ
     00C3    _ADC0GTL
     00C4    G$ADC0GTH$0$0
     00C4    G$STO$0$0
     00C4    _ADC0GTH
     00C4    _STO
     00C5    G$ADC0LTL$0$0
     00C5    G$STA$0$0
     00C5    _ADC0LTL
     00C5    _STA
     00C6    G$ADC0LTH$0$0
     00C6    G$TXMODE$0$0
     00C6    _ADC0LTH
     00C6    _TXMODE
     00C7    G$MASTER$0$0
     00C7    _MASTER
     00C8    G$T2XCLK$0$0
     00C8    G$TMR2CN$0$0
     00C8    _T2XCLK
     00C8    _TMR2CN
     00C9    G$REG0CN$0$0
     00C9    _REG0CN
     00CA    G$TMR2RLL$0$0
     00CA    G$TR2$0$0
     00CA    _TMR2RLL
     00CA    _TR2
     00CB    G$T2SPLIT$0$0
     00CB    G$TMR2RLH$0$0
     00CB    _T2SPLIT
     00CB    _TMR2RLH
     00CC    G$T2SOF$0$0
     00CC    G$TMR2L$0$0
     00CC    _T2SOF
     00CC    _TMR2L
     00CD    G$TF2LEN$0$0
     00CD    G$TMR2H$0$0
     00CD    _TF2LEN
     00CD    _TMR2H
     00CE    G$TF2L$0$0
     00CE    _TF2L
     00CF    G$TF2H$0$0
     00CF    _TF2H
     00D0    G$P$0$0
     00D0    G$PSW$0$0
     00D0    _P
     00D0    _PSW
     00D1    G$F1$0$0
     00D1    G$REF0CN$0$0
     00D1    _F1
     00D1    _REF0CN
     00D2    G$OV$0$0
     00D2    _OV
     00D3    G$RS0$0$0
     00D3    _RS0
     00D4    G$P0SKIP$0$0
     00D4    G$RS1$0$0
     00D4    _P0SKIP
     00D4    _RS1
     00D5    G$F0$0$0
     00D5    G$P1SKIP$0$0
     00D5    _F0
     00D5    _P1SKIP
     00D6    G$AC$0$0
     00D6    G$P2SKIP$0$0
     00D6    _AC
     00D6    _P2SKIP
     00D7    G$CY$0$0
     00D7    G$USB0XCN$0$0
     00D7    _CY
     00D7    _USB0XCN
     00D8    G$CCF0$0$0
     00D8    G$PCA0CN$0$0
     00D8    _CCF0
     00D8    _PCA0CN
     00D9    G$CCF1$0$0
     00D9    G$PCA0MD$0$0
     00D9    _CCF1
     00D9    _PCA0MD
     00DA    G$CCF2$0$0
     00DA    G$PCA0CPM0$0$0
     00DA    _CCF2
     00DA    _PCA0CPM0
     00DB    G$CCF3$0$0
     00DB    G$PCA0CPM1$0$0
     00DB    _CCF3
     00DB    _PCA0CPM1
     00DC    G$CCF4$0$0
     00DC    G$PCA0CPM2$0$0
     00DC    _CCF4
     00DC    _PCA0CPM2
     00DD    G$PCA0CPM3$0$0
     00DD    _PCA0CPM3
     00DE    G$CR$0$0
     00DE    G$PCA0CPM4$0$0
     00DE    _CR
     00DE    _PCA0CPM4
     00DF    G$CF$0$0
     00DF    _CF
     00E0    G$ACC$0$0
     00E0    _ACC
     00E1    G$XBR0$0$0
     00E1    _XBR0
     00E2    G$XBR1$0$0
     00E2    _XBR1
     00E4    G$IT01CF$0$0
     00E4    _IT01CF
     00E6    G$EIE1$0$0
     00E6    _EIE1
     00E7    G$EIE2$0$0
     00E7    _EIE2
     00E8    G$AD0CM0$0$0
     00E8    G$ADC0CN$0$0
     00E8    _AD0CM0
     00E8    _ADC0CN
     00E9    G$AD0CM1$0$0
     00E9    G$PCA0CPL1$0$0
     00E9    _AD0CM1
     00E9    _PCA0CPL1
     00EA    G$AD0CM2$0$0
     00EA    G$PCA0CPH1$0$0
     00EA    _AD0CM2
     00EA    _PCA0CPH1
     00EB    G$AD0WINT$0$0
     00EB    G$PCA0CPL2$0$0
     00EB    _AD0WINT
     00EB    _PCA0CPL2
     00EC    G$AD0BUSY$0$0
     00EC    G$PCA0CPH2$0$0
     00EC    _AD0BUSY
     00EC    _PCA0CPH2
     00ED    G$AD0INT$0$0
     00ED    G$PCA0CPL3$0$0
     00ED    _AD0INT
     00ED    _PCA0CPL3
     00EE    G$AD0TM$0$0
     00EE    G$PCA0CPH3$0$0
     00EE    _AD0TM
     00EE    _PCA0CPH3
     00EF    G$AD0EN$0$0
     00EF    G$RSTSRC$0$0
     00EF    _AD0EN
     00EF    _RSTSRC
     00F0    G$B$0$0
     00F0    _B
     00F1    G$P0MDIN$0$0
     00F1    _P0MDIN
     00F2    G$P1MDIN$0$0
     00F2    _P1MDIN
     00F3    G$P2MDIN$0$0
     00F3    _P2MDIN
     00F4    G$P3MDIN$0$0
     00F4    _P3MDIN
     00F6    G$EIP1$0$0
     00F6    _EIP1
     00F7    G$EIP2$0$0
     00F7    _EIP2
     00F8    G$SPI0CN$0$0
     00F8    G$SPIEN$0$0
     00F8    _SPI0CN
     00F8    _SPIEN
     00F9    G$PCA0L$0$0
     00F9    G$TXBMT$0$0
     00F9    _PCA0L
     00F9    _TXBMT
     00FA    G$NSSMD0$0$0
     00FA    G$PCA0H$0$0
     00FA    _NSSMD0
     00FA    _PCA0H
     00FB    G$NSSMD1$0$0
     00FB    G$PCA0CPL0$0$0
     00FB    _NSSMD1
     00FB    _PCA0CPL0
     00FC    G$PCA0CPH0$0$0
     00FC    G$RXOVRN$0$0
     00FC    _PCA0CPH0
     00FC    _RXOVRN
     00FD    G$MODF$0$0
     00FD    G$PCA0CPL4$0$0
     00FD    _MODF
     00FD    _PCA0CPL4
     00FE    G$PCA0CPH4$0$0
     00FE    G$WCOL$0$0
     00FE    _PCA0CPH4
     00FE    _WCOL
     00FF    G$SPIF$0$0
     00FF    G$VDM0CN$0$0
     00FF    _SPIF
     00FF    _VDM0CN
     8382    G$DP$0$0
     8382    _DP
     9392    G$TMR3RL$0$0
     9392    _TMR3RL
     9594    G$TMR3$0$0
     9594    _TMR3
     BEBD    G$ADC0$0$0
     BEBD    _ADC0
     C4C3    G$ADC0GT$0$0
     C4C3    _ADC0GT
     C6C5    G$ADC0LT$0$0
     C6C5    _ADC0LT
     CBCA    G$TMR2RL$0$0
     CBCA    _TMR2RL
     CDCC    G$TMR2$0$0
     CDCC    _TMR2
     EAE9    G$PCA0CP1$0$0
     EAE9    _PCA0CP1
     ECEB    G$PCA0CP2$0$0
     ECEB    _PCA0CP2
     EEED    G$PCA0CP3$0$0
     EEED    _PCA0CP3
     FAF9    G$PCA0$0$0
     FAF9    _PCA0
     FCFB    G$PCA0CP0$0$0
     FCFB    _PCA0CP0
     FEFD    G$PCA0CP4$0$0
     FEFD    _PCA0CP4









Hexadecimal

Area                               Addr   Size   Decimal Bytes (Attributes)
--------------------------------   ----   ----   ------- ----- ------------
DSEG                               0000   0080 =    128. bytes (REL,CON)

      Value  Global
   --------  --------------------------------
     0008    G$Writing_to_DAC$0$0
     0008    _Writing_to_DAC
     000A    G$Writing_to_ADC$0$0
     000A    _Writing_to_ADC
     000C    G$Writing_to_RAM$0$0
     000C    _Writing_to_RAM
     000E    G$SPI_DAC_Bytes$0$0
     000E    _SPI_DAC_Bytes
     0010    G$SPI_ADC_Bytes$0$0
     0010    _SPI_ADC_Bytes
     0012    G$SPI_RAM_Bytes$0$0
     0012    _SPI_RAM_Bytes
     0014    G$ADC_timer$0$0
     0014    _ADC_timer
     0016    G$ADC_settled$0$0
     0016    _ADC_settled
     0018    G$ADC_timer_MSB$0$0
     0018    _ADC_timer_MSB
     001A    G$latest_ADC_HighByte$0$0
     001A    _latest_ADC_HighByte
     001C    G$latest_ADC_LowByte$0$0
     001C    _latest_ADC_LowByte
     001E    G$Write_to_RAM$0$0
     001E    _Write_to_RAM
     0020    G$RAM_to_ptr_low$0$0
     0020    _RAM_to_ptr_low
     0021    G$RAM_to_ptr_high$0$0
     0021    _RAM_to_ptr_high
     0022    G$RAM_from_ptr_low$0$0
     0022    _RAM_from_ptr_low
     0023    G$RAM_from_ptr_high$0$0
     0023    _RAM_from_ptr_high
     0024    G$loop_cnt$0$0
     0024    _loop_cnt



Hexadecimal

Area                               Addr   Size   Decimal Bytes (Attributes)
--------------------------------   ----   ----   ------- ----- ------------
SSEG                               0026   00DA =    218. bytes (REL,OVR)

      Value  Global
   --------  --------------------------------
     0026    __start__stack





Hexadecimal

Area                               Addr   Size   Decimal Bytes (Attributes)
--------------------------------   ----   ----   ------- ----- ------------
HOME                               0000   003B =     59. bytes (REL,CON,CODE)

      Value  Global
   --------  --------------------------------
  0C:0000    A$potentiostat_HWtestingMain$831
  0C:0003    A$potentiostat_HWtestingMain$832
  0C:000B    A$potentiostat_HWtestingMain$834
  0C:0013    A$potentiostat_HWtestingMain$836
  0C:001B    A$potentiostat_HWtestingMain$838
  0C:0023    A$potentiostat_HWtestingMain$840
  0C:002B    A$potentiostat_HWtestingMain$842
  0C:0033    A$potentiostat_HWtestingMain$844
  0C:0036    A$potentiostat_HWtestingMain$932
  0C:0036    __sdcc_program_startup
  0C:0039    A$potentiostat_HWtestingMain$934

Hexadecimal

Area                               Addr   Size   Decimal Bytes (Attributes)
--------------------------------   ----   ----   ------- ----- ------------
GSINIT0                            003B   0003 =      3. bytes (REL,CON,CODE)

      Value  Global
   --------  --------------------------------
  0C:003B    __sdcc_gsinit_startup



Hexadecimal

Area                               Addr   Size   Decimal Bytes (Attributes)
--------------------------------   ----   ----   ------- ----- ------------
GSINIT3                            0048   0022 =     34. bytes (REL,CON,CODE)

      Value  Global
   --------  --------------------------------
  0C:0048    __mcs51_genXINIT

Hexadecimal

Area                               Addr   Size   Decimal Bytes (Attributes)
--------------------------------   ----   ----   ------- ----- ------------
GSINIT4                            006A   002A =     42. bytes (REL,CON,CODE)

      Value  Global
   --------  --------------------------------
  0C:006A    __mcs51_genRAMCLEAR
  0C:0070    __mcs51_genXRAMCLEAR


Hexadecimal

Area                               Addr   Size   Decimal Bytes (Attributes)
--------------------------------   ----   ----   ------- ----- ------------
GSINIT                             0094   0037 =     55. bytes (REL,CON,CODE)

      Value  Global
   --------  --------------------------------
  0C:0094    A$potentiostat_HWtestingMain$861
  0C:0094    C$potentiostat_HWtestingMain.c$86$1$1
  0C:0095    A$potentiostat_HWtestingMain$862
  0C:0097    A$potentiostat_HWtestingMain$863
  0C:0099    A$potentiostat_HWtestingMain$867
  0C:0099    C$potentiostat_HWtestingMain.c$87$1$1
  0C:009A    A$potentiostat_HWtestingMain$868
  0C:009C    A$potentiostat_HWtestingMain$869
  0C:009E    A$potentiostat_HWtestingMain$873
  0C:009E    C$potentiostat_HWtestingMain.c$88$1$1
  0C:009F    A$potentiostat_HWtestingMain$874
  0C:00A1    A$potentiostat_HWtestingMain$875
  0C:00A3    A$potentiostat_HWtestingMain$879
  0C:00A3    C$potentiostat_HWtestingMain.c$89$1$1
  0C:00A4    A$potentiostat_HWtestingMain$880
  0C:00A6    A$potentiostat_HWtestingMain$881
  0C:00A8    A$potentiostat_HWtestingMain$885
  0C:00A8    C$potentiostat_HWtestingMain.c$90$1$1
  0C:00A9    A$potentiostat_HWtestingMain$886
  0C:00AB    A$potentiostat_HWtestingMain$887
  0C:00AD    A$potentiostat_HWtestingMain$891
  0C:00AD    C$potentiostat_HWtestingMain.c$91$1$1
  0C:00AE    A$potentiostat_HWtestingMain$892
  0C:00B0    A$potentiostat_HWtestingMain$893
  0C:00B2    A$potentiostat_HWtestingMain$897
  0C:00B2    C$potentiostat_HWtestingMain.c$92$1$1
  0C:00B3    A$potentiostat_HWtestingMain$898
  0C:00B5    A$potentiostat_HWtestingMain$899
  0C:00B7    A$potentiostat_HWtestingMain$903
  0C:00B7    C$potentiostat_HWtestingMain.c$93$1$1
  0C:00B8    A$potentiostat_HWtestingMain$904
  0C:00BA    A$potentiostat_HWtestingMain$905
  0C:00BC    A$potentiostat_HWtestingMain$909
  0C:00BC    C$potentiostat_HWtestingMain.c$94$1$1
  0C:00BD    A$potentiostat_HWtestingMain$910
  0C:00BF    A$potentiostat_HWtestingMain$911
  0C:00C1    A$potentiostat_HWtestingMain$915
  0C:00C1    C$potentiostat_HWtestingMain.c$97$1$1
  0C:00C2    A$potentiostat_HWtestingMain$916
  0C:00C4    A$potentiostat_HWtestingMain$917
  0C:00C6    A$potentiostat_HWtestingMain$921
  0C:00C6    C$potentiostat_HWtestingMain.c$104$1$1
  0C:00C7    A$potentiostat_HWtestingMain$922
  0C:00C9    A$potentiostat_HWtestingMain$923

Hexadecimal

Area                               Addr   Size   Decimal Bytes (Attributes)
--------------------------------   ----   ----   ------- ----- ------------
GSFINAL                            00CB   0003 =      3. bytes (REL,CON,CODE)

      Value  Global
   --------  --------------------------------
  0C:00CB    A$potentiostat_HWtestingMain$925

Hexadecimal

Area                               Addr   Size   Decimal Bytes (Attributes)
--------------------------------   ----   ----   ------- ----- ------------
CSEG                               00CE   042F =   1071. bytes (REL,CON,CODE)

      Value  Global
   --------  --------------------------------
  0C:00CE    A$potentiostat_HWtestingMain$960
  0C:00CE    C$potentiostat_HWtestingMain.c$109$0$0
  0C:00CE    C$potentiostat_HWtestingMain.c$111$1$1
  0C:00CE    G$main$0$0
  0C:00CE    _main
  0C:00D1    A$potentiostat_HWtestingMain$963
  0C:00D1    C$potentiostat_HWtestingMain.c$113$1$1
  0C:00D3    A$potentiostat_HWtestingMain$968
  0C:00D3    C$potentiostat_HWtestingMain.c$114$1$1
  0C:00D3    C$potentiostat_HWtestingMain.c$115$1$1
  0C:00D4    A$potentiostat_HWtestingMain$969
  0C:00D6    A$potentiostat_HWtestingMain$970
  0C:00D8    A$potentiostat_HWtestingMain$971
  0C:00DA    A$potentiostat_HWtestingMain$972
  0C:00DC    A$potentiostat_HWtestingMain$975
  0C:00DC    C$potentiostat_HWtestingMain.c$117$1$1
  0C:00DF    A$potentiostat_HWtestingMain$978
  0C:00DF    C$potentiostat_HWtestingMain.c$120$1$1
  0C:00E2    A$potentiostat_HWtestingMain$981
  0C:00E2    C$potentiostat_HWtestingMain.c$122$1$1
  0C:00E5    A$potentiostat_HWtestingMain$984
  0C:00E5    C$potentiostat_HWtestingMain.c$126$1$1
  0C:00E7    A$potentiostat_HWtestingMain$987
  0C:00E7    C$potentiostat_HWtestingMain.c$128$1$1
  0C:00EA    A$potentiostat_HWtestingMain$990
  0C:00EA    C$potentiostat_HWtestingMain.c$129$1$1
  0C:00ED    A$potentiostat_HWtestingMain$993
  0C:00ED    C$potentiostat_HWtestingMain.c$131$1$1
  0C:00EF    A$potentiostat_HWtestingMain$996
  0C:00EF    C$potentiostat_HWtestingMain.c$132$1$1
  0C:00F1    A$potentiostat_HWtestingMain$999
  0C:00F1    C$potentiostat_HWtestingMain.c$151$1$1
  0C:00F3    A$potentiostat_HWtestingMain$1002
  0C:00F3    C$potentiostat_HWtestingMain.c$152$1$1
  0C:00F5    A$potentiostat_HWtestingMain$1005
  0C:00F5    C$potentiostat_HWtestingMain.c$153$1$1
  0C:00F8    A$potentiostat_HWtestingMain$1006
  0C:00F9    A$potentiostat_HWtestingMain$1007
  0C:00FB    A$potentiostat_HWtestingMain$1010
  0C:00FB    C$potentiostat_HWtestingMain.c$154$1$1
  0C:00FE    A$potentiostat_HWtestingMain$1014
  0C:00FE    C$potentiostat_HWtestingMain.c$155$1$1
  0C:0100    A$potentiostat_HWtestingMain$1015
  0C:0103    A$potentiostat_HWtestingMain$1016
  0C:0104    A$potentiostat_HWtestingMain$1017
  0C:0107    A$potentiostat_HWtestingMain$1018
  0C:0109    A$potentiostat_HWtestingMain$1020
  0C:010B    A$potentiostat_HWtestingMain$1024
  0C:010B    C$potentiostat_HWtestingMain.c$158$1$1
  0C:010E    A$potentiostat_HWtestingMain$1028
  0C:010E    C$potentiostat_HWtestingMain.c$159$1$1
  0C:0110    A$potentiostat_HWtestingMain$1029
  0C:0113    A$potentiostat_HWtestingMain$1030
  0C:0114    A$potentiostat_HWtestingMain$1031
  0C:0117    A$potentiostat_HWtestingMain$1032
  0C:0119    A$potentiostat_HWtestingMain$1034
  0C:011B    A$potentiostat_HWtestingMain$1038
  0C:011B    C$potentiostat_HWtestingMain.c$162$1$1
  0C:011E    A$potentiostat_HWtestingMain$1042
  0C:011E    C$potentiostat_HWtestingMain.c$163$1$1
  0C:0120    A$potentiostat_HWtestingMain$1043
  0C:0123    A$potentiostat_HWtestingMain$1044
  0C:0124    A$potentiostat_HWtestingMain$1045
  0C:0127    A$potentiostat_HWtestingMain$1046
  0C:0129    A$potentiostat_HWtestingMain$1048
  0C:012B    A$potentiostat_HWtestingMain$1052
  0C:012B    C$potentiostat_HWtestingMain.c$164$1$1
  0C:012C    A$potentiostat_HWtestingMain$1053
  0C:012E    A$potentiostat_HWtestingMain$1054
  0C:0130    A$potentiostat_HWtestingMain$1057
  0C:0130    C$potentiostat_HWtestingMain.c$165$1$1
  0C:0132    A$potentiostat_HWtestingMain$1060
  0C:0132    C$potentiostat_HWtestingMain.c$166$1$1
  0C:0133    A$potentiostat_HWtestingMain$1061
  0C:0135    A$potentiostat_HWtestingMain$1062
  0C:0137    A$potentiostat_HWtestingMain$1065
  0C:0137    C$potentiostat_HWtestingMain.c$173$1$1
  0C:0139    A$potentiostat_HWtestingMain$1068
  0C:0139    C$potentiostat_HWtestingMain.c$174$1$1
  0C:013C    A$potentiostat_HWtestingMain$1069
  0C:013D    A$potentiostat_HWtestingMain$1070
  0C:013F    A$potentiostat_HWtestingMain$1073
  0C:013F    C$potentiostat_HWtestingMain.c$175$1$1
  0C:0142    A$potentiostat_HWtestingMain$1077
  0C:0142    C$potentiostat_HWtestingMain.c$176$1$1
  0C:0144    A$potentiostat_HWtestingMain$1078
  0C:0147    A$potentiostat_HWtestingMain$1079
  0C:0148    A$potentiostat_HWtestingMain$1080
  0C:014B    A$potentiostat_HWtestingMain$1081
  0C:014D    A$potentiostat_HWtestingMain$1083
  0C:014F    A$potentiostat_HWtestingMain$1087
  0C:014F    C$potentiostat_HWtestingMain.c$177$1$1
  0C:0152    A$potentiostat_HWtestingMain$1091
  0C:0152    C$potentiostat_HWtestingMain.c$178$1$1
  0C:0154    A$potentiostat_HWtestingMain$1092
  0C:0157    A$potentiostat_HWtestingMain$1093
  0C:0158    A$potentiostat_HWtestingMain$1094
  0C:015B    A$potentiostat_HWtestingMain$1095
  0C:015D    A$potentiostat_HWtestingMain$1097
  0C:015F    A$potentiostat_HWtestingMain$1101
  0C:015F    C$potentiostat_HWtestingMain.c$179$1$1
  0C:0160    A$potentiostat_HWtestingMain$1102
  0C:0162    A$potentiostat_HWtestingMain$1103
  0C:0164    A$potentiostat_HWtestingMain$1106
  0C:0164    C$potentiostat_HWtestingMain.c$180$1$1
  0C:0166    A$potentiostat_HWtestingMain$1109
  0C:0166    C$potentiostat_HWtestingMain.c$181$1$1
  0C:0167    A$potentiostat_HWtestingMain$1110
  0C:0169    A$potentiostat_HWtestingMain$1111
  0C:016B    A$potentiostat_HWtestingMain$1117
  0C:016B    C$potentiostat_HWtestingMain.c$183$1$1
  0C:016B    C$potentiostat_HWtestingMain.c$185$2$7
  0C:016D    A$potentiostat_HWtestingMain$1118
  0C:016F    A$potentiostat_HWtestingMain$1119
  0C:0171    A$potentiostat_HWtestingMain$1122
  0C:0171    C$potentiostat_HWtestingMain.c$187$3$8
  0C:0174    A$potentiostat_HWtestingMain$1125
  0C:0174    C$potentiostat_HWtestingMain.c$189$3$8
  0C:0177    A$potentiostat_HWtestingMain$1128
  0C:0177    C$potentiostat_HWtestingMain.c$193$1$1
  0C:0177    XG$main$0$0
  0C:0179    A$potentiostat_HWtestingMain$1143
  0C:0179    C$potentiostat_HWtestingMain.c$214$1$1
  0C:0179    C$potentiostat_HWtestingMain.c$220$1$1
  0C:0179    G$SYSCLK_Init$0$0
  0C:0179    _SYSCLK_Init
  0C:017C    A$potentiostat_HWtestingMain$1146
  0C:017C    C$potentiostat_HWtestingMain.c$223$1$1
  0C:017F    A$potentiostat_HWtestingMain$1149
  0C:017F    C$potentiostat_HWtestingMain.c$224$1$1
  0C:0182    A$potentiostat_HWtestingMain$1152
  0C:0182    C$potentiostat_HWtestingMain.c$226$1$1
  0C:0184    A$potentiostat_HWtestingMain$1153
  0C:0186    A$potentiostat_HWtestingMain$1155
  0C:0187    A$potentiostat_HWtestingMain$1156
  0C:0188    A$potentiostat_HWtestingMain$1157
  0C:018A    A$potentiostat_HWtestingMain$1158
  0C:018B    A$potentiostat_HWtestingMain$1159
  0C:018D    A$potentiostat_HWtestingMain$1160
  0C:018F    A$potentiostat_HWtestingMain$1161
  0C:0191    A$potentiostat_HWtestingMain$1162
  0C:0192    A$potentiostat_HWtestingMain$1163
  0C:0195    A$potentiostat_HWtestingMain$1164
  0C:0196    A$potentiostat_HWtestingMain$1165
  0C:0198    A$potentiostat_HWtestingMain$1169
  0C:0198    C$potentiostat_HWtestingMain.c$227$1$1
  0C:019B    A$potentiostat_HWtestingMain$1173
  0C:019B    C$potentiostat_HWtestingMain.c$229$1$1
  0C:019D    A$potentiostat_HWtestingMain$1174
  0C:019F    A$potentiostat_HWtestingMain$1175
  0C:01A0    A$potentiostat_HWtestingMain$1176
  0C:01A3    A$potentiostat_HWtestingMain$1177
  0C:01A5    A$potentiostat_HWtestingMain$1179
  0C:01A6    A$potentiostat_HWtestingMain$1180
  0C:01A8    A$potentiostat_HWtestingMain$1184
  0C:01A8    C$potentiostat_HWtestingMain.c$230$1$1
  0C:01AB    A$potentiostat_HWtestingMain$1187
  0C:01AB    C$potentiostat_HWtestingMain.c$233$1$1
  0C:01AE    A$potentiostat_HWtestingMain$1190
  0C:01AE    C$potentiostat_HWtestingMain.c$234$1$1
  0C:01AE    XG$SYSCLK_Init$0$0
  0C:01AF    A$potentiostat_HWtestingMain$1204
  0C:01AF    C$potentiostat_HWtestingMain.c$272$1$1
  0C:01AF    C$potentiostat_HWtestingMain.c$275$1$1
  0C:01AF    G$PORT_Init$0$0
  0C:01AF    _PORT_Init
  0C:01B2    A$potentiostat_HWtestingMain$1207
  0C:01B2    C$potentiostat_HWtestingMain.c$276$1$1
  0C:01B5    A$potentiostat_HWtestingMain$1210
  0C:01B5    C$potentiostat_HWtestingMain.c$277$1$1
  0C:01B8    A$potentiostat_HWtestingMain$1213
  0C:01B8    C$potentiostat_HWtestingMain.c$278$1$1
  0C:01BB    A$potentiostat_HWtestingMain$1216
  0C:01BB    C$potentiostat_HWtestingMain.c$281$1$1
  0C:01BE    A$potentiostat_HWtestingMain$1219
  0C:01BE    C$potentiostat_HWtestingMain.c$282$1$1
  0C:01C1    A$potentiostat_HWtestingMain$1222
  0C:01C1    C$potentiostat_HWtestingMain.c$283$1$1
  0C:01C4    A$potentiostat_HWtestingMain$1225
  0C:01C4    C$potentiostat_HWtestingMain.c$284$1$1
  0C:01C7    A$potentiostat_HWtestingMain$1228
  0C:01C7    C$potentiostat_HWtestingMain.c$287$1$1
  0C:01CA    A$potentiostat_HWtestingMain$1231
  0C:01CA    C$potentiostat_HWtestingMain.c$288$1$1
  0C:01CD    A$potentiostat_HWtestingMain$1234
  0C:01CD    C$potentiostat_HWtestingMain.c$289$1$1
  0C:01D0    A$potentiostat_HWtestingMain$1237
  0C:01D0    C$potentiostat_HWtestingMain.c$295$1$1
  0C:01D3    A$potentiostat_HWtestingMain$1240
  0C:01D3    C$potentiostat_HWtestingMain.c$299$1$1
  0C:01D6    A$potentiostat_HWtestingMain$1243
  0C:01D6    C$potentiostat_HWtestingMain.c$314$1$1
  0C:01D8    A$potentiostat_HWtestingMain$1246
  0C:01D8    C$potentiostat_HWtestingMain.c$315$1$1
  0C:01DA    A$potentiostat_HWtestingMain$1249
  0C:01DA    C$potentiostat_HWtestingMain.c$316$1$1
  0C:01DC    A$potentiostat_HWtestingMain$1252
  0C:01DC    C$potentiostat_HWtestingMain.c$317$1$1
  0C:01DE    A$potentiostat_HWtestingMain$1255
  0C:01DE    C$potentiostat_HWtestingMain.c$318$1$1
  0C:01E0    A$potentiostat_HWtestingMain$1258
  0C:01E0    C$potentiostat_HWtestingMain.c$320$1$1
  0C:01E2    A$potentiostat_HWtestingMain$1261
  0C:01E2    C$potentiostat_HWtestingMain.c$321$1$1
  0C:01E4    A$potentiostat_HWtestingMain$1264
  0C:01E4    C$potentiostat_HWtestingMain.c$322$1$1
  0C:01E6    A$potentiostat_HWtestingMain$1267
  0C:01E6    C$potentiostat_HWtestingMain.c$323$1$1
  0C:01E8    A$potentiostat_HWtestingMain$1270
  0C:01E8    C$potentiostat_HWtestingMain.c$324$1$1
  0C:01EA    A$potentiostat_HWtestingMain$1273
  0C:01EA    C$potentiostat_HWtestingMain.c$325$1$1
  0C:01EC    A$potentiostat_HWtestingMain$1276
  0C:01EC    C$potentiostat_HWtestingMain.c$326$1$1
  0C:01EE    A$potentiostat_HWtestingMain$1279
  0C:01EE    C$potentiostat_HWtestingMain.c$327$1$1
  0C:01F0    A$potentiostat_HWtestingMain$1282
  0C:01F0    C$potentiostat_HWtestingMain.c$329$1$1
  0C:01F0    XG$PORT_Init$0$0
  0C:01F1    A$potentiostat_HWtestingMain$1296
  0C:01F1    C$potentiostat_HWtestingMain.c$342$1$1
  0C:01F1    C$potentiostat_HWtestingMain.c$345$1$1
  0C:01F1    G$Timer1_Init$0$0
  0C:01F1    _Timer1_Init
  0C:01F4    A$potentiostat_HWtestingMain$1299
  0C:01F4    C$potentiostat_HWtestingMain.c$347$1$1
  0C:01F7    A$potentiostat_HWtestingMain$1302
  0C:01F7    C$potentiostat_HWtestingMain.c$348$1$1
  0C:01FA    A$potentiostat_HWtestingMain$1305
  0C:01FA    C$potentiostat_HWtestingMain.c$357$1$1
  0C:01FD    A$potentiostat_HWtestingMain$1308
  0C:01FD    C$potentiostat_HWtestingMain.c$358$1$1
  0C:0200    A$potentiostat_HWtestingMain$1311
  0C:0200    C$potentiostat_HWtestingMain.c$361$1$1
  0C:0203    A$potentiostat_HWtestingMain$1314
  0C:0203    C$potentiostat_HWtestingMain.c$362$1$1
  0C:0206    A$potentiostat_HWtestingMain$1317
  0C:0206    C$potentiostat_HWtestingMain.c$365$1$1
  0C:0209    A$potentiostat_HWtestingMain$1320
  0C:0209    C$potentiostat_HWtestingMain.c$366$1$1
  0C:020C    A$potentiostat_HWtestingMain$1323
  0C:020C    C$potentiostat_HWtestingMain.c$371$1$1
  0C:020E    A$potentiostat_HWtestingMain$1326
  0C:020E    C$potentiostat_HWtestingMain.c$376$1$1
  0C:0211    A$potentiostat_HWtestingMain$1329
  0C:0211    C$potentiostat_HWtestingMain.c$381$1$1
  0C:0214    A$potentiostat_HWtestingMain$1332
  0C:0214    C$potentiostat_HWtestingMain.c$385$1$1
  0C:0216    A$potentiostat_HWtestingMain$1335
  0C:0216    C$potentiostat_HWtestingMain.c$386$1$1
  0C:0216    XG$Timer1_Init$0$0
  0C:0217    A$potentiostat_HWtestingMain$1350
  0C:0217    C$potentiostat_HWtestingMain.c$399$1$1
  0C:0217    C$potentiostat_HWtestingMain.c$401$1$1
  0C:0217    G$Timer2_Init$0$0
  0C:0217    _Timer2_Init
  0C:021A    A$potentiostat_HWtestingMain$1353
  0C:021A    C$potentiostat_HWtestingMain.c$403$1$1
  0C:021D    A$potentiostat_HWtestingMain$1356
  0C:021D    C$potentiostat_HWtestingMain.c$406$1$1
  0C:021E    A$potentiostat_HWtestingMain$1357
  0C:0220    A$potentiostat_HWtestingMain$1358
  0C:0222    A$potentiostat_HWtestingMain$1361
  0C:0222    C$potentiostat_HWtestingMain.c$407$1$1
  0C:0225    A$potentiostat_HWtestingMain$1362
  0C:0228    A$potentiostat_HWtestingMain$1365
  0C:0228    C$potentiostat_HWtestingMain.c$408$1$1
  0C:022A    A$potentiostat_HWtestingMain$1368
  0C:022A    C$potentiostat_HWtestingMain.c$409$1$1
  0C:022C    A$potentiostat_HWtestingMain$1371
  0C:022C    C$potentiostat_HWtestingMain.c$410$1$1
  0C:022C    XG$Timer2_Init$0$0
  0C:022D    A$potentiostat_HWtestingMain$1385
  0C:022D    C$potentiostat_HWtestingMain.c$423$1$1
  0C:022D    C$potentiostat_HWtestingMain.c$426$1$1
  0C:022D    G$SPI_Init$0$0
  0C:022D    _SPI_Init
  0C:022F    A$potentiostat_HWtestingMain$1388
  0C:022F    C$potentiostat_HWtestingMain.c$427$1$1
  0C:0231    A$potentiostat_HWtestingMain$1391
  0C:0231    C$potentiostat_HWtestingMain.c$428$1$1
  0C:0233    A$potentiostat_HWtestingMain$1394
  0C:0233    C$potentiostat_HWtestingMain.c$439$1$1
  0C:0236    A$potentiostat_HWtestingMain$1397
  0C:0236    C$potentiostat_HWtestingMain.c$450$1$1
  0C:0239    A$potentiostat_HWtestingMain$1400
  0C:0239    C$potentiostat_HWtestingMain.c$462$1$1
  0C:023C    A$potentiostat_HWtestingMain$1403
  0C:023C    C$potentiostat_HWtestingMain.c$465$1$1
  0C:023E    A$potentiostat_HWtestingMain$1406
  0C:023E    C$potentiostat_HWtestingMain.c$466$1$1
  0C:023E    XG$SPI_Init$0$0
  0C:023F    A$potentiostat_HWtestingMain$1420
  0C:023F    C$potentiostat_HWtestingMain.c$479$1$1
  0C:023F    C$potentiostat_HWtestingMain.c$481$1$1
  0C:023F    G$DAC_Init$0$0
  0C:023F    _DAC_Init
  0C:0242    A$potentiostat_HWtestingMain$1421
  0C:0243    A$potentiostat_HWtestingMain$1422
  0C:0245    A$potentiostat_HWtestingMain$1425
  0C:0245    C$potentiostat_HWtestingMain.c$494$1$1
  0C:0247    A$potentiostat_HWtestingMain$1428
  0C:0247    C$potentiostat_HWtestingMain.c$495$1$1
  0C:024A    A$potentiostat_HWtestingMain$1432
  0C:024A    C$potentiostat_HWtestingMain.c$496$1$1
  0C:024C    A$potentiostat_HWtestingMain$1433
  0C:024F    A$potentiostat_HWtestingMain$1434
  0C:0250    A$potentiostat_HWtestingMain$1435
  0C:0253    A$potentiostat_HWtestingMain$1436
  0C:0255    A$potentiostat_HWtestingMain$1438
  0C:0257    A$potentiostat_HWtestingMain$1442
  0C:0257    C$potentiostat_HWtestingMain.c$497$1$1
  0C:025A    A$potentiostat_HWtestingMain$1446
  0C:025A    C$potentiostat_HWtestingMain.c$498$1$1
  0C:025C    A$potentiostat_HWtestingMain$1447
  0C:025F    A$potentiostat_HWtestingMain$1448
  0C:0260    A$potentiostat_HWtestingMain$1449
  0C:0263    A$potentiostat_HWtestingMain$1450
  0C:0265    A$potentiostat_HWtestingMain$1452
  0C:0267    A$potentiostat_HWtestingMain$1456
  0C:0267    C$potentiostat_HWtestingMain.c$499$1$1
  0C:026A    A$potentiostat_HWtestingMain$1460
  0C:026A    C$potentiostat_HWtestingMain.c$500$1$1
  0C:026C    A$potentiostat_HWtestingMain$1461
  0C:026F    A$potentiostat_HWtestingMain$1462
  0C:0270    A$potentiostat_HWtestingMain$1463
  0C:0273    A$potentiostat_HWtestingMain$1464
  0C:0275    A$potentiostat_HWtestingMain$1466
  0C:0277    A$potentiostat_HWtestingMain$1470
  0C:0277    C$potentiostat_HWtestingMain.c$501$1$1
  0C:0279    A$potentiostat_HWtestingMain$1471
  0C:027B    A$potentiostat_HWtestingMain$1472
  0C:027D    A$potentiostat_HWtestingMain$1473
  0C:027F    A$potentiostat_HWtestingMain$1474
  0C:0281    A$potentiostat_HWtestingMain$1475
  0C:0283    A$potentiostat_HWtestingMain$1478
  0C:0283    C$potentiostat_HWtestingMain.c$502$1$1
  0C:0285    A$potentiostat_HWtestingMain$1481
  0C:0285    C$potentiostat_HWtestingMain.c$518$1$1
  0C:0287    A$potentiostat_HWtestingMain$1484
  0C:0287    C$potentiostat_HWtestingMain.c$519$1$1
  0C:028A    A$potentiostat_HWtestingMain$1488
  0C:028A    C$potentiostat_HWtestingMain.c$520$1$1
  0C:028C    A$potentiostat_HWtestingMain$1489
  0C:028F    A$potentiostat_HWtestingMain$1490
  0C:0290    A$potentiostat_HWtestingMain$1491
  0C:0293    A$potentiostat_HWtestingMain$1492
  0C:0295    A$potentiostat_HWtestingMain$1494
  0C:0297    A$potentiostat_HWtestingMain$1498
  0C:0297    C$potentiostat_HWtestingMain.c$521$1$1
  0C:029A    A$potentiostat_HWtestingMain$1502
  0C:029A    C$potentiostat_HWtestingMain.c$522$1$1
  0C:029C    A$potentiostat_HWtestingMain$1503
  0C:029F    A$potentiostat_HWtestingMain$1504
  0C:02A0    A$potentiostat_HWtestingMain$1505
  0C:02A3    A$potentiostat_HWtestingMain$1506
  0C:02A5    A$potentiostat_HWtestingMain$1508
  0C:02A7    A$potentiostat_HWtestingMain$1512
  0C:02A7    C$potentiostat_HWtestingMain.c$523$1$1
  0C:02AA    A$potentiostat_HWtestingMain$1516
  0C:02AA    C$potentiostat_HWtestingMain.c$524$1$1
  0C:02AC    A$potentiostat_HWtestingMain$1517
  0C:02AF    A$potentiostat_HWtestingMain$1518
  0C:02B0    A$potentiostat_HWtestingMain$1519
  0C:02B3    A$potentiostat_HWtestingMain$1520
  0C:02B5    A$potentiostat_HWtestingMain$1522
  0C:02B7    A$potentiostat_HWtestingMain$1526
  0C:02B7    C$potentiostat_HWtestingMain.c$525$1$1
  0C:02B9    A$potentiostat_HWtestingMain$1527
  0C:02BB    A$potentiostat_HWtestingMain$1528
  0C:02BD    A$potentiostat_HWtestingMain$1529
  0C:02BF    A$potentiostat_HWtestingMain$1530
  0C:02C1    A$potentiostat_HWtestingMain$1531
  0C:02C3    A$potentiostat_HWtestingMain$1534
  0C:02C3    C$potentiostat_HWtestingMain.c$526$1$1
  0C:02C5    A$potentiostat_HWtestingMain$1537
  0C:02C5    C$potentiostat_HWtestingMain.c$545$1$1
  0C:02C7    A$potentiostat_HWtestingMain$1540
  0C:02C7    C$potentiostat_HWtestingMain.c$546$1$1
  0C:02CA    A$potentiostat_HWtestingMain$1544
  0C:02CA    C$potentiostat_HWtestingMain.c$547$1$1
  0C:02CC    A$potentiostat_HWtestingMain$1545
  0C:02CF    A$potentiostat_HWtestingMain$1546
  0C:02D0    A$potentiostat_HWtestingMain$1547
  0C:02D3    A$potentiostat_HWtestingMain$1548
  0C:02D5    A$potentiostat_HWtestingMain$1550
  0C:02D7    A$potentiostat_HWtestingMain$1554
  0C:02D7    C$potentiostat_HWtestingMain.c$548$1$1
  0C:02DA    A$potentiostat_HWtestingMain$1558
  0C:02DA    C$potentiostat_HWtestingMain.c$549$1$1
  0C:02DC    A$potentiostat_HWtestingMain$1559
  0C:02DF    A$potentiostat_HWtestingMain$1560
  0C:02E0    A$potentiostat_HWtestingMain$1561
  0C:02E3    A$potentiostat_HWtestingMain$1562
  0C:02E5    A$potentiostat_HWtestingMain$1564
  0C:02E7    A$potentiostat_HWtestingMain$1568
  0C:02E7    C$potentiostat_HWtestingMain.c$550$1$1
  0C:02EA    A$potentiostat_HWtestingMain$1572
  0C:02EA    C$potentiostat_HWtestingMain.c$551$1$1
  0C:02EC    A$potentiostat_HWtestingMain$1573
  0C:02EF    A$potentiostat_HWtestingMain$1574
  0C:02F0    A$potentiostat_HWtestingMain$1575
  0C:02F3    A$potentiostat_HWtestingMain$1576
  0C:02F5    A$potentiostat_HWtestingMain$1578
  0C:02F7    A$potentiostat_HWtestingMain$1582
  0C:02F7    C$potentiostat_HWtestingMain.c$552$1$1
  0C:02F9    A$potentiostat_HWtestingMain$1583
  0C:02FB    A$potentiostat_HWtestingMain$1584
  0C:02FD    A$potentiostat_HWtestingMain$1585
  0C:02FF    A$potentiostat_HWtestingMain$1586
  0C:0301    A$potentiostat_HWtestingMain$1587
  0C:0303    A$potentiostat_HWtestingMain$1590
  0C:0303    C$potentiostat_HWtestingMain.c$553$1$1
  0C:0305    A$potentiostat_HWtestingMain$1593
  0C:0305    C$potentiostat_HWtestingMain.c$555$1$1
  0C:0306    A$potentiostat_HWtestingMain$1594
  0C:0308    A$potentiostat_HWtestingMain$1595
  0C:030A    A$potentiostat_HWtestingMain$1598
  0C:030A    C$potentiostat_HWtestingMain.c$557$1$1
  0C:030A    XG$DAC_Init$0$0
  0C:030B    A$potentiostat_HWtestingMain$1612
  0C:030B    C$potentiostat_HWtestingMain.c$569$1$1
  0C:030B    C$potentiostat_HWtestingMain.c$571$1$1
  0C:030B    G$ADC_Init$0$0
  0C:030B    _ADC_Init
  0C:030E    A$potentiostat_HWtestingMain$1613
  0C:030F    A$potentiostat_HWtestingMain$1614
  0C:0311    A$potentiostat_HWtestingMain$1617
  0C:0311    C$potentiostat_HWtestingMain.c$586$1$1
  0C:0314    A$potentiostat_HWtestingMain$1620
  0C:0314    C$potentiostat_HWtestingMain.c$598$1$1
  0C:0317    A$potentiostat_HWtestingMain$1623
  0C:0317    C$potentiostat_HWtestingMain.c$611$1$1
  0C:0319    A$potentiostat_HWtestingMain$1626
  0C:0319    C$potentiostat_HWtestingMain.c$612$1$1
  0C:031C    A$potentiostat_HWtestingMain$1630
  0C:031C    C$potentiostat_HWtestingMain.c$613$1$1
  0C:031E    A$potentiostat_HWtestingMain$1631
  0C:0321    A$potentiostat_HWtestingMain$1632
  0C:0322    A$potentiostat_HWtestingMain$1633
  0C:0325    A$potentiostat_HWtestingMain$1634
  0C:0327    A$potentiostat_HWtestingMain$1636
  0C:0329    A$potentiostat_HWtestingMain$1640
  0C:0329    C$potentiostat_HWtestingMain.c$614$1$1
  0C:032C    A$potentiostat_HWtestingMain$1644
  0C:032C    C$potentiostat_HWtestingMain.c$615$1$1
  0C:032E    A$potentiostat_HWtestingMain$1645
  0C:0331    A$potentiostat_HWtestingMain$1646
  0C:0332    A$potentiostat_HWtestingMain$1647
  0C:0335    A$potentiostat_HWtestingMain$1648
  0C:0337    A$potentiostat_HWtestingMain$1650
  0C:0339    A$potentiostat_HWtestingMain$1654
  0C:0339    C$potentiostat_HWtestingMain.c$616$1$1
  0C:033B    A$potentiostat_HWtestingMain$1657
  0C:033B    C$potentiostat_HWtestingMain.c$618$1$1
  0C:033C    A$potentiostat_HWtestingMain$1658
  0C:033E    A$potentiostat_HWtestingMain$1659
  0C:0340    A$potentiostat_HWtestingMain$1662
  0C:0340    C$potentiostat_HWtestingMain.c$619$1$1
  0C:0340    XG$ADC_Init$0$0
  0C:0341    A$potentiostat_HWtestingMain$1676
  0C:0341    C$potentiostat_HWtestingMain.c$621$1$1
  0C:0341    C$potentiostat_HWtestingMain.c$625$1$1
  0C:0341    G$RAM_Write$0$0
  0C:0341    _RAM_Write
  0C:0344    A$potentiostat_HWtestingMain$1679
  0C:0344    C$potentiostat_HWtestingMain.c$626$1$1
  0C:0347    A$potentiostat_HWtestingMain$1682
  0C:0347    C$potentiostat_HWtestingMain.c$629$1$1
  0C:034A    A$potentiostat_HWtestingMain$1683
  0C:034B    A$potentiostat_HWtestingMain$1684
  0C:034D    A$potentiostat_HWtestingMain$1687
  0C:034D    C$potentiostat_HWtestingMain.c$639$1$1
  0C:034F    A$potentiostat_HWtestingMain$1690
  0C:034F    C$potentiostat_HWtestingMain.c$640$1$1
  0C:0350    A$potentiostat_HWtestingMain$1691
  0C:0352    A$potentiostat_HWtestingMain$1692
  0C:0354    A$potentiostat_HWtestingMain$1695
  0C:0354    C$potentiostat_HWtestingMain.c$642$1$1
  0C:0357    A$potentiostat_HWtestingMain$1703
  0C:0357    C$potentiostat_HWtestingMain.c$643$1$1
  0C:0357    C$potentiostat_HWtestingMain.c$704$1$1
  0C:0357    C$potentiostat_HWtestingMain.c$705$1$1
  0C:0357    XG$RAM_Write$0$0
  0C:0359    A$potentiostat_HWtestingMain$1716
  0C:0359    C$potentiostat_HWtestingMain.c$718$1$1
  0C:0359    G$SPI_ISR$0$0
  0C:0359    _SPI_ISR
  0C:035B    A$potentiostat_HWtestingMain$1717
  0C:035D    A$potentiostat_HWtestingMain$1718
  0C:035F    A$potentiostat_HWtestingMain$1719
  0C:0361    A$potentiostat_HWtestingMain$1720
  0C:0363    A$potentiostat_HWtestingMain$1721
  0C:0366    A$potentiostat_HWtestingMain$1724
  0C:0366    C$potentiostat_HWtestingMain.c$728$1$1
  0C:0368    A$potentiostat_HWtestingMain$1725
  0C:036A    A$potentiostat_HWtestingMain$1726
  0C:036B    A$potentiostat_HWtestingMain$1727
  0C:036E    A$potentiostat_HWtestingMain$1728
  0C:0370    A$potentiostat_HWtestingMain$1730
  0C:0373    A$potentiostat_HWtestingMain$1734
  0C:0373    C$potentiostat_HWtestingMain.c$730$2$2
  0C:0375    A$potentiostat_HWtestingMain$1737
  0C:0375    C$potentiostat_HWtestingMain.c$731$2$2
  0C:0377    A$potentiostat_HWtestingMain$1738
  0C:0379    A$potentiostat_HWtestingMain$1741
  0C:0379    C$potentiostat_HWtestingMain.c$732$2$2
  0C:037A    A$potentiostat_HWtestingMain$1742
  0C:037B    A$potentiostat_HWtestingMain$1743
  0C:037D    A$potentiostat_HWtestingMain$1744
  0C:037F    A$potentiostat_HWtestingMain$1745
  0C:0382    A$potentiostat_HWtestingMain$1746
  0C:0385    A$potentiostat_HWtestingMain$1747
  0C:0387    A$potentiostat_HWtestingMain$1748
  0C:0389    A$potentiostat_HWtestingMain$1751
  0C:0389    C$potentiostat_HWtestingMain.c$734$3$3
  0C:038B    A$potentiostat_HWtestingMain$1752
  0C:038C    A$potentiostat_HWtestingMain$1753
  0C:038F    A$potentiostat_HWtestingMain$1754
  0C:0391    A$potentiostat_HWtestingMain$1758
  0C:0391    C$potentiostat_HWtestingMain.c$735$3$3
  0C:0393    A$potentiostat_HWtestingMain$1759
  0C:0395    A$potentiostat_HWtestingMain$1760
  0C:0397    A$potentiostat_HWtestingMain$1763
  0C:0397    C$potentiostat_HWtestingMain.c$737$4$4
  0C:0399    A$potentiostat_HWtestingMain$1764
  0C:039B    A$potentiostat_HWtestingMain$1765
  0C:039D    A$potentiostat_HWtestingMain$1769
  0C:039D    C$potentiostat_HWtestingMain.c$741$4$5
  0C:039F    A$potentiostat_HWtestingMain$1770
  0C:03A1    A$potentiostat_HWtestingMain$1773
  0C:03A1    C$potentiostat_HWtestingMain.c$746$4$5
  0C:03A4    A$potentiostat_HWtestingMain$1774
  0C:03A5    A$potentiostat_HWtestingMain$1775
  0C:03A7    A$potentiostat_HWtestingMain$1778
  0C:03A7    C$potentiostat_HWtestingMain.c$747$4$5
  0C:03A8    A$potentiostat_HWtestingMain$1779
  0C:03AA    A$potentiostat_HWtestingMain$1780
  0C:03AC    A$potentiostat_HWtestingMain$1781
  0C:03AE    A$potentiostat_HWtestingMain$1785
  0C:03AE    C$potentiostat_HWtestingMain.c$750$2$2
  0C:03AF    A$potentiostat_HWtestingMain$1786
  0C:03B0    A$potentiostat_HWtestingMain$1787
  0C:03B2    A$potentiostat_HWtestingMain$1788
  0C:03B4    A$potentiostat_HWtestingMain$1789
  0C:03B7    A$potentiostat_HWtestingMain$1790
  0C:03BA    A$potentiostat_HWtestingMain$1791
  0C:03BC    A$potentiostat_HWtestingMain$1792
  0C:03BE    A$potentiostat_HWtestingMain$1795
  0C:03BE    C$potentiostat_HWtestingMain.c$752$3$6
  0C:03C0    A$potentiostat_HWtestingMain$1796
  0C:03C1    A$potentiostat_HWtestingMain$1797
  0C:03C4    A$potentiostat_HWtestingMain$1798
  0C:03C6    A$potentiostat_HWtestingMain$1799
  0C:03C8    A$potentiostat_HWtestingMain$1803
  0C:03C8    C$potentiostat_HWtestingMain.c$754$2$2
  0C:03C9    A$potentiostat_HWtestingMain$1804
  0C:03CA    A$potentiostat_HWtestingMain$1805
  0C:03CC    A$potentiostat_HWtestingMain$1806
  0C:03CE    A$potentiostat_HWtestingMain$1807
  0C:03D1    A$potentiostat_HWtestingMain$1808
  0C:03D4    A$potentiostat_HWtestingMain$1809
  0C:03D6    A$potentiostat_HWtestingMain$1810
  0C:03D8    A$potentiostat_HWtestingMain$1813
  0C:03D8    C$potentiostat_HWtestingMain.c$756$3$7
  0C:03DA    A$potentiostat_HWtestingMain$1814
  0C:03DB    A$potentiostat_HWtestingMain$1815
  0C:03DE    A$potentiostat_HWtestingMain$1816
  0C:03E0    A$potentiostat_HWtestingMain$1817
  0C:03E2    A$potentiostat_HWtestingMain$1821
  0C:03E2    C$potentiostat_HWtestingMain.c$760$3$8
  0C:03E4    A$potentiostat_HWtestingMain$1825
  0C:03E4    C$potentiostat_HWtestingMain.c$763$1$1
  0C:03E6    A$potentiostat_HWtestingMain$1826
  0C:03E8    A$potentiostat_HWtestingMain$1827
  0C:03E9    A$potentiostat_HWtestingMain$1828
  0C:03EC    A$potentiostat_HWtestingMain$1831
  0C:03EC    C$potentiostat_HWtestingMain.c$765$2$9
  0C:03EE    A$potentiostat_HWtestingMain$1835
  0C:03EE    C$potentiostat_HWtestingMain.c$767$1$1
  0C:03F0    A$potentiostat_HWtestingMain$1836
  0C:03F2    A$potentiostat_HWtestingMain$1837
  0C:03F3    A$potentiostat_HWtestingMain$1838
  0C:03F6    A$potentiostat_HWtestingMain$1841
  0C:03F6    C$potentiostat_HWtestingMain.c$769$2$10
  0C:03F8    A$potentiostat_HWtestingMain$1845
  0C:03F8    C$potentiostat_HWtestingMain.c$771$1$1
  0C:03FA    A$potentiostat_HWtestingMain$1846
  0C:03FC    A$potentiostat_HWtestingMain$1847
  0C:03FD    A$potentiostat_HWtestingMain$1848
  0C:0400    A$potentiostat_HWtestingMain$1851
  0C:0400    C$potentiostat_HWtestingMain.c$773$2$11
  0C:0402    A$potentiostat_HWtestingMain$1853
  0C:0404    A$potentiostat_HWtestingMain$1854
  0C:0406    A$potentiostat_HWtestingMain$1855
  0C:0408    A$potentiostat_HWtestingMain$1856
  0C:040A    A$potentiostat_HWtestingMain$1857
  0C:040C    A$potentiostat_HWtestingMain$1860
  0C:040C    C$potentiostat_HWtestingMain.c$775$2$1
  0C:040C    XG$SPI_ISR$0$0
  0C:040D    A$potentiostat_HWtestingMain$1878
  0C:040D    C$potentiostat_HWtestingMain.c$776$2$1
  0C:040D    G$Timer1_ISR$0$0
  0C:040D    _Timer1_ISR
  0C:040F    A$potentiostat_HWtestingMain$1879
  0C:0411    A$potentiostat_HWtestingMain$1880
  0C:0413    A$potentiostat_HWtestingMain$1881
  0C:0415    A$potentiostat_HWtestingMain$1882
  0C:0417    A$potentiostat_HWtestingMain$1883
  0C:0419    A$potentiostat_HWtestingMain$1884
  0C:041B    A$potentiostat_HWtestingMain$1885
  0C:041D    A$potentiostat_HWtestingMain$1886
  0C:041F    A$potentiostat_HWtestingMain$1887
  0C:0421    A$potentiostat_HWtestingMain$1888
  0C:0424    A$potentiostat_HWtestingMain$1891
  0C:0424    C$potentiostat_HWtestingMain.c$787$1$1
  0C:0426    A$potentiostat_HWtestingMain$1894
  0C:0426    C$potentiostat_HWtestingMain.c$789$1$1
  0C:0428    A$potentiostat_HWtestingMain$1895
  0C:042A    A$potentiostat_HWtestingMain$1896
  0C:042C    A$potentiostat_HWtestingMain$1899
  0C:042C    C$potentiostat_HWtestingMain.c$791$2$2
  0C:042E    A$potentiostat_HWtestingMain$1900
  0C:042F    A$potentiostat_HWtestingMain$1901
  0C:0432    A$potentiostat_HWtestingMain$1902
  0C:0434    A$potentiostat_HWtestingMain$1906
  0C:0434    C$potentiostat_HWtestingMain.c$792$2$2
  0C:0435    A$potentiostat_HWtestingMain$1907
  0C:0437    A$potentiostat_HWtestingMain$1908
  0C:0439    A$potentiostat_HWtestingMain$1909
  0C:043B    A$potentiostat_HWtestingMain$1910
  0C:043D    A$potentiostat_HWtestingMain$1911
  0C:043F    A$potentiostat_HWtestingMain$1912
  0C:0441    A$potentiostat_HWtestingMain$1913
  0C:0444    A$potentiostat_HWtestingMain$1917
  0C:0444    C$potentiostat_HWtestingMain.c$794$3$3
  0C:0447    A$potentiostat_HWtestingMain$1918
  0C:0448    A$potentiostat_HWtestingMain$1919
  0C:044A    A$potentiostat_HWtestingMain$1920
  0C:044D    A$potentiostat_HWtestingMain$1924
  0C:044D    C$potentiostat_HWtestingMain.c$799$2$4
  0C:044E    A$potentiostat_HWtestingMain$1925
  0C:0450    A$potentiostat_HWtestingMain$1926
  0C:0452    A$potentiostat_HWtestingMain$1927
  0C:0454    A$potentiostat_HWtestingMain$1928
  0C:0456    A$potentiostat_HWtestingMain$1929
  0C:0458    A$potentiostat_HWtestingMain$1930
  0C:045A    A$potentiostat_HWtestingMain$1933
  0C:045A    C$potentiostat_HWtestingMain.c$801$3$5
  0C:045C    A$potentiostat_HWtestingMain$1934
  0C:045D    A$potentiostat_HWtestingMain$1935
  0C:0460    A$potentiostat_HWtestingMain$1936
  0C:0462    A$potentiostat_HWtestingMain$1938
  0C:0464    A$potentiostat_HWtestingMain$1942
  0C:0464    C$potentiostat_HWtestingMain.c$811$3$6
  0C:0466    A$potentiostat_HWtestingMain$1945
  0C:0466    C$potentiostat_HWtestingMain.c$814$3$6
  0C:0468    A$potentiostat_HWtestingMain$1946
  0C:046A    A$potentiostat_HWtestingMain$1949
  0C:046A    C$potentiostat_HWtestingMain.c$815$3$6
  0C:046C    A$potentiostat_HWtestingMain$1950
  0C:046E    A$potentiostat_HWtestingMain$1953
  0C:046E    C$potentiostat_HWtestingMain.c$816$3$6
  0C:0470    A$potentiostat_HWtestingMain$1954
  0C:0471    A$potentiostat_HWtestingMain$1955
  0C:0472    A$potentiostat_HWtestingMain$1956
  0C:0473    A$potentiostat_HWtestingMain$1957
  0C:0475    A$potentiostat_HWtestingMain$1960
  0C:0475    C$potentiostat_HWtestingMain.c$817$3$6
  0C:0477    A$potentiostat_HWtestingMain$1961
  0C:0478    A$potentiostat_HWtestingMain$1962
  0C:0479    A$potentiostat_HWtestingMain$1963
  0C:047A    A$potentiostat_HWtestingMain$1968
  0C:047A    C$potentiostat_HWtestingMain.c$820$3$6
  0C:047A    C$potentiostat_HWtestingMain.c$821$3$6
  0C:047B    A$potentiostat_HWtestingMain$1969
  0C:047C    A$potentiostat_HWtestingMain$1970
  0C:047E    A$potentiostat_HWtestingMain$1971
  0C:0480    A$potentiostat_HWtestingMain$1972
  0C:0482    A$potentiostat_HWtestingMain$1973
  0C:0484    A$potentiostat_HWtestingMain$1976
  0C:0484    C$potentiostat_HWtestingMain.c$822$3$6
  0C:0486    A$potentiostat_HWtestingMain$1979
  0C:0486    C$potentiostat_HWtestingMain.c$823$3$6
  0C:0488    A$potentiostat_HWtestingMain$1982
  0C:0488    C$potentiostat_HWtestingMain.c$826$3$6
  0C:048A    A$potentiostat_HWtestingMain$1985
  0C:048A    C$potentiostat_HWtestingMain.c$827$3$6
  0C:048D    A$potentiostat_HWtestingMain$1986
  0C:048E    A$potentiostat_HWtestingMain$1987
  0C:0490    A$potentiostat_HWtestingMain$1990
  0C:0490    C$potentiostat_HWtestingMain.c$829$3$6
  0C:0493    A$potentiostat_HWtestingMain$1993
  0C:0493    C$potentiostat_HWtestingMain.c$830$3$6
  0C:0496    A$potentiostat_HWtestingMain$1996
  0C:0496    C$potentiostat_HWtestingMain.c$832$3$6
  0C:0499    A$potentiostat_HWtestingMain$2000
  0C:0499    C$potentiostat_HWtestingMain.c$833$3$6
  0C:049C    A$potentiostat_HWtestingMain$2003
  0C:049C    C$potentiostat_HWtestingMain.c$834$3$6
  0C:049F    A$potentiostat_HWtestingMain$2004
  0C:04A2    A$potentiostat_HWtestingMain$2007
  0C:04A2    C$potentiostat_HWtestingMain.c$836$3$6
  0C:04A4    A$potentiostat_HWtestingMain$2010
  0C:04A4    C$potentiostat_HWtestingMain.c$837$3$6
  0C:04A7    A$potentiostat_HWtestingMain$2014
  0C:04A7    C$potentiostat_HWtestingMain.c$838$3$6
  0C:04AA    A$potentiostat_HWtestingMain$2017
  0C:04AA    C$potentiostat_HWtestingMain.c$839$3$6
  0C:04AD    A$potentiostat_HWtestingMain$2018
  0C:04B0    A$potentiostat_HWtestingMain$2021
  0C:04B0    C$potentiostat_HWtestingMain.c$841$3$6
  0C:04B2    A$potentiostat_HWtestingMain$2024
  0C:04B2    C$potentiostat_HWtestingMain.c$842$3$6
  0C:04B4    A$potentiostat_HWtestingMain$2027
  0C:04B4    C$potentiostat_HWtestingMain.c$843$3$6
  0C:04B5    A$potentiostat_HWtestingMain$2028
  0C:04B7    A$potentiostat_HWtestingMain$2029
  0C:04B9    A$potentiostat_HWtestingMain$2032
  0C:04B9    C$potentiostat_HWtestingMain.c$846$3$6
  0C:04BB    A$potentiostat_HWtestingMain$2033
  0C:04BD    A$potentiostat_HWtestingMain$2036
  0C:04BD    C$potentiostat_HWtestingMain.c$847$3$6
  0C:04BF    A$potentiostat_HWtestingMain$2037
  0C:04C1    A$potentiostat_HWtestingMain$2040
  0C:04C1    C$potentiostat_HWtestingMain.c$848$3$6
  0C:04C2    A$potentiostat_HWtestingMain$2041
  0C:04C3    A$potentiostat_HWtestingMain$2042
  0C:04C5    A$potentiostat_HWtestingMain$2043
  0C:04C7    A$potentiostat_HWtestingMain$2046
  0C:04C7    C$potentiostat_HWtestingMain.c$849$3$6
  0C:04C8    A$potentiostat_HWtestingMain$2047
  0C:04C9    A$potentiostat_HWtestingMain$2048
  0C:04CB    A$potentiostat_HWtestingMain$2049
  0C:04CD    A$potentiostat_HWtestingMain$2052
  0C:04CD    C$potentiostat_HWtestingMain.c$852$3$6
  0C:04CF    A$potentiostat_HWtestingMain$2055
  0C:04CF    C$potentiostat_HWtestingMain.c$856$3$6
  0C:04D2    A$potentiostat_HWtestingMain$2056
  0C:04D3    A$potentiostat_HWtestingMain$2057
  0C:04D5    A$potentiostat_HWtestingMain$2060
  0C:04D5    C$potentiostat_HWtestingMain.c$857$3$6
  0C:04D8    A$potentiostat_HWtestingMain$2063
  0C:04D8    C$potentiostat_HWtestingMain.c$860$3$6
  0C:04D9    A$potentiostat_HWtestingMain$2064
  0C:04DB    A$potentiostat_HWtestingMain$2065
  0C:04DD    A$potentiostat_HWtestingMain$2067
  0C:04DF    A$potentiostat_HWtestingMain$2068
  0C:04E1    A$potentiostat_HWtestingMain$2069
  0C:04E3    A$potentiostat_HWtestingMain$2070
  0C:04E5    A$potentiostat_HWtestingMain$2071
  0C:04E7    A$potentiostat_HWtestingMain$2072
  0C:04E9    A$potentiostat_HWtestingMain$2073
  0C:04EB    A$potentiostat_HWtestingMain$2074
  0C:04ED    A$potentiostat_HWtestingMain$2075
  0C:04EF    A$potentiostat_HWtestingMain$2076
  0C:04F1    A$potentiostat_HWtestingMain$2079
  0C:04F1    C$potentiostat_HWtestingMain.c$872$1$1
  0C:04F1    XG$Timer1_ISR$0$0
  0C:04F2    A$potentiostat_HWtestingMain$2096
  0C:04F2    C$potentiostat_HWtestingMain.c$873$1$1
  0C:04F2    C$potentiostat_HWtestingMain.c$875$1$1
  0C:04F2    G$Timer2_ISR$0$0
  0C:04F2    _Timer2_ISR
  0C:04F4    A$potentiostat_HWtestingMain$2099
  0C:04F4    C$potentiostat_HWtestingMain.c$877$1$1
  0C:04F6    A$potentiostat_HWtestingMain$2102
  0C:04F6    C$potentiostat_HWtestingMain.c$879$1$1
  0C:04F8    A$potentiostat_HWtestingMain$2105
  0C:04F8    C$potentiostat_HWtestingMain.c$887$1$1
  0C:04F8    XG$Timer2_ISR$0$0
  0C:04F9    __sdcc_external_startup


ASxxxx Linker V01.75 + NoICE + SDCC Feb 1999,  page 1.

Files Linked      [ module(s) ]

C:\Users\rdherric\Documents\RDH2\Projects\SHArK\trunk\Firmware\Duckwitz\potentiostat_HWtestingMain.rel

Libraries Linked            [   object  file   ]

C:\Program Files (x86)\SDCC\bin\..\lib\small/mcs51.lib    [     crtclear.rel ]
C:\Program Files (x86)\SDCC\bin\..\lib\small/mcs51.lib    [     crtxinit.rel ]
C:\Program Files (x86)\SDCC\bin\..\lib\small/mcs51.lib    [    crtxclear.rel ]
C:\Program Files (x86)\SDCC\bin\..\lib\small/mcs51.lib    [   crtpagesfr.rel ]
C:\Program Files (x86)\SDCC\bin\..\lib\small/mcs51.lib    [     crtstart.rel ]
C:\Program Files (x86)\SDCC\bin\..\lib\small/libsdcc.lib    [     _startup.rel ]

ASxxxx Linker V01.75 + NoICE + SDCC Feb 1999,  page 2.

User Base Address Definitions

HOME = 0x0000
ISEG = 0x0000
BSEG = 0x0000

