
Hexadecimal

Area                               Addr   Size   Decimal Bytes (Attributes)
--------------------------------   ----   ----   ------- ----- ------------
CABS                               0000   0000 =      0. bytes (ABS,CON,CODE)

      Value  Global
   --------  --------------------------------
  0C:FFFFFF00    s_BSEG
  0C:0000    l_BSEG
  0C:0000    l_BSEG_BYTES
  0C:0000    l_CABS
  0C:0000    l_GSINIT
  0C:0000    l_GSINIT1
  0C:0000    l_GSINIT5
  0C:0000    l_IABS
  0C:0000    l_ISEG
  0C:0000    l_PSEG
  0C:0000    l_REG_BANK_1
  0C:0000    l_REG_BANK_2
  0C:0000    l_REG_BANK_3
  0C:0000    l_RSEG
  0C:0000    l_XABS
  0C:0000    l_XINIT
  0C:0000    l_XISEG
  0C:0000    l_XSEG
  0C:0000    l__CODE
  0C:0000    s_BSEG_BYTES
  0C:0000    s_CABS
  0C:0000    s_DSEG
  0C:0000    s_HOME
  0C:0000    s_IABS
  0C:0000    s_ISEG
  0C:0000    s_PSEG
  0C:0000    s_REG_BANK_0
  0C:0000    s_XABS
  0C:0000    s_XISEG
  0C:0000    s_XSEG
  0C:0001    l_BIT_BANK
  0C:0003    l_GSFINAL
  0C:0003    l_GSINIT0
  0C:0007    l_OSEG
  0C:0008    l_HOME
  0C:0008    l_REG_BANK_0
  0C:0008    s_GSINIT0
  0C:0008    s_REG_BANK_1
  0C:000A    l_GSINIT2
  0C:000B    s_GSINIT1
  0C:000B    s_GSINIT2
  0C:0010    s_REG_BANK_2
  0C:0015    s_GSINIT3
  0C:0018    s_REG_BANK_3
  0C:0020    s_BIT_BANK
  0C:0020    s__CODE
  0C:0022    l_GSINIT3
  0C:002A    l_GSINIT4
  0C:0037    s_GSINIT4
  0C:0049    l_CONST
  0C:0057    s_OSEG
  0C:005E    s_RSEG
  0C:005E    s_SSEG
  0C:0061    s_GSFINAL
  0C:0061    s_GSINIT
  0C:0061    s_GSINIT5
  0C:0064    s_CSEG
  0C:007C    l_DSEG
  0C:00A2    l_SSEG
  0C:0100    l_IRAM
  0C:09B8    l_CSEG
  0C:0A1C    s_CONST
  0C:0A65    s_XINIT



Hexadecimal

Area                               Addr   Size   Decimal Bytes (Attributes)
--------------------------------   ----   ----   ------- ----- ------------
.  .ABS.                           0000   0000 =      0. bytes (ABS,CON)

      Value  Global
   --------  --------------------------------
     0080    G$P0$0$0
     0080    G$bSck$0$0
     0080    _P0
     0080    _bSck
     0081    G$SP$0$0
     0081    G$bMiso$0$0
     0081    _SP
     0081    _bMiso
     0082    G$DPL$0$0
     0082    G$bMosi$0$0
     0082    _DPL
     0082    _bMosi
     0083    G$DPH$0$0
     0083    G$bMtr2Dir$0$0
     0083    _DPH
     0083    _bMtr2Dir
     0084    G$bMtr2Step$0$0
     0084    _bMtr2Step
     0085    G$bMtrDrvrEn$0$0
     0085    _bMtrDrvrEn
     0086    G$bMtr1Dir$0$0
     0086    _bMtr1Dir
     0087    G$PCON$0$0
     0087    G$bMtr1Step$0$0
     0087    _PCON
     0087    _bMtr1Step
     0088    G$IT0$0$0
     0088    G$TCON$0$0
     0088    _IT0
     0088    _TCON
     0089    G$IE0$0$0
     0089    G$TMOD$0$0
     0089    _IE0
     0089    _TMOD
     008A    G$IT1$0$0
     008A    G$TL0$0$0
     008A    _IT1
     008A    _TL0
     008B    G$IE1$0$0
     008B    G$TL1$0$0
     008B    _IE1
     008B    _TL1
     008C    G$TH0$0$0
     008C    G$TR0$0$0
     008C    _TH0
     008C    _TR0
     008D    G$TF0$0$0
     008D    G$TH1$0$0
     008D    _TF0
     008D    _TH1
     008E    G$CKCON$0$0
     008E    G$TR1$0$0
     008E    _CKCON
     008E    _TR1
     008F    G$PSCTL$0$0
     008F    G$TF1$0$0
     008F    _PSCTL
     008F    _TF1
     0090    G$P1$0$0
     0090    G$bIn_TTL$0$0
     0090    _P1
     0090    _bIn_TTL
     0091    G$TMR3CN$0$0
     0091    G$bOut_TTL$0$0
     0091    _TMR3CN
     0091    _bOut_TTL
     0092    G$TMR3RLL$0$0
     0092    G$bLaser$0$0
     0092    _TMR3RLL
     0092    _bLaser
     0093    G$TMR3RLH$0$0
     0093    G$bNC0$0$0
     0093    _TMR3RLH
     0093    _bNC0
     0094    G$TMR3L$0$0
     0094    G$bNotDACCs$0$0
     0094    _TMR3L
     0094    _bNotDACCs
     0095    G$TMR3H$0$0
     0095    G$bNC1$0$0
     0095    _TMR3H
     0095    _bNC1
     0096    G$USB0ADR$0$0
     0096    G$bNC2$0$0
     0096    _USB0ADR
     0096    _bNC2
     0097    G$USB0DAT$0$0
     0097    G$bCal$0$0
     0097    _USB0DAT
     0097    _bCal
     0098    G$RI0$0$0
     0098    G$SCON0$0$0
     0098    _RI0
     0098    _SCON0
     0099    G$SBUF0$0$0
     0099    G$TI0$0$0
     0099    _SBUF0
     0099    _TI0
     009A    G$CPT1CN$0$0
     009A    G$RB80$0$0
     009A    _CPT1CN
     009A    _RB80
     009B    G$CPT0CN$0$0
     009B    G$TB80$0$0
     009B    _CPT0CN
     009B    _TB80
     009C    G$CPT1MD$0$0
     009C    G$REN0$0$0
     009C    _CPT1MD
     009C    _REN0
     009D    G$CPT0MD$0$0
     009D    G$MCE0$0$0
     009D    _CPT0MD
     009D    _MCE0
     009E    G$CPT1MX$0$0
     009E    _CPT1MX
     009F    G$CPT0MX$0$0
     009F    G$S0MODE$0$0
     009F    _CPT0MX
     009F    _S0MODE
     00A0    G$P2$0$0
     00A0    G$bPos$0$0
     00A0    _P2
     00A0    __XPAGE
     00A0    _bPos
     00A1    G$SPI0CFG$0$0
     00A1    G$SPICFG$0$0
     00A1    G$bNotADCCs$0$0
     00A1    _SPI0CFG
     00A1    _SPICFG
     00A1    _bNotADCCs
     00A2    G$SPI0CKR$0$0
     00A2    G$SPICKR$0$0
     00A2    G$bNC3$0$0
     00A2    _SPI0CKR
     00A2    _SPICKR
     00A2    _bNC3
     00A3    G$SPI0DAT$0$0
     00A3    G$SPIDAT$0$0
     00A3    G$bOutputEnable$0$0
     00A3    _SPI0DAT
     00A3    _SPIDAT
     00A3    _bOutputEnable
     00A4    G$P0MDOUT$0$0
     00A4    G$bRedLED$0$0
     00A4    _P0MDOUT
     00A4    _bRedLED
     00A5    G$P1MDOUT$0$0
     00A5    G$bGreenLED$0$0
     00A5    _P1MDOUT
     00A5    _bGreenLED
     00A6    G$P2MDOUT$0$0
     00A6    G$bNotRAMCS$0$0
     00A6    _P2MDOUT
     00A6    _bNotRAMCS
     00A7    G$P3MDOUT$0$0
     00A7    G$bNotRAMHold$0$0
     00A7    _P3MDOUT
     00A7    _bNotRAMHold
     00A8    G$EX0$0$0
     00A8    G$IE$0$0
     00A8    _EX0
     00A8    _IE
     00A9    G$CLKSEL$0$0
     00A9    G$ET0$0$0
     00A9    _CLKSEL
     00A9    _ET0
     00AA    G$EMI0CN$0$0
     00AA    G$EX1$0$0
     00AA    _EMI0CN
     00AA    _EX1
     00AB    G$ET1$0$0
     00AB    _ET1
     00AC    G$ES0$0$0
     00AC    _ES0
     00AD    G$ET2$0$0
     00AD    _ET2
     00AE    G$ESPI0$0$0
     00AE    _ESPI0
     00AF    G$EA$0$0
     00AF    _EA
     00B0    G$P3$0$0
     00B0    G$bC2D$0$0
     00B0    _P3
     00B0    _bC2D
     00B1    G$OSCXCN$0$0
     00B1    G$bC2CK$0$0
     00B1    _OSCXCN
     00B1    _bC2CK
     00B2    G$OSCICN$0$0
     00B2    G$bVBUS$0$0
     00B2    _OSCICN
     00B2    _bVBUS
     00B3    G$OSCICL$0$0
     00B3    G$bRegIn$0$0
     00B3    _OSCICL
     00B3    _bRegIn
     00B4    G$bVDD$0$0
     00B4    _bVDD
     00B5    G$bDn1$0$0
     00B5    _bDn1
     00B6    G$FLSCL$0$0
     00B6    G$bDp1$0$0
     00B6    _FLSCL
     00B6    _bDp1
     00B7    G$FLKEY$0$0
     00B7    G$bGND$0$0
     00B7    _FLKEY
     00B7    _bGND
     00B8    G$IP$0$0
     00B8    G$PX0$0$0
     00B8    _IP
     00B8    _PX0
     00B9    G$CLKMUL$0$0
     00B9    G$PT0$0$0
     00B9    _CLKMUL
     00B9    _PT0
     00BA    G$AMX0N$0$0
     00BA    G$PX1$0$0
     00BA    _AMX0N
     00BA    _PX1
     00BB    G$AMX0P$0$0
     00BB    G$PT1$0$0
     00BB    _AMX0P
     00BB    _PT1
     00BC    G$ADC0CF$0$0
     00BC    G$PS0$0$0
     00BC    _ADC0CF
     00BC    _PS0
     00BD    G$ADC0L$0$0
     00BD    G$PT2$0$0
     00BD    _ADC0L
     00BD    _PT2
     00BE    G$ADC0H$0$0
     00BE    G$PSPI0$0$0
     00BE    _ADC0H
     00BE    _PSPI0
     00C0    G$SI$0$0
     00C0    G$SMB0CN$0$0
     00C0    _SI
     00C0    _SMB0CN
     00C1    G$ACK$0$0
     00C1    G$SMB0CF$0$0
     00C1    _ACK
     00C1    _SMB0CF
     00C2    G$ARBLOST$0$0
     00C2    G$SMB0DAT$0$0
     00C2    _ARBLOST
     00C2    _SMB0DAT
     00C3    G$ACKRQ$0$0
     00C3    G$ADC0GTL$0$0
     00C3    _ACKRQ
     00C3    _ADC0GTL
     00C4    G$ADC0GTH$0$0
     00C4    G$STO$0$0
     00C4    _ADC0GTH
     00C4    _STO
     00C5    G$ADC0LTL$0$0
     00C5    G$STA$0$0
     00C5    _ADC0LTL
     00C5    _STA
     00C6    G$ADC0LTH$0$0
     00C6    G$TXMODE$0$0
     00C6    _ADC0LTH
     00C6    _TXMODE
     00C7    G$MASTER$0$0
     00C7    _MASTER
     00C8    G$T2XCLK$0$0
     00C8    G$TMR2CN$0$0
     00C8    _T2XCLK
     00C8    _TMR2CN
     00C9    G$REG0CN$0$0
     00C9    _REG0CN
     00CA    G$TMR2RLL$0$0
     00CA    G$TR2$0$0
     00CA    _TMR2RLL
     00CA    _TR2
     00CB    G$T2SPLIT$0$0
     00CB    G$TMR2RLH$0$0
     00CB    _T2SPLIT
     00CB    _TMR2RLH
     00CC    G$T2SOF$0$0
     00CC    G$TMR2L$0$0
     00CC    _T2SOF
     00CC    _TMR2L
     00CD    G$TF2LEN$0$0
     00CD    G$TMR2H$0$0
     00CD    _TF2LEN
     00CD    _TMR2H
     00CE    G$TF2L$0$0
     00CE    _TF2L
     00CF    G$TF2H$0$0
     00CF    _TF2H
     00D0    G$P$0$0
     00D0    G$PSW$0$0
     00D0    _P
     00D0    _PSW
     00D1    G$F1$0$0
     00D1    G$REF0CN$0$0
     00D1    _F1
     00D1    _REF0CN
     00D2    G$OV$0$0
     00D2    _OV
     00D3    G$RS0$0$0
     00D3    _RS0
     00D4    G$P0SKIP$0$0
     00D4    G$RS1$0$0
     00D4    _P0SKIP
     00D4    _RS1
     00D5    G$F0$0$0
     00D5    G$P1SKIP$0$0
     00D5    _F0
     00D5    _P1SKIP
     00D6    G$AC$0$0
     00D6    G$P2SKIP$0$0
     00D6    _AC
     00D6    _P2SKIP
     00D7    G$CY$0$0
     00D7    G$USB0XCN$0$0
     00D7    _CY
     00D7    _USB0XCN
     00D8    G$CCF0$0$0
     00D8    G$PCA0CN$0$0
     00D8    _CCF0
     00D8    _PCA0CN
     00D9    G$CCF1$0$0
     00D9    G$PCA0MD$0$0
     00D9    _CCF1
     00D9    _PCA0MD
     00DA    G$CCF2$0$0
     00DA    G$PCA0CPM0$0$0
     00DA    _CCF2
     00DA    _PCA0CPM0
     00DB    G$CCF3$0$0
     00DB    G$PCA0CPM1$0$0
     00DB    _CCF3
     00DB    _PCA0CPM1
     00DC    G$CCF4$0$0
     00DC    G$PCA0CPM2$0$0
     00DC    _CCF4
     00DC    _PCA0CPM2
     00DD    G$PCA0CPM3$0$0
     00DD    _PCA0CPM3
     00DE    G$CR$0$0
     00DE    G$PCA0CPM4$0$0
     00DE    _CR
     00DE    _PCA0CPM4
     00DF    G$CF$0$0
     00DF    _CF
     00E0    G$ACC$0$0
     00E0    _ACC
     00E1    G$XBR0$0$0
     00E1    _XBR0
     00E2    G$XBR1$0$0
     00E2    _XBR1
     00E4    G$IT01CF$0$0
     00E4    _IT01CF
     00E6    G$EIE1$0$0
     00E6    _EIE1
     00E7    G$EIE2$0$0
     00E7    _EIE2
     00E8    G$AD0CM0$0$0
     00E8    G$ADC0CN$0$0
     00E8    _AD0CM0
     00E8    _ADC0CN
     00E9    G$AD0CM1$0$0
     00E9    G$PCA0CPL1$0$0
     00E9    _AD0CM1
     00E9    _PCA0CPL1
     00EA    G$AD0CM2$0$0
     00EA    G$PCA0CPH1$0$0
     00EA    _AD0CM2
     00EA    _PCA0CPH1
     00EB    G$AD0WINT$0$0
     00EB    G$PCA0CPL2$0$0
     00EB    _AD0WINT
     00EB    _PCA0CPL2
     00EC    G$AD0BUSY$0$0
     00EC    G$PCA0CPH2$0$0
     00EC    _AD0BUSY
     00EC    _PCA0CPH2
     00ED    G$AD0INT$0$0
     00ED    G$PCA0CPL3$0$0
     00ED    _AD0INT
     00ED    _PCA0CPL3
     00EE    G$AD0TM$0$0
     00EE    G$PCA0CPH3$0$0
     00EE    _AD0TM
     00EE    _PCA0CPH3
     00EF    G$AD0EN$0$0
     00EF    G$RSTSRC$0$0
     00EF    _AD0EN
     00EF    _RSTSRC
     00F0    G$B$0$0
     00F0    _B
     00F1    G$P0MDIN$0$0
     00F1    _P0MDIN
     00F2    G$P1MDIN$0$0
     00F2    _P1MDIN
     00F3    G$P2MDIN$0$0
     00F3    _P2MDIN
     00F4    G$P3MDIN$0$0
     00F4    _P3MDIN
     00F5    _B_5
     00F6    G$EIP1$0$0
     00F6    _B_6
     00F6    _EIP1
     00F7    G$EIP2$0$0
     00F7    _B_7
     00F7    _EIP2
     00F8    G$SPI0CN$0$0
     00F8    G$SPIEN$0$0
     00F8    _SPI0CN
     00F8    _SPIEN
     00F9    G$PCA0L$0$0
     00F9    G$TXBMT$0$0
     00F9    _PCA0L
     00F9    _TXBMT
     00FA    G$NSSMD0$0$0
     00FA    G$PCA0H$0$0
     00FA    _NSSMD0
     00FA    _PCA0H
     00FB    G$NSSMD1$0$0
     00FB    G$PCA0CPL0$0$0
     00FB    _NSSMD1
     00FB    _PCA0CPL0
     00FC    G$PCA0CPH0$0$0
     00FC    G$RXOVRN$0$0
     00FC    _PCA0CPH0
     00FC    _RXOVRN
     00FD    G$MODF$0$0
     00FD    G$PCA0CPL4$0$0
     00FD    _MODF
     00FD    _PCA0CPL4
     00FE    G$PCA0CPH4$0$0
     00FE    G$WCOL$0$0
     00FE    _PCA0CPH4
     00FE    _WCOL
     00FF    G$SPIF$0$0
     00FF    G$VDM0CN$0$0
     00FF    _SPIF
     00FF    _VDM0CN
     8382    G$DP$0$0
     8382    _DP
     9392    G$TMR3RL$0$0
     9392    _TMR3RL
     9594    G$TMR3$0$0
     9594    _TMR3
     BEBD    G$ADC0$0$0
     BEBD    _ADC0
     C4C3    G$ADC0GT$0$0
     C4C3    _ADC0GT
     C6C5    G$ADC0LT$0$0
     C6C5    _ADC0LT
     CBCA    G$TMR2RL$0$0
     CBCA    _TMR2RL
     CDCC    G$TMR2$0$0
     CDCC    _TMR2
     EAE9    G$PCA0CP1$0$0
     EAE9    _PCA0CP1
     ECEB    G$PCA0CP2$0$0
     ECEB    _PCA0CP2
     EEED    G$PCA0CP3$0$0
     EEED    _PCA0CP3
     FAF9    G$PCA0$0$0
     FAF9    _PCA0
     FCFB    G$PCA0CP0$0$0
     FCFB    _PCA0CP0
     FEFD    G$PCA0CP4$0$0
     FEFD    _PCA0CP4









Hexadecimal

Area                               Addr   Size   Decimal Bytes (Attributes)
--------------------------------   ----   ----   ------- ----- ------------
DSEG                               0000   007C =    124. bytes (REL,CON)

      Value  Global
   --------  --------------------------------
     0008    G$bEpState$0$0
     0008    _bEpState
     0009    G$uNumBytes$0$0
     0009    _uNumBytes
     000B    G$pIfStatus$0$0
     000B    _pIfStatus
     000E    G$M_State$0$0
     000E    _M_State
     000F    LEndpoint1$bOp$1$1
     0010    LSetVoltage$pData$1$1
     0014    LSetLaser$bState$1$1
     0015    LPulseMotor$bMotor$1$1
     0016    LPulseMotor$bDir$1$1
     0017    LEndpoint2$bOp$1$1
     0018    LReadCurrent$pData$1$1
     0021    G$gDeviceStatus$0$0
     0021    _gDeviceStatus
     002E    G$gEp0Status$0$0
     002E    _gEp0Status
     0039    G$gEp0Command$0$0
     0039    _gEp0Command
     0041    G$gEp1InStatus$0$0
     0041    _gEp1InStatus
     004C    G$gEp2OutStatus$0$0
     004C    _gEp2OutStatus

Hexadecimal

Area                               Addr   Size   Decimal Bytes (Attributes)
--------------------------------   ----   ----   ------- ----- ------------
OSEG                               0057   0007 =      7. bytes (REL,OVR)

      Value  Global
   --------  --------------------------------
     0057    LFIFORead$uNumBytes$1$1
     0057    LFIFOWrite$uNumBytes$1$1
     0057    LGetDescriptorRequest$wTempInt$1$1
     0057    _FIFORead_PARM_2
     0057    _FIFOWrite_PARM_2
     0057    _GetDescriptorRequest_wTempInt_1_1
     0057    __gptrput_PARM_2
     0059    LFIFORead$pData$1$1
     0059    LFIFOWrite$pData$1$1
     0059    _FIFORead_PARM_3
     0059    _FIFOWrite_PARM_3
     005C    LFIFORead$i$1$1
     005C    _FIFORead_i_1_1


Hexadecimal

Area                               Addr   Size   Decimal Bytes (Attributes)
--------------------------------   ----   ----   ------- ----- ------------
SSEG                               005E   00A2 =    162. bytes (REL,OVR)

      Value  Global
   --------  --------------------------------
     005E    __start__stack





Hexadecimal

Area                               Addr   Size   Decimal Bytes (Attributes)
--------------------------------   ----   ----   ------- ----- ------------
HOME                               0000   0008 =      8. bytes (REL,CON,CODE)

      Value  Global
   --------  --------------------------------
  0C:0000    A$Main$809
  0C:0003    A$Main$831
  0C:0003    __sdcc_program_startup
  0C:0006    A$Main$833

Hexadecimal

Area                               Addr   Size   Decimal Bytes (Attributes)
--------------------------------   ----   ----   ------- ----- ------------
GSINIT0                            0008   0003 =      3. bytes (REL,CON,CODE)

      Value  Global
   --------  --------------------------------
  0C:0008    __sdcc_gsinit_startup



Hexadecimal

Area                               Addr   Size   Decimal Bytes (Attributes)
--------------------------------   ----   ----   ------- ----- ------------
GSINIT3                            0015   0022 =     34. bytes (REL,CON,CODE)

      Value  Global
   --------  --------------------------------
  0C:0015    __mcs51_genXINIT

Hexadecimal

Area                               Addr   Size   Decimal Bytes (Attributes)
--------------------------------   ----   ----   ------- ----- ------------
GSINIT4                            0037   002A =     42. bytes (REL,CON,CODE)

      Value  Global
   --------  --------------------------------
  0C:0037    __mcs51_genRAMCLEAR
  0C:003D    __mcs51_genXRAMCLEAR



Hexadecimal

Area                               Addr   Size   Decimal Bytes (Attributes)
--------------------------------   ----   ----   ------- ----- ------------
GSFINAL                            0061   0003 =      3. bytes (REL,CON,CODE)

      Value  Global
   --------  --------------------------------
  0C:0061    A$Main$824

Hexadecimal

Area                               Addr   Size   Decimal Bytes (Attributes)
--------------------------------   ----   ----   ------- ----- ------------
CSEG                               0064   09B8 =   2488. bytes (REL,CON,CODE)

      Value  Global
   --------  --------------------------------
  0C:0064    A$Main$859
  0C:0064    C$Main.c$38$0$0
  0C:0064    C$Main.c$41$1$1
  0C:0064    G$main$0$0
  0C:0064    _main
  0C:0067    A$Main$862
  0C:0067    C$Main.c$44$1$1
  0C:006A    A$Main$865
  0C:006A    C$Main.c$47$1$1
  0C:006D    A$Main$868
  0C:006D    C$Main.c$50$1$1
  0C:0070    A$Main$871
  0C:0070    C$Main.c$54$1$1
  0C:0073    A$Main$874
  0C:0073    C$Main.c$57$1$1
  0C:0075    A$Main$877
  0C:0075    C$Main.c$60$1$1
  0C:0078    A$Main$883
  0C:0078    C$Main.c$63$1$1
  0C:0078    C$Main.c$64$1$1
  0C:0078    XG$main$0$0
  0C:007A    A$Main$897
  0C:007A    C$Main.c$70$1$1
  0C:007A    C$Main.c$86$1$1
  0C:007A    G$InitPorts$0$0
  0C:007A    _InitPorts
  0C:007D    A$Main$900
  0C:007D    C$Main.c$87$1$1
  0C:0080    A$Main$903
  0C:0080    C$Main.c$88$1$1
  0C:0083    A$Main$906
  0C:0083    C$Main.c$92$1$1
  0C:0086    A$Main$909
  0C:0086    C$Main.c$93$1$1
  0C:0089    A$Main$912
  0C:0089    C$Main.c$94$1$1
  0C:008C    A$Main$915
  0C:008C    C$Main.c$98$1$1
  0C:008F    A$Main$918
  0C:008F    C$Main.c$99$1$1
  0C:0092    A$Main$921
  0C:0092    C$Main.c$100$1$1
  0C:0095    A$Main$924
  0C:0095    C$Main.c$104$1$1
  0C:0098    A$Main$927
  0C:0098    C$Main.c$105$1$1
  0C:009B    A$Main$930
  0C:009B    C$Main.c$106$1$1
  0C:009E    A$Main$933
  0C:009E    C$Main.c$110$1$1
  0C:00A1    A$Main$936
  0C:00A1    C$Main.c$111$1$1
  0C:00A4    A$Main$939
  0C:00A4    C$Main.c$112$1$1
  0C:00A4    XG$InitPorts$0$0
  0C:00A5    A$Main$954
  0C:00A5    C$Main.c$118$1$1
  0C:00A5    C$Main.c$125$1$1
  0C:00A5    G$InitSysClk$0$0
  0C:00A5    _InitSysClk
  0C:00A8    A$Main$957
  0C:00A8    C$Main.c$129$1$1
  0C:00AB    A$Main$960
  0C:00AB    C$Main.c$132$1$1
  0C:00AE    A$Main$963
  0C:00AE    C$Main.c$136$1$1
  0C:00B0    A$Main$965
  0C:00B2    A$Main$966
  0C:00B3    A$Main$967
  0C:00B4    A$Main$968
  0C:00B6    A$Main$971
  0C:00B6    C$Main.c$139$1$1
  0C:00B9    A$Main$975
  0C:00B9    C$Main.c$142$1$1
  0C:00BB    A$Main$976
  0C:00BE    A$Main$979
  0C:00BE    C$Main.c$145$1$1
  0C:00C1    A$Main$982
  0C:00C1    C$Main.c$148$1$1
  0C:00C4    A$Main$985
  0C:00C4    C$Main.c$149$1$1
  0C:00C4    XG$InitSysClk$0$0
  0C:00C5    A$Main$999
  0C:00C5    C$Main.c$156$1$1
  0C:00C5    C$Main.c$159$2$2
  0C:00C5    G$InitUSB0$0$0
  0C:00C5    _InitUSB0
  0C:00C8    A$Main$1000
  0C:00CB    A$Main$1002
  0C:00CD    A$Main$1003
  0C:00D0    A$Main$1006
  0C:00D0    C$Main.c$162$2$3
  0C:00D3    A$Main$1007
  0C:00D6    A$Main$1009
  0C:00D8    A$Main$1010
  0C:00DB    A$Main$1013
  0C:00DB    C$Main.c$163$2$4
  0C:00DE    A$Main$1014
  0C:00E1    A$Main$1016
  0C:00E3    A$Main$1017
  0C:00E6    A$Main$1020
  0C:00E6    C$Main.c$166$2$5
  0C:00E9    A$Main$1021
  0C:00EC    A$Main$1023
  0C:00EE    A$Main$1024
  0C:00F1    A$Main$1027
  0C:00F1    C$Main.c$169$1$1
  0C:00F4    A$Main$1030
  0C:00F4    C$Main.c$172$1$1
  0C:00F7    A$Main$1033
  0C:00F7    C$Main.c$176$2$6
  0C:00FA    A$Main$1034
  0C:00FD    A$Main$1036
  0C:00FF    A$Main$1037
  0C:0102    A$Main$1040
  0C:0102    C$Main.c$179$1$1
  0C:0105    A$Main$1043
  0C:0105    C$Main.c$180$1$1
  0C:0105    XG$InitUSB0$0$0
  0C:0106    A$Main$1057
  0C:0106    C$Main.c$187$1$1
  0C:0106    C$Main.c$189$1$1
  0C:0106    G$InitVDDMonitor$0$0
  0C:0106    _InitVDDMonitor
  0C:0109    A$Main$1060
  0C:0109    C$Main.c$190$1$1
  0C:0109    XG$InitVDDMonitor$0$0
  0C:010A    A$Main$1074
  0C:010A    C$Main.c$196$1$1
  0C:010A    C$Main.c$201$2$2
  0C:010A    G$EnableUSB0$0$0
  0C:010A    _EnableUSB0
  0C:010D    A$Main$1075
  0C:0110    A$Main$1077
  0C:0112    A$Main$1078
  0C:0115    A$Main$1081
  0C:0115    C$Main.c$202$2$2
  0C:0115    XG$EnableUSB0$0$0
  0C:0116    A$USB_Standard_Requests$832
  0C:0116    C$USB_Standard_Requests.c$103$1$1
  0C:0116    C$USB_Standard_Requests.c$99$0$0
  0C:0116    G$SetAddressRequest$0$0
  0C:0116    _SetAddressRequest
  0C:0118    A$USB_Standard_Requests$833
  0C:011A    A$USB_Standard_Requests$834
  0C:011C    A$USB_Standard_Requests$835
  0C:011E    A$USB_Standard_Requests$836
  0C:0120    A$USB_Standard_Requests$837
  0C:0122    A$USB_Standard_Requests$840
  0C:0122    C$USB_Standard_Requests.c$104$1$1
  0C:0124    A$USB_Standard_Requests$841
  0C:0127    A$USB_Standard_Requests$845
  0C:0127    C$USB_Standard_Requests.c$106$2$2
  0C:012A    A$USB_Standard_Requests$846
  0C:012C    A$USB_Standard_Requests$850
  0C:012C    C$USB_Standard_Requests.c$112$3$4
  0C:012F    A$USB_Standard_Requests$851
  0C:0132    A$USB_Standard_Requests$853
  0C:0134    A$USB_Standard_Requests$854
  0C:0137    A$USB_Standard_Requests$857
  0C:0137    C$USB_Standard_Requests.c$113$2$3
  0C:0138    A$USB_Standard_Requests$858
  0C:013A    A$USB_Standard_Requests$861
  0C:013A    C$USB_Standard_Requests.c$114$2$3
  0C:013C    A$USB_Standard_Requests$862
  0C:013E    A$USB_Standard_Requests$865
  0C:013E    C$USB_Standard_Requests.c$116$3$5
  0C:0141    A$USB_Standard_Requests$869
  0C:0141    C$USB_Standard_Requests.c$118$2$3
  0C:0143    A$USB_Standard_Requests$870
  0C:0146    A$USB_Standard_Requests$873
  0C:0146    C$USB_Standard_Requests.c$119$2$3
  0C:0148    A$USB_Standard_Requests$874
  0C:014A    A$USB_Standard_Requests$877
  0C:014A    C$USB_Standard_Requests.c$121$3$6
  0C:014D    A$USB_Standard_Requests$881
  0C:014D    C$USB_Standard_Requests.c$123$2$3
  0C:0150    A$USB_Standard_Requests$885
  0C:0150    C$USB_Standard_Requests.c$125$1$1
  0C:0153    A$USB_Standard_Requests$888
  0C:0153    C$USB_Standard_Requests.c$126$1$1
  0C:0153    XG$SetAddressRequest$0$0
  0C:0154    A$USB_Standard_Requests$902
  0C:0154    C$USB_Standard_Requests.c$137$1$1
  0C:0154    C$USB_Standard_Requests.c$142$1$1
  0C:0154    G$SetFeatureRequest$0$0
  0C:0154    _SetFeatureRequest
  0C:0156    A$USB_Standard_Requests$903
  0C:0158    A$USB_Standard_Requests$904
  0C:015A    A$USB_Standard_Requests$907
  0C:015A    C$USB_Standard_Requests.c$143$1$1
  0C:015C    A$USB_Standard_Requests$908
  0C:015D    A$USB_Standard_Requests$909
  0C:015F    A$USB_Standard_Requests$912
  0C:015F    C$USB_Standard_Requests.c$144$1$1
  0C:0162    A$USB_Standard_Requests$913
  0C:0164    A$USB_Standard_Requests$914
  0C:0166    A$USB_Standard_Requests$915
  0C:0168    A$USB_Standard_Requests$919
  0C:0168    C$USB_Standard_Requests.c$146$2$2
  0C:016B    A$USB_Standard_Requests$923
  0C:016B    C$USB_Standard_Requests.c$150$1$1
  0C:016D    A$USB_Standard_Requests$924
  0C:016F    A$USB_Standard_Requests$925
  0C:0170    A$USB_Standard_Requests$926
  0C:0172    A$USB_Standard_Requests$929
  0C:0172    C$USB_Standard_Requests.c$153$2$3
  0C:0175    A$USB_Standard_Requests$930
  0C:0177    A$USB_Standard_Requests$934
  0C:0177    C$USB_Standard_Requests.c$154$2$3
  0C:017A    A$USB_Standard_Requests$939
  0C:017A    C$USB_Standard_Requests.c$155$2$3
  0C:017A    C$USB_Standard_Requests.c$158$2$3
  0C:017C    A$USB_Standard_Requests$943
  0C:017C    C$USB_Standard_Requests.c$159$2$3
  0C:017E    A$USB_Standard_Requests$944
  0C:0180    A$USB_Standard_Requests$945
  0C:0182    A$USB_Standard_Requests$948
  0C:0182    C$USB_Standard_Requests.c$161$3$4
  0C:0185    A$USB_Standard_Requests$949
  0C:0188    A$USB_Standard_Requests$950
  0C:018B    A$USB_Standard_Requests$951
  0C:018E    A$USB_Standard_Requests$954
  0C:018E    C$USB_Standard_Requests.c$162$3$4
  0C:0190    A$USB_Standard_Requests$958
  0C:0190    C$USB_Standard_Requests.c$166$3$5
  0C:0193    A$USB_Standard_Requests$963
  0C:0193    C$USB_Standard_Requests.c$167$3$5
  0C:0193    C$USB_Standard_Requests.c$169$2$3
  0C:0195    A$USB_Standard_Requests$967
  0C:0195    C$USB_Standard_Requests.c$170$2$3
  0C:0198    A$USB_Standard_Requests$973
  0C:0198    C$USB_Standard_Requests.c$172$1$1
  0C:0198    C$USB_Standard_Requests.c$173$1$1
  0C:019B    A$USB_Standard_Requests$976
  0C:019B    C$USB_Standard_Requests.c$174$1$1
  0C:019B    XG$SetFeatureRequest$0$0
  0C:019C    A$USB_Standard_Requests$990
  0C:019C    C$USB_Standard_Requests.c$185$1$1
  0C:019C    C$USB_Standard_Requests.c$190$1$1
  0C:019C    G$ClearFeatureRequest$0$0
  0C:019C    _ClearFeatureRequest
  0C:019E    A$USB_Standard_Requests$991
  0C:01A0    A$USB_Standard_Requests$992
  0C:01A2    A$USB_Standard_Requests$993
  0C:01A4    A$USB_Standard_Requests$994
  0C:01A5    A$USB_Standard_Requests$995
  0C:01A7    A$USB_Standard_Requests$998
  0C:01A7    C$USB_Standard_Requests.c$191$1$1
  0C:01AA    A$USB_Standard_Requests$999
  0C:01AC    A$USB_Standard_Requests$1000
  0C:01AE    A$USB_Standard_Requests$1001
  0C:01B0    A$USB_Standard_Requests$1005
  0C:01B0    C$USB_Standard_Requests.c$193$2$2
  0C:01B3    A$USB_Standard_Requests$1009
  0C:01B3    C$USB_Standard_Requests.c$197$1$1
  0C:01B5    A$USB_Standard_Requests$1010
  0C:01B7    A$USB_Standard_Requests$1011
  0C:01B8    A$USB_Standard_Requests$1012
  0C:01BA    A$USB_Standard_Requests$1015
  0C:01BA    C$USB_Standard_Requests.c$200$2$3
  0C:01BD    A$USB_Standard_Requests$1016
  0C:01BF    A$USB_Standard_Requests$1020
  0C:01BF    C$USB_Standard_Requests.c$202$2$3
  0C:01C2    A$USB_Standard_Requests$1025
  0C:01C2    C$USB_Standard_Requests.c$203$2$3
  0C:01C2    C$USB_Standard_Requests.c$206$2$3
  0C:01C4    A$USB_Standard_Requests$1029
  0C:01C4    C$USB_Standard_Requests.c$207$2$3
  0C:01C6    A$USB_Standard_Requests$1030
  0C:01C8    A$USB_Standard_Requests$1031
  0C:01CA    A$USB_Standard_Requests$1034
  0C:01CA    C$USB_Standard_Requests.c$210$3$4
  0C:01CD    A$USB_Standard_Requests$1035
  0C:01D0    A$USB_Standard_Requests$1036
  0C:01D3    A$USB_Standard_Requests$1037
  0C:01D6    A$USB_Standard_Requests$1040
  0C:01D6    C$USB_Standard_Requests.c$211$3$4
  0C:01D8    A$USB_Standard_Requests$1044
  0C:01D8    C$USB_Standard_Requests.c$215$3$5
  0C:01DB    A$USB_Standard_Requests$1049
  0C:01DB    C$USB_Standard_Requests.c$216$3$5
  0C:01DB    C$USB_Standard_Requests.c$218$2$3
  0C:01DD    A$USB_Standard_Requests$1053
  0C:01DD    C$USB_Standard_Requests.c$219$2$3
  0C:01E0    A$USB_Standard_Requests$1059
  0C:01E0    C$USB_Standard_Requests.c$221$1$1
  0C:01E0    C$USB_Standard_Requests.c$222$1$1
  0C:01E3    A$USB_Standard_Requests$1062
  0C:01E3    C$USB_Standard_Requests.c$223$1$1
  0C:01E3    XG$ClearFeatureRequest$0$0
  0C:01E4    A$USB_Standard_Requests$1076
  0C:01E4    C$USB_Standard_Requests.c$234$1$1
  0C:01E4    C$USB_Standard_Requests.c$238$1$1
  0C:01E4    G$SetConfigurationRequest$0$0
  0C:01E4    _SetConfigurationRequest
  0C:01E6    A$USB_Standard_Requests$1077
  0C:01E8    A$USB_Standard_Requests$1078
  0C:01EA    A$USB_Standard_Requests$1079
  0C:01EC    A$USB_Standard_Requests$1080
  0C:01EE    A$USB_Standard_Requests$1081
  0C:01F0    A$USB_Standard_Requests$1084
  0C:01F0    C$USB_Standard_Requests.c$239$1$1
  0C:01F2    A$USB_Standard_Requests$1085
  0C:01F4    A$USB_Standard_Requests$1089
  0C:01F4    C$USB_Standard_Requests.c$241$2$2
  0C:01F7    A$USB_Standard_Requests$1090
  0C:01F9    A$USB_Standard_Requests$1096
  0C:01F9    C$USB_Standard_Requests.c$247$2$3
  0C:01F9    C$USB_Standard_Requests.c$248$2$3
  0C:01FC    A$USB_Standard_Requests$1097
  0C:01FD    A$USB_Standard_Requests$1098
  0C:01FE    A$USB_Standard_Requests$1099
  0C:01FF    A$USB_Standard_Requests$1100
  0C:0200    A$USB_Standard_Requests$1101
  0C:0202    A$USB_Standard_Requests$1102
  0C:0204    A$USB_Standard_Requests$1105
  0C:0204    C$USB_Standard_Requests.c$250$3$4
  0C:0207    A$USB_Standard_Requests$1106
  0C:0209    A$USB_Standard_Requests$1110
  0C:0209    C$USB_Standard_Requests.c$254$2$3
  0C:020B    A$USB_Standard_Requests$1111
  0C:020D    A$USB_Standard_Requests$1114
  0C:020D    C$USB_Standard_Requests.c$255$2$3
  0C:0210    A$USB_Standard_Requests$1115
  0C:0212    A$USB_Standard_Requests$1119
  0C:0212    C$USB_Standard_Requests.c$259$2$3
  0C:0215    A$USB_Standard_Requests$1120
  0C:0218    A$USB_Standard_Requests$1121
  0C:021B    A$USB_Standard_Requests$1125
  0C:021B    C$USB_Standard_Requests.c$261$1$1
  0C:021E    A$USB_Standard_Requests$1128
  0C:021E    C$USB_Standard_Requests.c$262$1$1
  0C:021E    XG$SetConfigurationRequest$0$0
  0C:021F    A$USB_Standard_Requests$1144
  0C:021F    C$USB_Standard_Requests.c$273$1$1
  0C:021F    C$USB_Standard_Requests.c$305$1$1
  0C:021F    G$SetInterfaceRequest$0$0
  0C:021F    XG$SetInterfaceRequest$0$0
  0C:021F    _SetInterfaceRequest
  0C:0220    A$USB_Standard_Requests$1158
  0C:0220    C$USB_Standard_Requests.c$316$1$1
  0C:0220    C$USB_Standard_Requests.c$319$1$1
  0C:0220    G$GetStatusRequest$0$0
  0C:0220    _GetStatusRequest
  0C:0222    A$USB_Standard_Requests$1159
  0C:0224    A$USB_Standard_Requests$1160
  0C:0226    A$USB_Standard_Requests$1161
  0C:0228    A$USB_Standard_Requests$1162
  0C:022B    A$USB_Standard_Requests$1163
  0C:022C    A$USB_Standard_Requests$1164
  0C:022F    A$USB_Standard_Requests$1165
  0C:0231    A$USB_Standard_Requests$1167
  0C:0233    A$USB_Standard_Requests$1171
  0C:0233    C$USB_Standard_Requests.c$320$1$1
  0C:0235    A$USB_Standard_Requests$1172
  0C:0236    A$USB_Standard_Requests$1173
  0C:0238    A$USB_Standard_Requests$1176
  0C:0238    C$USB_Standard_Requests.c$321$1$1
  0C:023B    A$USB_Standard_Requests$1177
  0C:023D    A$USB_Standard_Requests$1178
  0C:023F    A$USB_Standard_Requests$1179
  0C:0241    A$USB_Standard_Requests$1183
  0C:0241    C$USB_Standard_Requests.c$323$2$2
  0C:0244    A$USB_Standard_Requests$1184
  0C:0246    A$USB_Standard_Requests$1188
  0C:0246    C$USB_Standard_Requests.c$329$2$3
  0C:0248    A$USB_Standard_Requests$1189
  0C:024A    A$USB_Standard_Requests$1190
  0C:024B    A$USB_Standard_Requests$1191
  0C:024D    A$USB_Standard_Requests$1192
  0C:0250    A$USB_Standard_Requests$1193
  0C:0252    A$USB_Standard_Requests$1197
  0C:0252    C$USB_Standard_Requests.c$332$3$4
  0C:0255    A$USB_Standard_Requests$1198
  0C:0257    A$USB_Standard_Requests$1202
  0C:0257    C$USB_Standard_Requests.c$334$3$4
  0C:0259    A$USB_Standard_Requests$1203
  0C:025B    A$USB_Standard_Requests$1204
  0C:025D    A$USB_Standard_Requests$1207
  0C:025D    C$USB_Standard_Requests.c$335$3$4
  0C:0260    A$USB_Standard_Requests$1208
  0C:0262    A$USB_Standard_Requests$1212
  0C:0262    C$USB_Standard_Requests.c$339$4$5
  0C:0265    A$USB_Standard_Requests$1215
  0C:0265    C$USB_Standard_Requests.c$340$4$5
  0C:0268    A$USB_Standard_Requests$1218
  0C:0268    C$USB_Standard_Requests.c$341$4$5
  0C:026A    A$USB_Standard_Requests$1219
  0C:026C    A$USB_Standard_Requests$1220
  0C:026E    A$USB_Standard_Requests$1225
  0C:026E    C$USB_Standard_Requests.c$343$3$4
  0C:026E    C$USB_Standard_Requests.c$346$3$4
  0C:0270    A$USB_Standard_Requests$1229
  0C:0270    C$USB_Standard_Requests.c$348$3$4
  0C:0273    A$USB_Standard_Requests$1230
  0C:0276    A$USB_Standard_Requests$1235
  0C:0276    C$USB_Standard_Requests.c$349$3$4
  0C:0276    C$USB_Standard_Requests.c$352$3$4
  0C:0278    A$USB_Standard_Requests$1239
  0C:0278    C$USB_Standard_Requests.c$354$3$4
  0C:027B    A$USB_Standard_Requests$1240
  0C:027E    A$USB_Standard_Requests$1243
  0C:027E    C$USB_Standard_Requests.c$355$3$4
  0C:0281    A$USB_Standard_Requests$1244
  0C:0284    A$USB_Standard_Requests$1245
  0C:0287    A$USB_Standard_Requests$1246
  0C:0289    A$USB_Standard_Requests$1247
  0C:028C    A$USB_Standard_Requests$1250
  0C:028C    C$USB_Standard_Requests.c$356$3$4
  0C:028E    A$USB_Standard_Requests$1251
  0C:0290    A$USB_Standard_Requests$1252
  0C:0292    A$USB_Standard_Requests$1257
  0C:0292    C$USB_Standard_Requests.c$357$3$4
  0C:0292    C$USB_Standard_Requests.c$360$3$4
  0C:0294    A$USB_Standard_Requests$1261
  0C:0294    C$USB_Standard_Requests.c$361$3$4
  0C:0297    A$USB_Standard_Requests$1267
  0C:0297    C$USB_Standard_Requests.c$363$2$3
  0C:0297    C$USB_Standard_Requests.c$366$2$3
  0C:029A    A$USB_Standard_Requests$1270
  0C:029A    C$USB_Standard_Requests.c$369$2$3
  0C:029D    A$USB_Standard_Requests$1271
  0C:02A0    A$USB_Standard_Requests$1272
  0C:02A3    A$USB_Standard_Requests$1275
  0C:02A3    C$USB_Standard_Requests.c$370$2$3
  0C:02A6    A$USB_Standard_Requests$1276
  0C:02A9    A$USB_Standard_Requests$1280
  0C:02A9    C$USB_Standard_Requests.c$372$1$1
  0C:02AC    A$USB_Standard_Requests$1283
  0C:02AC    C$USB_Standard_Requests.c$373$1$1
  0C:02AC    XG$GetStatusRequest$0$0
  0C:02AD    A$USB_Standard_Requests$1298
  0C:02AD    C$USB_Standard_Requests.c$384$1$1
  0C:02AD    C$USB_Standard_Requests.c$390$1$1
  0C:02AD    G$GetDescriptorRequest$0$0
  0C:02AD    _GetDescriptorRequest
  0C:02AF    A$USB_Standard_Requests$1299
  0C:02B2    A$USB_Standard_Requests$1300
  0C:02B4    A$USB_Standard_Requests$1304
  0C:02B4    C$USB_Standard_Requests.c$393$2$2
  0C:02B7    A$USB_Standard_Requests$1305
  0C:02B9    A$USB_Standard_Requests$1309
  0C:02B9    C$USB_Standard_Requests.c$395$2$2
  0C:02BC    A$USB_Standard_Requests$1310
  0C:02BD    A$USB_Standard_Requests$1311
  0C:02BF    A$USB_Standard_Requests$1314
  0C:02BF    C$USB_Standard_Requests.c$397$2$2
  0C:02C0    A$USB_Standard_Requests$1315
  0C:02C2    A$USB_Standard_Requests$1316
  0C:02C4    A$USB_Standard_Requests$1317
  0C:02C6    A$USB_Standard_Requests$1318
  0C:02C8    A$USB_Standard_Requests$1319
  0C:02CA    A$USB_Standard_Requests$1322
  0C:02CA    C$USB_Standard_Requests.c$399$3$3
  0C:02CD    A$USB_Standard_Requests$1323
  0C:02D0    A$USB_Standard_Requests$1327
  0C:02D0    C$USB_Standard_Requests.c$402$2$2
  0C:02D3    A$USB_Standard_Requests$1328
  0C:02D6    A$USB_Standard_Requests$1329
  0C:02D9    A$USB_Standard_Requests$1332
  0C:02D9    C$USB_Standard_Requests.c$403$2$2
  0C:02DC    A$USB_Standard_Requests$1337
  0C:02DC    C$USB_Standard_Requests.c$404$2$2
  0C:02DC    C$USB_Standard_Requests.c$407$2$2
  0C:02DE    A$USB_Standard_Requests$1343
  0C:02DE    C$USB_Standard_Requests.c$409$2$2
  0C:02DE    C$USB_Standard_Requests.c$410$2$2
  0C:02E1    A$USB_Standard_Requests$1344
  0C:02E2    A$USB_Standard_Requests$1345
  0C:02E3    A$USB_Standard_Requests$1346
  0C:02E4    A$USB_Standard_Requests$1347
  0C:02E5    A$USB_Standard_Requests$1348
  0C:02E7    A$USB_Standard_Requests$1349
  0C:02E9    A$USB_Standard_Requests$1352
  0C:02E9    C$USB_Standard_Requests.c$412$3$4
  0C:02EC    A$USB_Standard_Requests$1353
  0C:02EE    A$USB_Standard_Requests$1357
  0C:02EE    C$USB_Standard_Requests.c$418$3$5
  0C:02F1    A$USB_Standard_Requests$1358
  0C:02F2    A$USB_Standard_Requests$1359
  0C:02F3    A$USB_Standard_Requests$1360
  0C:02F4    A$USB_Standard_Requests$1361
  0C:02F6    A$USB_Standard_Requests$1364
  0C:02F6    C$USB_Standard_Requests.c$419$3$5
  0C:02F9    A$USB_Standard_Requests$1365
  0C:02FA    A$USB_Standard_Requests$1366
  0C:02FB    A$USB_Standard_Requests$1367
  0C:02FC    A$USB_Standard_Requests$1368
  0C:02FE    A$USB_Standard_Requests$1371
  0C:02FE    C$USB_Standard_Requests.c$420$3$5
  0C:0301    A$USB_Standard_Requests$1372
  0C:0304    A$USB_Standard_Requests$1375
  0C:0304    C$USB_Standard_Requests.c$423$3$5
  0C:0305    A$USB_Standard_Requests$1376
  0C:0307    A$USB_Standard_Requests$1377
  0C:0309    A$USB_Standard_Requests$1378
  0C:030B    A$USB_Standard_Requests$1379
  0C:030D    A$USB_Standard_Requests$1380
  0C:030F    A$USB_Standard_Requests$1383
  0C:030F    C$USB_Standard_Requests.c$425$4$6
  0C:0312    A$USB_Standard_Requests$1384
  0C:0315    A$USB_Standard_Requests$1388
  0C:0315    C$USB_Standard_Requests.c$428$3$5
  0C:0318    A$USB_Standard_Requests$1389
  0C:031B    A$USB_Standard_Requests$1390
  0C:031E    A$USB_Standard_Requests$1393
  0C:031E    C$USB_Standard_Requests.c$429$3$5
  0C:0321    A$USB_Standard_Requests$1399
  0C:0321    C$USB_Standard_Requests.c$432$1$1
  0C:0321    C$USB_Standard_Requests.c$433$1$1
  0C:0324    A$USB_Standard_Requests$1400
  0C:0327    A$USB_Standard_Requests$1403
  0C:0327    C$USB_Standard_Requests.c$434$1$1
  0C:032A    A$USB_Standard_Requests$1406
  0C:032A    C$USB_Standard_Requests.c$435$1$1
  0C:032A    XG$GetDescriptorRequest$0$0
  0C:032B    A$USB_Standard_Requests$1420
  0C:032B    C$USB_Standard_Requests.c$446$1$1
  0C:032B    C$USB_Standard_Requests.c$450$1$1
  0C:032B    G$GetConfigurationRequest$0$0
  0C:032B    _GetConfigurationRequest
  0C:032D    A$USB_Standard_Requests$1421
  0C:0330    A$USB_Standard_Requests$1422
  0C:0331    A$USB_Standard_Requests$1423
  0C:0334    A$USB_Standard_Requests$1424
  0C:0336    A$USB_Standard_Requests$1426
  0C:0338    A$USB_Standard_Requests$1428
  0C:033A    A$USB_Standard_Requests$1429
  0C:033C    A$USB_Standard_Requests$1430
  0C:033E    A$USB_Standard_Requests$1433
  0C:033E    C$USB_Standard_Requests.c$451$1$1
  0C:0340    A$USB_Standard_Requests$1434
  0C:0342    A$USB_Standard_Requests$1435
  0C:0344    A$USB_Standard_Requests$1436
  0C:0346    A$USB_Standard_Requests$1437
  0C:0347    A$USB_Standard_Requests$1438
  0C:0349    A$USB_Standard_Requests$1442
  0C:0349    C$USB_Standard_Requests.c$453$2$2
  0C:034C    A$USB_Standard_Requests$1443
  0C:034E    A$USB_Standard_Requests$1447
  0C:034E    C$USB_Standard_Requests.c$456$1$1
  0C:0351    A$USB_Standard_Requests$1450
  0C:0351    C$USB_Standard_Requests.c$459$2$3
  0C:0354    A$USB_Standard_Requests$1451
  0C:0357    A$USB_Standard_Requests$1454
  0C:0357    C$USB_Standard_Requests.c$461$2$3
  0C:035A    A$USB_Standard_Requests$1455
  0C:035D    A$USB_Standard_Requests$1456
  0C:0360    A$USB_Standard_Requests$1459
  0C:0360    C$USB_Standard_Requests.c$463$2$3
  0C:0363    A$USB_Standard_Requests$1460
  0C:0365    A$USB_Standard_Requests$1464
  0C:0365    C$USB_Standard_Requests.c$469$2$4
  0C:0368    A$USB_Standard_Requests$1465
  0C:036B    A$USB_Standard_Requests$1466
  0C:036E    A$USB_Standard_Requests$1469
  0C:036E    C$USB_Standard_Requests.c$472$2$4
  0C:0371    A$USB_Standard_Requests$1473
  0C:0371    C$USB_Standard_Requests.c$474$1$1
  0C:0374    A$USB_Standard_Requests$1474
  0C:0377    A$USB_Standard_Requests$1477
  0C:0377    C$USB_Standard_Requests.c$475$1$1
  0C:037A    A$USB_Standard_Requests$1480
  0C:037A    C$USB_Standard_Requests.c$476$1$1
  0C:037A    XG$GetConfigurationRequest$0$0
  0C:037B    A$USB_Standard_Requests$1494
  0C:037B    C$USB_Standard_Requests.c$487$1$1
  0C:037B    C$USB_Standard_Requests.c$490$1$1
  0C:037B    G$GetInterfaceRequest$0$0
  0C:037B    _GetInterfaceRequest
  0C:037D    A$USB_Standard_Requests$1495
  0C:037F    A$USB_Standard_Requests$1496
  0C:0381    A$USB_Standard_Requests$1497
  0C:0383    A$USB_Standard_Requests$1498
  0C:0386    A$USB_Standard_Requests$1499
  0C:0387    A$USB_Standard_Requests$1500
  0C:038A    A$USB_Standard_Requests$1501
  0C:038C    A$USB_Standard_Requests$1503
  0C:038E    A$USB_Standard_Requests$1507
  0C:038E    C$USB_Standard_Requests.c$491$1$1
  0C:0390    A$USB_Standard_Requests$1508
  0C:0393    A$USB_Standard_Requests$1509
  0C:0395    A$USB_Standard_Requests$1514
  0C:0395    C$USB_Standard_Requests.c$493$2$2
  0C:0398    A$USB_Standard_Requests$1515
  0C:039A    A$USB_Standard_Requests$1519
  0C:039A    C$USB_Standard_Requests.c$499$2$3
  0C:039C    A$USB_Standard_Requests$1520
  0C:039E    A$USB_Standard_Requests$1521
  0C:039F    A$USB_Standard_Requests$1522
  0C:03A2    A$USB_Standard_Requests$1523
  0C:03A3    A$USB_Standard_Requests$1525
  0C:03A4    A$USB_Standard_Requests$1526
  0C:03A5    A$USB_Standard_Requests$1527
  0C:03A7    A$USB_Standard_Requests$1528
  0C:03A8    A$USB_Standard_Requests$1529
  0C:03AA    A$USB_Standard_Requests$1530
  0C:03AC    A$USB_Standard_Requests$1533
  0C:03AC    C$USB_Standard_Requests.c$500$2$3
  0C:03AF    A$USB_Standard_Requests$1534
  0C:03B1    A$USB_Standard_Requests$1538
  0C:03B1    C$USB_Standard_Requests.c$504$3$4
  0C:03B4    A$USB_Standard_Requests$1539
  0C:03B7    A$USB_Standard_Requests$1540
  0C:03BA    A$USB_Standard_Requests$1543
  0C:03BA    C$USB_Standard_Requests.c$507$3$4
  0C:03BD    A$USB_Standard_Requests$1544
  0C:03C0    A$USB_Standard_Requests$1547
  0C:03C0    C$USB_Standard_Requests.c$508$3$4
  0C:03C3    A$USB_Standard_Requests$1551
  0C:03C3    C$USB_Standard_Requests.c$511$1$1
  0C:03C6    A$USB_Standard_Requests$1554
  0C:03C6    C$USB_Standard_Requests.c$512$1$1
  0C:03C6    XG$GetInterfaceRequest$0$0
  0C:03C7    A$USB_Utilities$840
  0C:03C7    C$USB_Utilities.c$78$0$0
  0C:03C7    G$HaltEndpoint$0$0
  0C:03C7    _HaltEndpoint
  0C:03C9    A$USB_Utilities$841
  0C:03CB    A$USB_Utilities$844
  0C:03CB    C$USB_Utilities.c$83$2$2
  0C:03CE    A$USB_Utilities$846
  0C:03D0    A$USB_Utilities$847
  0C:03D3    A$USB_Utilities$848
  0C:03D5    A$USB_Utilities$851
  0C:03D5    C$USB_Utilities.c$84$2$3
  0C:03D8    A$USB_Utilities$852
  0C:03DA    A$USB_Utilities$853
  0C:03DC    A$USB_Utilities$854
  0C:03DD    A$USB_Utilities$855
  0C:03DF    A$USB_Utilities$857
  0C:03E1    A$USB_Utilities$858
  0C:03E4    A$USB_Utilities$861
  0C:03E4    C$USB_Utilities.c$87$1$1
  0C:03E7    A$USB_Utilities$862
  0C:03EA    A$USB_Utilities$863
  0C:03EC    A$USB_Utilities$865
  0C:03EF    A$USB_Utilities$866
  0C:03F2    A$USB_Utilities$869
  0C:03F2    C$USB_Utilities.c$90$3$5
  0C:03F5    A$USB_Utilities$870
  0C:03F8    A$USB_Utilities$872
  0C:03FA    A$USB_Utilities$873
  0C:03FD    A$USB_Utilities$876
  0C:03FD    C$USB_Utilities.c$91$2$4
  0C:0400    A$USB_Utilities$879
  0C:0400    C$USB_Utilities.c$92$2$4
  0C:0402    A$USB_Utilities$884
  0C:0402    C$USB_Utilities.c$93$2$4
  0C:0402    C$USB_Utilities.c$94$2$4
  0C:0404    A$USB_Utilities$888
  0C:0404    C$USB_Utilities.c$95$3$6
  0C:0407    A$USB_Utilities$889
  0C:040A    A$USB_Utilities$891
  0C:040C    A$USB_Utilities$892
  0C:040F    A$USB_Utilities$895
  0C:040F    C$USB_Utilities.c$96$2$4
  0C:0412    A$USB_Utilities$898
  0C:0412    C$USB_Utilities.c$97$2$4
  0C:0414    A$USB_Utilities$903
  0C:0414    C$USB_Utilities.c$98$2$4
  0C:0414    C$USB_Utilities.c$99$2$4
  0C:0416    A$USB_Utilities$907
  0C:0416    C$USB_Utilities.c$100$2$4
  0C:0418    A$USB_Utilities$913
  0C:0418    C$USB_Utilities.c$103$1$1
  0C:0418    C$USB_Utilities.c$105$2$7
  0C:041B    A$USB_Utilities$914
  0C:041D    A$USB_Utilities$916
  0C:041F    A$USB_Utilities$917
  0C:0422    A$USB_Utilities$920
  0C:0422    C$USB_Utilities.c$106$1$1
  0C:0424    A$USB_Utilities$923
  0C:0424    C$USB_Utilities.c$107$1$1
  0C:0424    XG$HaltEndpoint$0$0
  0C:0425    A$USB_Utilities$938
  0C:0425    C$USB_Utilities.c$120$1$1
  0C:0425    G$EnableEndpoint$0$0
  0C:0425    _EnableEndpoint
  0C:0427    A$USB_Utilities$939
  0C:0429    A$USB_Utilities$942
  0C:0429    C$USB_Utilities.c$125$2$2
  0C:042C    A$USB_Utilities$944
  0C:042E    A$USB_Utilities$945
  0C:0431    A$USB_Utilities$946
  0C:0433    A$USB_Utilities$949
  0C:0433    C$USB_Utilities.c$126$2$3
  0C:0436    A$USB_Utilities$950
  0C:0438    A$USB_Utilities$951
  0C:043A    A$USB_Utilities$952
  0C:043B    A$USB_Utilities$953
  0C:043D    A$USB_Utilities$955
  0C:043F    A$USB_Utilities$956
  0C:0442    A$USB_Utilities$959
  0C:0442    C$USB_Utilities.c$129$1$1
  0C:0445    A$USB_Utilities$960
  0C:0448    A$USB_Utilities$961
  0C:044A    A$USB_Utilities$963
  0C:044D    A$USB_Utilities$964
  0C:0450    A$USB_Utilities$967
  0C:0450    C$USB_Utilities.c$133$3$5
  0C:0453    A$USB_Utilities$968
  0C:0456    A$USB_Utilities$970
  0C:0458    A$USB_Utilities$971
  0C:045B    A$USB_Utilities$974
  0C:045B    C$USB_Utilities.c$134$2$4
  0C:045E    A$USB_Utilities$977
  0C:045E    C$USB_Utilities.c$135$2$4
  0C:0460    A$USB_Utilities$982
  0C:0460    C$USB_Utilities.c$136$2$4
  0C:0460    C$USB_Utilities.c$137$2$4
  0C:0462    A$USB_Utilities$986
  0C:0462    C$USB_Utilities.c$139$3$6
  0C:0465    A$USB_Utilities$987
  0C:0468    A$USB_Utilities$989
  0C:046A    A$USB_Utilities$990
  0C:046D    A$USB_Utilities$993
  0C:046D    C$USB_Utilities.c$140$2$4
  0C:0470    A$USB_Utilities$996
  0C:0470    C$USB_Utilities.c$141$2$4
  0C:0472    A$USB_Utilities$1001
  0C:0472    C$USB_Utilities.c$142$2$4
  0C:0472    C$USB_Utilities.c$143$2$4
  0C:0474    A$USB_Utilities$1005
  0C:0474    C$USB_Utilities.c$144$2$4
  0C:0476    A$USB_Utilities$1011
  0C:0476    C$USB_Utilities.c$147$1$1
  0C:0476    C$USB_Utilities.c$149$2$7
  0C:0479    A$USB_Utilities$1012
  0C:047B    A$USB_Utilities$1014
  0C:047D    A$USB_Utilities$1015
  0C:0480    A$USB_Utilities$1018
  0C:0480    C$USB_Utilities.c$151$1$1
  0C:0482    A$USB_Utilities$1021
  0C:0482    C$USB_Utilities.c$152$1$1
  0C:0482    XG$EnableEndpoint$0$0
  0C:0483    A$USB_Utilities$1035
  0C:0483    C$USB_Utilities.c$165$1$1
  0C:0483    G$GetEpStatus$0$0
  0C:0483    _GetEpStatus
  0C:0485    A$USB_Utilities$1036
  0C:0487    A$USB_Utilities$1039
  0C:0487    C$USB_Utilities.c$170$1$1
  0C:048A    A$USB_Utilities$1040
  0C:048D    A$USB_Utilities$1041
  0C:048F    A$USB_Utilities$1043
  0C:0492    A$USB_Utilities$1044
  0C:0495    A$USB_Utilities$1047
  0C:0495    C$USB_Utilities.c$173$2$2
  0C:0497    A$USB_Utilities$1052
  0C:0497    C$USB_Utilities.c$174$2$2
  0C:0497    C$USB_Utilities.c$175$2$2
  0C:0499    A$USB_Utilities$1056
  0C:0499    C$USB_Utilities.c$176$2$2
  0C:049B    A$USB_Utilities$1061
  0C:049B    C$USB_Utilities.c$177$2$2
  0C:049B    C$USB_Utilities.c$178$2$2
  0C:049D    A$USB_Utilities$1065
  0C:049D    C$USB_Utilities.c$179$2$2
  0C:049F    A$USB_Utilities$1071
  0C:049F    C$USB_Utilities.c$181$1$1
  0C:049F    C$USB_Utilities.c$183$1$1
  0C:04A1    A$USB_Utilities$1074
  0C:04A1    C$USB_Utilities.c$184$1$1
  0C:04A1    XG$GetEpStatus$0$0
  0C:04A2    A$USB_Utilities$1089
  0C:04A2    C$USB_Utilities.c$197$1$1
  0C:04A2    G$SetConfiguration$0$0
  0C:04A2    _SetConfiguration
  0C:04A4    A$USB_Utilities$1092
  0C:04A4    C$USB_Utilities.c$199$1$1
  0C:04A6    A$USB_Utilities$1095
  0C:04A6    C$USB_Utilities.c$205$1$1
  0C:04A9    A$USB_Utilities$1096
  0C:04AC    A$USB_Utilities$1097
  0C:04AF    A$USB_Utilities$1100
  0C:04AF    C$USB_Utilities.c$209$1$1
  0C:04B2    A$USB_Utilities$1101
  0C:04B5    A$USB_Utilities$1102
  0C:04B8    A$USB_Utilities$1103
  0C:04B9    A$USB_Utilities$1104
  0C:04BC    A$USB_Utilities$1105
  0C:04BE    A$USB_Utilities$1109
  0C:04BE    C$USB_Utilities.c$211$2$2
  0C:04C0    A$USB_Utilities$1110
  0C:04C2    A$USB_Utilities$1114
  0C:04C2    C$USB_Utilities.c$217$2$3
  0C:04C4    A$USB_Utilities$1115
  0C:04C6    A$USB_Utilities$1116
  0C:04C7    A$USB_Utilities$1117
  0C:04C8    A$USB_Utilities$1118
  0C:04CA    A$USB_Utilities$1119
  0C:04CB    A$USB_Utilities$1120
  0C:04CD    A$USB_Utilities$1121
  0C:04CF    A$USB_Utilities$1122
  0C:04D1    A$USB_Utilities$1123
  0C:04D3    A$USB_Utilities$1124
  0C:04D6    A$USB_Utilities$1125
  0C:04D7    A$USB_Utilities$1126
  0C:04D9    A$USB_Utilities$1129
  0C:04D9    C$USB_Utilities.c$220$2$3
  0C:04DC    A$USB_Utilities$1134
  0C:04DC    C$USB_Utilities.c$223$2$3
  0C:04DC    C$USB_Utilities.c$226$2$3
  0C:04DF    A$USB_Utilities$1135
  0C:04E2    A$USB_Utilities$1136
  0C:04E3    A$USB_Utilities$1137
  0C:04E6    A$USB_Utilities$1140
  0C:04E6    C$USB_Utilities.c$227$2$3
  0C:04E9    A$USB_Utilities$1141
  0C:04EC    A$USB_Utilities$1142
  0C:04ED    A$USB_Utilities$1143
  0C:04F0    A$USB_Utilities$1146
  0C:04F0    C$USB_Utilities.c$228$2$3
  0C:04F3    A$USB_Utilities$1149
  0C:04F3    C$USB_Utilities.c$230$2$3
  0C:04F6    A$USB_Utilities$1150
  0C:04F9    A$USB_Utilities$1151
  0C:04FB    A$USB_Utilities$1152
  0C:04FD    A$USB_Utilities$1153
  0C:0500    A$USB_Utilities$1154
  0C:0502    A$USB_Utilities$1155
  0C:0504    A$USB_Utilities$1158
  0C:0504    C$USB_Utilities.c$232$2$3
  0C:0507    A$USB_Utilities$1161
  0C:0507    C$USB_Utilities.c$233$2$3
  0C:0509    A$USB_Utilities$1165
  0C:0509    C$USB_Utilities.c$236$1$1
  0C:050B    A$USB_Utilities$1168
  0C:050B    C$USB_Utilities.c$237$1$1
  0C:050B    XG$SetConfiguration$0$0
  0C:050C    A$USB_Utilities$1183
  0C:050C    C$USB_Utilities.c$250$1$1
  0C:050C    G$SetInterface$0$0
  0C:050C    _SetInterface
  0C:050E    A$USB_Utilities$1184
  0C:0510    A$USB_Utilities$1185
  0C:0512    A$USB_Utilities$1188
  0C:0512    C$USB_Utilities.c$252$1$1
  0C:0514    A$USB_Utilities$1191
  0C:0514    C$USB_Utilities.c$256$2$2
  0C:0517    A$USB_Utilities$1193
  0C:0519    A$USB_Utilities$1194
  0C:051C    A$USB_Utilities$1195
  0C:051E    A$USB_Utilities$1198
  0C:051E    C$USB_Utilities.c$259$1$1
  0C:0520    A$USB_Utilities$1199
  0C:0521    A$USB_Utilities$1200
  0C:0522    A$USB_Utilities$1201
  0C:0523    A$USB_Utilities$1202
  0C:0524    A$USB_Utilities$1203
  0C:0525    A$USB_Utilities$1204
  0C:0527    A$USB_Utilities$1205
  0C:0529    A$USB_Utilities$1206
  0C:052B    A$USB_Utilities$1207
  0C:052E    A$USB_Utilities$1208
  0C:052F    A$USB_Utilities$1209
  0C:0531    A$USB_Utilities$1210
  0C:0532    A$USB_Utilities$1211
  0C:0535    A$USB_Utilities$1212
  0C:0536    A$USB_Utilities$1216
  0C:0536    C$USB_Utilities.c$262$2$3
  0C:0538    A$USB_Utilities$1220
  0C:0538    C$USB_Utilities.c$264$3$4
  0C:053B    A$USB_Utilities$1221
  0C:053E    A$USB_Utilities$1223
  0C:0540    A$USB_Utilities$1224
  0C:0543    A$USB_Utilities$1227
  0C:0543    C$USB_Utilities.c$267$3$5
  0C:0546    A$USB_Utilities$1228
  0C:0549    A$USB_Utilities$1230
  0C:054B    A$USB_Utilities$1231
  0C:054E    A$USB_Utilities$1234
  0C:054E    C$USB_Utilities.c$268$2$3
  0C:0551    A$USB_Utilities$1235
  0C:0554    A$USB_Utilities$1238
  0C:0554    C$USB_Utilities.c$269$2$3
  0C:0557    A$USB_Utilities$1239
  0C:055A    A$USB_Utilities$1242
  0C:055A    C$USB_Utilities.c$270$2$3
  0C:055D    A$USB_Utilities$1245
  0C:055D    C$USB_Utilities.c$271$2$3
  0C:0560    A$USB_Utilities$1248
  0C:0560    C$USB_Utilities.c$274$3$6
  0C:0563    A$USB_Utilities$1249
  0C:0566    A$USB_Utilities$1251
  0C:0568    A$USB_Utilities$1252
  0C:056B    A$USB_Utilities$1255
  0C:056B    C$USB_Utilities.c$276$3$7
  0C:056E    A$USB_Utilities$1256
  0C:0571    A$USB_Utilities$1258
  0C:0573    A$USB_Utilities$1259
  0C:0576    A$USB_Utilities$1262
  0C:0576    C$USB_Utilities.c$277$2$3
  0C:0579    A$USB_Utilities$1263
  0C:057C    A$USB_Utilities$1266
  0C:057C    C$USB_Utilities.c$278$2$3
  0C:057F    A$USB_Utilities$1267
  0C:0582    A$USB_Utilities$1270
  0C:0582    C$USB_Utilities.c$279$2$3
  0C:0585    A$USB_Utilities$1273
  0C:0585    C$USB_Utilities.c$280$2$3
  0C:0588    A$USB_Utilities$1276
  0C:0588    C$USB_Utilities.c$282$3$8
  0C:058B    A$USB_Utilities$1277
  0C:058E    A$USB_Utilities$1279
  0C:0590    A$USB_Utilities$1280
  0C:0593    A$USB_Utilities$1283
  0C:0593    C$USB_Utilities.c$293$2$3
  0C:0595    A$USB_Utilities$1287
  0C:0595    C$USB_Utilities.c$294$2$3
  0C:0597    A$USB_Utilities$1293
  0C:0597    C$USB_Utilities.c$295$1$1
  0C:0597    C$USB_Utilities.c$296$2$9
  0C:059A    A$USB_Utilities$1294
  0C:059C    A$USB_Utilities$1296
  0C:059E    A$USB_Utilities$1297
  0C:05A1    A$USB_Utilities$1300
  0C:05A1    C$USB_Utilities.c$298$1$1
  0C:05A3    A$USB_Utilities$1303
  0C:05A3    C$USB_Utilities.c$299$1$1
  0C:05A3    XG$SetInterface$0$0
  0C:05A4    A$USB_Utilities$1320
  0C:05A4    C$USB_Utilities.c$316$1$1
  0C:05A4    G$FIFORead$0$0
  0C:05A4    _FIFORead
  0C:05A6    A$USB_Utilities$1323
  0C:05A6    C$USB_Utilities.c$322$1$1
  0C:05A8    A$USB_Utilities$1324
  0C:05AA    A$USB_Utilities$1325
  0C:05AC    A$USB_Utilities$1328
  0C:05AC    C$USB_Utilities.c$324$2$2
  0C:05AE    A$USB_Utilities$1329
  0C:05AF    A$USB_Utilities$1332
  0C:05AF    C$USB_Utilities.c$327$2$2
  0C:05B1    A$USB_Utilities$1333
  0C:05B3    A$USB_Utilities$1336
  0C:05B3    C$USB_Utilities.c$328$2$2
  0C:05B6    A$USB_Utilities$1339
  0C:05B7    A$USB_Utilities$1340
  0C:05B8    A$USB_Utilities$1341
  0C:05B9    A$USB_Utilities$1342
  0C:05BB    A$USB_Utilities$1343
  0C:05BD    A$USB_Utilities$1344
  0C:05BE    A$USB_Utilities$1345
  0C:05C0    A$USB_Utilities$1346
  0C:05C2    A$USB_Utilities$1347
  0C:05C3    A$USB_Utilities$1348
  0C:05C4    A$USB_Utilities$1349
  0C:05C6    A$USB_Utilities$1350
  0C:05C8    A$USB_Utilities$1352
  0C:05C9    A$USB_Utilities$1353
  0C:05CB    A$USB_Utilities$1354
  0C:05CC    A$USB_Utilities$1355
  0C:05CE    A$USB_Utilities$1356
  0C:05CF    A$USB_Utilities$1357
  0C:05D1    A$USB_Utilities$1361
  0C:05D1    C$USB_Utilities.c$334$3$3
  0C:05D3    A$USB_Utilities$1362
  0C:05D6    A$USB_Utilities$1365
  0C:05D6    C$USB_Utilities.c$335$3$3
  0C:05D8    A$USB_Utilities$1366
  0C:05DA    A$USB_Utilities$1367
  0C:05DB    A$USB_Utilities$1368
  0C:05DD    A$USB_Utilities$1369
  0C:05DF    A$USB_Utilities$1370
  0C:05E0    A$USB_Utilities$1371
  0C:05E2    A$USB_Utilities$1372
  0C:05E4    A$USB_Utilities$1373
  0C:05E6    A$USB_Utilities$1374
  0C:05E8    A$USB_Utilities$1375
  0C:05EA    A$USB_Utilities$1376
  0C:05ED    A$USB_Utilities$1379
  0C:05ED    C$USB_Utilities.c$332$2$2
  0C:05EF    A$USB_Utilities$1380
  0C:05F0    A$USB_Utilities$1381
  0C:05F3    A$USB_Utilities$1382
  0C:05F5    A$USB_Utilities$1384
  0C:05F7    A$USB_Utilities$1385
  0C:05F9    A$USB_Utilities$1388
  0C:05F9    C$USB_Utilities.c$339$2$1
  0C:05FB    A$USB_Utilities$1390
  0C:05FD    A$USB_Utilities$1391
  0C:05FF    A$USB_Utilities$1393
  0C:0601    A$USB_Utilities$1394
  0C:0604    A$USB_Utilities$1397
  0C:0604    C$USB_Utilities.c$340$2$2
  0C:0605    A$USB_Utilities$1398
  0C:0607    A$USB_Utilities$1399
  0C:0608    A$USB_Utilities$1400
  0C:0609    A$USB_Utilities$1401
  0C:060B    A$USB_Utilities$1402
  0C:060C    A$USB_Utilities$1403
  0C:060E    A$USB_Utilities$1404
  0C:0610    A$USB_Utilities$1405
  0C:0612    A$USB_Utilities$1406
  0C:0614    A$USB_Utilities$1407
  0C:0616    A$USB_Utilities$1408
  0C:0619    A$USB_Utilities$1411
  0C:0619    C$USB_Utilities.c$341$2$2
  0C:061C    A$USB_Utilities$1415
  0C:061C    C$USB_Utilities.c$343$2$1
  0C:061C    XG$FIFORead$0$0
  0C:061D    A$USB_Utilities$1432
  0C:061D    C$USB_Utilities.c$360$2$1
  0C:061D    G$FIFOWrite$0$0
  0C:061D    _FIFOWrite
  0C:061F    A$USB_Utilities$1435
  0C:061F    C$USB_Utilities.c$366$1$1
  0C:0621    A$USB_Utilities$1436
  0C:0623    A$USB_Utilities$1437
  0C:0625    A$USB_Utilities$1440
  0C:0625    C$USB_Utilities.c$368$2$2
  0C:0627    A$USB_Utilities$1441
  0C:0628    A$USB_Utilities$1442
  0C:0629    A$USB_Utilities$1446
  0C:0629    C$USB_Utilities.c$371$2$2
  0C:062B    A$USB_Utilities$1447
  0C:062E    A$USB_Utilities$1450
  0C:062E    C$USB_Utilities.c$373$2$2
  0C:0630    A$USB_Utilities$1451
  0C:0631    A$USB_Utilities$1452
  0C:0633    A$USB_Utilities$1455
  0C:0633    C$USB_Utilities.c$376$2$1
  0C:0635    A$USB_Utilities$1456
  0C:0637    A$USB_Utilities$1458
  0C:0638    A$USB_Utilities$1459
  0C:0639    A$USB_Utilities$1460
  0C:063B    A$USB_Utilities$1461
  0C:063C    A$USB_Utilities$1462
  0C:063E    A$USB_Utilities$1463
  0C:0640    A$USB_Utilities$1466
  0C:0640    C$USB_Utilities.c$378$3$3
  0C:0641    A$USB_Utilities$1467
  0C:0643    A$USB_Utilities$1468
  0C:0644    A$USB_Utilities$1469
  0C:0645    A$USB_Utilities$1470
  0C:0647    A$USB_Utilities$1471
  0C:0648    A$USB_Utilities$1472
  0C:064A    A$USB_Utilities$1473
  0C:064C    A$USB_Utilities$1474
  0C:064E    A$USB_Utilities$1475
  0C:0650    A$USB_Utilities$1476
  0C:0653    A$USB_Utilities$1477
  0C:0655    A$USB_Utilities$1481
  0C:0655    C$USB_Utilities.c$379$3$3
  0C:0657    A$USB_Utilities$1482
  0C:065A    A$USB_Utilities$1485
  0C:065A    C$USB_Utilities.c$376$2$2
  0C:065B    A$USB_Utilities$1486
  0C:065E    A$USB_Utilities$1487
  0C:065F    A$USB_Utilities$1488
  0C:0661    A$USB_Utilities$1492
  0C:0661    C$USB_Utilities.c$382$2$1
  0C:0661    XG$FIFOWrite$0$0
  0C:0662    A$Interrupts$857
  0C:0662    C$Interrupts.c$60$0$0
  0C:0662    G$USB_ISR$0$0
  0C:0662    _USB_ISR
  0C:0664    A$Interrupts$858
  0C:0666    A$Interrupts$859
  0C:0668    A$Interrupts$860
  0C:066A    A$Interrupts$861
  0C:066C    A$Interrupts$862
  0C:066E    A$Interrupts$863
  0C:0670    A$Interrupts$864
  0C:0672    A$Interrupts$865
  0C:0674    A$Interrupts$866
  0C:0676    A$Interrupts$867
  0C:0678    A$Interrupts$868
  0C:067A    A$Interrupts$869
  0C:067C    A$Interrupts$870
  0C:067E    A$Interrupts$871
  0C:0681    A$Interrupts$874
  0C:0681    C$Interrupts.c$68$2$2
  0C:0684    A$Interrupts$876
  0C:0686    A$Interrupts$877
  0C:0689    A$Interrupts$878
  0C:068B    A$Interrupts$881
  0C:068B    C$Interrupts.c$69$2$3
  0C:068E    A$Interrupts$883
  0C:0690    A$Interrupts$884
  0C:0693    A$Interrupts$885
  0C:0695    A$Interrupts$888
  0C:0695    C$Interrupts.c$70$2$4
  0C:0698    A$Interrupts$890
  0C:069A    A$Interrupts$891
  0C:069D    A$Interrupts$892
  0C:069F    A$Interrupts$895
  0C:069F    C$Interrupts.c$74$1$1
  0C:06A0    A$Interrupts$896
  0C:06A3    A$Interrupts$899
  0C:06A3    C$Interrupts.c$77$2$5
  0C:06A5    A$Interrupts$900
  0C:06A7    A$Interrupts$901
  0C:06AA    A$Interrupts$902
  0C:06AC    A$Interrupts$903
  0C:06AE    A$Interrupts$906
  0C:06AE    C$Interrupts.c$80$2$5
  0C:06B1    A$Interrupts$910
  0C:06B1    C$Interrupts.c$85$1$1
  0C:06B2    A$Interrupts$911
  0C:06B5    A$Interrupts$914
  0C:06B5    C$Interrupts.c$88$2$6
  0C:06B7    A$Interrupts$915
  0C:06B9    A$Interrupts$916
  0C:06BC    A$Interrupts$917
  0C:06BE    A$Interrupts$918
  0C:06C0    A$Interrupts$922
  0C:06C0    C$Interrupts.c$92$1$1
  0C:06C1    A$Interrupts$923
  0C:06C4    A$Interrupts$926
  0C:06C4    C$Interrupts.c$95$2$7
  0C:06C6    A$Interrupts$927
  0C:06C9    A$Interrupts$928
  0C:06CB    A$Interrupts$932
  0C:06CB    C$Interrupts.c$99$1$1
  0C:06CC    A$Interrupts$933
  0C:06CF    A$Interrupts$936
  0C:06CF    C$Interrupts.c$102$2$8
  0C:06D2    A$Interrupts$938
  0C:06D4    A$Interrupts$939
  0C:06D6    A$Interrupts$940
  0C:06D8    A$Interrupts$941
  0C:06DA    A$Interrupts$942
  0C:06DC    A$Interrupts$943
  0C:06DE    A$Interrupts$944
  0C:06E0    A$Interrupts$945
  0C:06E2    A$Interrupts$946
  0C:06E4    A$Interrupts$947
  0C:06E6    A$Interrupts$948
  0C:06E8    A$Interrupts$949
  0C:06EA    A$Interrupts$950
  0C:06EC    A$Interrupts$951
  0C:06EE    A$Interrupts$954
  0C:06EE    C$Interrupts.c$107$2$1
  0C:06EE    XG$USB_ISR$0$0
  0C:06EF    A$Interrupts$971
  0C:06EF    C$Interrupts.c$125$2$1
  0C:06EF    C$Interrupts.c$130$1$1
  0C:06EF    G$Endpoint1$0$0
  0C:06EF    _Endpoint1
  0C:06F2    A$Interrupts$974
  0C:06F2    C$Interrupts.c$133$1$1
  0C:06F5    A$Interrupts$975
  0C:06F8    A$Interrupts$976
  0C:06FB    A$Interrupts$977
  0C:06FE    A$Interrupts$978
  0C:06FF    A$Interrupts$979
  0C:0701    A$Interrupts$980
  0C:0704    A$Interrupts$981
  0C:0707    A$Interrupts$984
  0C:0707    C$Interrupts.c$136$1$1
  0C:0708    A$Interrupts$985
  0C:070B    A$Interrupts$986
  0C:070D    A$Interrupts$988
  0C:070F    A$Interrupts$989
  0C:0712    A$Interrupts$990
  0C:0714    A$Interrupts$992
  0C:0716    A$Interrupts$995
  0C:0716    C$Interrupts.c$138$2$2
  0C:0719    A$Interrupts$996
  0C:071B    A$Interrupts$1004
  0C:071B    C$Interrupts.c$139$2$2
  0C:071B    C$Interrupts.c$140$2$2
  0C:071B    C$Interrupts.c$142$2$2
  0C:071E    A$Interrupts$1012
  0C:071E    C$Interrupts.c$143$2$2
  0C:071E    C$Interrupts.c$144$2$2
  0C:071E    C$Interrupts.c$146$2$2
  0C:0721    A$Interrupts$1020
  0C:0721    C$Interrupts.c$147$2$2
  0C:0721    C$Interrupts.c$149$1$1
  0C:0721    C$Interrupts.c$150$1$1
  0C:0721    XG$Endpoint1$0$0
  0C:0724    A$Interrupts$1022
  0C:0725    A$Interrupts$1039
  0C:0725    C$Interrupts.c$163$1$1
  0C:0725    C$Interrupts.c$171$1$1
  0C:0725    G$SetVoltage$0$0
  0C:0725    _SetVoltage
  0C:0728    A$Interrupts$1040
  0C:072B    A$Interrupts$1041
  0C:072E    A$Interrupts$1042
  0C:0731    A$Interrupts$1043
  0C:0732    A$Interrupts$1044
  0C:0734    A$Interrupts$1045
  0C:0737    A$Interrupts$1048
  0C:0737    C$Interrupts.c$174$1$1
  0C:0737    XG$SetVoltage$0$0
  0C:073A    A$Interrupts$1065
  0C:073A    C$Interrupts.c$187$1$1
  0C:073A    C$Interrupts.c$192$1$1
  0C:073A    G$SetLaser$0$0
  0C:073A    _SetLaser
  0C:073D    A$Interrupts$1068
  0C:073D    C$Interrupts.c$195$1$1
  0C:0740    A$Interrupts$1069
  0C:0743    A$Interrupts$1070
  0C:0746    A$Interrupts$1071
  0C:0749    A$Interrupts$1072
  0C:074A    A$Interrupts$1073
  0C:074C    A$Interrupts$1074
  0C:074F    A$Interrupts$1075
  0C:0752    A$Interrupts$1078
  0C:0752    C$Interrupts.c$198$2$2
  0C:0754    A$Interrupts$1079
  0C:0755    A$Interrupts$1080
  0C:0756    A$Interrupts$1081
  0C:0758    A$Interrupts$1082
  0C:075B    A$Interrupts$1084
  0C:075D    A$Interrupts$1085
  0C:0760    A$Interrupts$1088
  0C:0760    C$Interrupts.c$199$2$2
  0C:0760    XG$SetLaser$0$0
  0C:0761    A$Interrupts$1109
  0C:0761    C$Interrupts.c$212$2$2
  0C:0761    C$Interrupts.c$217$1$2
  0C:0761    G$PulseMotor$0$0
  0C:0761    _PulseMotor
  0C:0764    A$Interrupts$1112
  0C:0764    C$Interrupts.c$218$1$2
  0C:0767    A$Interrupts$1115
  0C:0767    C$Interrupts.c$219$1$2
  0C:0769    A$Interrupts$1116
  0C:076A    A$Interrupts$1117
  0C:076B    A$Interrupts$1118
  0C:076C    A$Interrupts$1121
  0C:076C    C$Interrupts.c$220$1$2
  0C:076E    A$Interrupts$1122
  0C:076F    A$Interrupts$1123
  0C:0770    A$Interrupts$1124
  0C:0771    A$Interrupts$1127
  0C:0771    C$Interrupts.c$224$1$1
  0C:0774    A$Interrupts$1128
  0C:0777    A$Interrupts$1129
  0C:077A    A$Interrupts$1130
  0C:077D    A$Interrupts$1131
  0C:077E    A$Interrupts$1132
  0C:0780    A$Interrupts$1133
  0C:0783    A$Interrupts$1134
  0C:0785    A$Interrupts$1135
  0C:0787    A$Interrupts$1136
  0C:078A    A$Interrupts$1139
  0C:078A    C$Interrupts.c$227$1$1
  0C:078D    A$Interrupts$1140
  0C:0790    A$Interrupts$1141
  0C:0793    A$Interrupts$1142
  0C:0796    A$Interrupts$1143
  0C:0797    A$Interrupts$1144
  0C:0799    A$Interrupts$1145
  0C:079C    A$Interrupts$1146
  0C:079F    A$Interrupts$1147
  0C:07A1    A$Interrupts$1148
  0C:07A3    A$Interrupts$1151
  0C:07A3    C$Interrupts.c$230$1$1
  0C:07A5    A$Interrupts$1152
  0C:07A8    A$Interrupts$1155
  0C:07A8    C$Interrupts.c$232$2$2
  0C:07AA    A$Interrupts$1156
  0C:07AB    A$Interrupts$1157
  0C:07AC    A$Interrupts$1158
  0C:07AD    A$Interrupts$1161
  0C:07AD    C$Interrupts.c$233$2$2
  0C:07AF    A$Interrupts$1162
  0C:07B0    A$Interrupts$1163
  0C:07B1    A$Interrupts$1164
  0C:07B2    A$Interrupts$1168
  0C:07B2    C$Interrupts.c$237$2$3
  0C:07B4    A$Interrupts$1169
  0C:07B5    A$Interrupts$1170
  0C:07B6    A$Interrupts$1171
  0C:07B8    A$Interrupts$1172
  0C:07BB    A$Interrupts$1174
  0C:07BD    A$Interrupts$1175
  0C:07C0    A$Interrupts$1178
  0C:07C0    C$Interrupts.c$240$2$4
  0C:07C2    A$Interrupts$1179
  0C:07C5    A$Interrupts$1181
  0C:07C7    A$Interrupts$1182
  0C:07CA    A$Interrupts$1185
  0C:07CA    C$Interrupts.c$243$2$5
  0C:07CC    A$Interrupts$1186
  0C:07CF    A$Interrupts$1188
  0C:07D1    A$Interrupts$1189
  0C:07D4    A$Interrupts$1192
  0C:07D4    C$Interrupts.c$246$2$6
  0C:07D6    A$Interrupts$1193
  0C:07D8    A$Interrupts$1195
  0C:07DA    A$Interrupts$1196
  0C:07DC    A$Interrupts$1197
  0C:07DD    A$Interrupts$1198
  0C:07E0    A$Interrupts$1199
  0C:07E1    A$Interrupts$1201
  0C:07E2    A$Interrupts$1202
  0C:07E3    A$Interrupts$1205
  0C:07E3    C$Interrupts.c$249$2$6
  0C:07E5    A$Interrupts$1206
  0C:07E7    A$Interrupts$1207
  0C:07E9    A$Interrupts$1209
  0C:07EB    A$Interrupts$1210
  0C:07EE    A$Interrupts$1213
  0C:07EE    C$Interrupts.c$250$2$6
  0C:07EE    XG$PulseMotor$0$0
  0C:07EF    A$Interrupts$1230
  0C:07EF    C$Interrupts.c$264$2$6
  0C:07EF    C$Interrupts.c$269$1$6
  0C:07EF    G$Endpoint2$0$0
  0C:07EF    _Endpoint2
  0C:07F2    A$Interrupts$1233
  0C:07F2    C$Interrupts.c$272$1$1
  0C:07F5    A$Interrupts$1234
  0C:07F8    A$Interrupts$1235
  0C:07FB    A$Interrupts$1236
  0C:07FE    A$Interrupts$1237
  0C:07FF    A$Interrupts$1238
  0C:0801    A$Interrupts$1239
  0C:0804    A$Interrupts$1240
  0C:0807    A$Interrupts$1243
  0C:0807    C$Interrupts.c$276$1$1
  0C:0809    A$Interrupts$1244
  0C:080C    A$Interrupts$1249
  0C:080C    C$Interrupts.c$277$1$1
  0C:080C    C$Interrupts.c$278$1$1
  0C:080C    XG$Endpoint2$0$0
  0C:080F    A$Interrupts$1251
  0C:0810    A$Interrupts$1268
  0C:0810    C$Interrupts.c$291$1$1
  0C:0810    C$Interrupts.c$301$1$1
  0C:0810    G$ReadCurrent$0$0
  0C:0810    _ReadCurrent
  0C:0813    A$Interrupts$1269
  0C:0816    A$Interrupts$1270
  0C:0819    A$Interrupts$1271
  0C:081C    A$Interrupts$1272
  0C:081D    A$Interrupts$1273
  0C:081F    A$Interrupts$1274
  0C:0822    A$Interrupts$1277
  0C:0822    C$Interrupts.c$302$1$1
  0C:0822    XG$ReadCurrent$0$0
  0C:0825    A$Interrupts$1296
  0C:0825    C$Interrupts.c$319$1$1
  0C:0825    C$Interrupts.c$325$1$1
  0C:0825    C$Interrupts.c$326$2$5
  0C:0825    G$USBReset$0$0
  0C:0825    _USBReset
  0C:0827    A$Interrupts$1297
  0C:0829    A$Interrupts$1298
  0C:082B    A$Interrupts$1299
  0C:082D    A$Interrupts$1303
  0C:082D    C$Interrupts.c$328$2$2
  0C:082F    A$Interrupts$1304
  0C:0831    A$Interrupts$1305
  0C:0833    A$Interrupts$1306
  0C:0834    A$Interrupts$1307
  0C:0837    A$Interrupts$1308
  0C:0838    A$Interrupts$1309
  0C:083A    A$Interrupts$1310
  0C:083C    A$Interrupts$1311
  0C:083E    A$Interrupts$1316
  0C:083E    C$Interrupts.c$326$2$2
  0C:083E    C$Interrupts.c$332$1$1
  0C:0841    A$Interrupts$1319
  0C:0841    C$Interrupts.c$336$1$1
  0C:0844    A$Interrupts$1322
  0C:0844    C$Interrupts.c$337$1$1
  0C:0847    A$Interrupts$1325
  0C:0847    C$Interrupts.c$342$1$1
  0C:084A    A$Interrupts$1328
  0C:084A    C$Interrupts.c$343$1$1
  0C:084D    A$Interrupts$1331
  0C:084D    C$Interrupts.c$344$1$1
  0C:0850    A$Interrupts$1332
  0C:0853    A$Interrupts$1335
  0C:0853    C$Interrupts.c$347$1$1
  0C:0856    A$Interrupts$1338
  0C:0856    C$Interrupts.c$348$1$1
  0C:0859    A$Interrupts$1339
  0C:085C    A$Interrupts$1342
  0C:085C    C$Interrupts.c$351$1$1
  0C:085F    A$Interrupts$1345
  0C:085F    C$Interrupts.c$352$1$1
  0C:0862    A$Interrupts$1346
  0C:0865    A$Interrupts$1349
  0C:0865    C$Interrupts.c$368$2$5
  0C:0868    A$Interrupts$1350
  0C:086B    A$Interrupts$1352
  0C:086D    A$Interrupts$1353
  0C:0870    A$Interrupts$1356
  0C:0870    C$Interrupts.c$369$2$5
  0C:0870    XG$USBReset$0$0
  0C:0871    A$Interrupts$1373
  0C:0871    C$Interrupts.c$381$2$5
  0C:0871    C$Interrupts.c$386$2$2
  0C:0871    G$Endpoint0$0$0
  0C:0871    _Endpoint0
  0C:0874    A$Interrupts$1374
  0C:0877    A$Interrupts$1376
  0C:0879    A$Interrupts$1377
  0C:087C    A$Interrupts$1380
  0C:087C    C$Interrupts.c$387$2$3
  0C:087F    A$Interrupts$1382
  0C:0881    A$Interrupts$1383
  0C:0884    A$Interrupts$1386
  0C:0884    C$Interrupts.c$390$1$1
  0C:0886    A$Interrupts$1387
  0C:0887    A$Interrupts$1388
  0C:088A    A$Interrupts$1391
  0C:088A    C$Interrupts.c$392$3$5
  0C:088D    A$Interrupts$1392
  0C:0890    A$Interrupts$1394
  0C:0892    A$Interrupts$1395
  0C:0895    A$Interrupts$1398
  0C:0895    C$Interrupts.c$393$2$4
  0C:0898    A$Interrupts$1401
  0C:0898    C$Interrupts.c$394$2$4
  0C:089B    A$Interrupts$1405
  0C:089B    C$Interrupts.c$398$1$1
  0C:089C    A$Interrupts$1406
  0C:089F    A$Interrupts$1409
  0C:089F    C$Interrupts.c$400$3$7
  0C:08A2    A$Interrupts$1410
  0C:08A5    A$Interrupts$1412
  0C:08A7    A$Interrupts$1413
  0C:08AA    A$Interrupts$1416
  0C:08AA    C$Interrupts.c$401$2$6
  0C:08AD    A$Interrupts$1419
  0C:08AD    C$Interrupts.c$402$2$6
  0C:08B0    A$Interrupts$1423
  0C:08B0    C$Interrupts.c$406$1$1
  0C:08B1    A$Interrupts$1424
  0C:08B4    A$Interrupts$1425
  0C:08B7    A$Interrupts$1429
  0C:08B7    C$Interrupts.c$409$2$8
  0C:08BA    A$Interrupts$1430
  0C:08BD    A$Interrupts$1431
  0C:08C0    A$Interrupts$1432
  0C:08C3    A$Interrupts$1433
  0C:08C4    A$Interrupts$1434
  0C:08C6    A$Interrupts$1435
  0C:08C9    A$Interrupts$1436
  0C:08CC    A$Interrupts$1439
  0C:08CC    C$Interrupts.c$412$2$8
  0C:08CE    A$Interrupts$1442
  0C:08CE    C$Interrupts.c$413$2$8
  0C:08D0    A$Interrupts$1443
  0C:08D2    A$Interrupts$1446
  0C:08D2    C$Interrupts.c$414$2$8
  0C:08D4    A$Interrupts$1449
  0C:08D4    C$Interrupts.c$417$2$8
  0C:08D6    A$Interrupts$1452
  0C:08D6    C$Interrupts.c$418$2$8
  0C:08D8    A$Interrupts$1453
  0C:08DA    A$Interrupts$1456
  0C:08DA    C$Interrupts.c$419$2$8
  0C:08DC    A$Interrupts$1459
  0C:08DC    C$Interrupts.c$422$2$8
  0C:08DE    A$Interrupts$1462
  0C:08DE    C$Interrupts.c$423$2$8
  0C:08E0    A$Interrupts$1463
  0C:08E2    A$Interrupts$1466
  0C:08E2    C$Interrupts.c$424$2$8
  0C:08E4    A$Interrupts$1469
  0C:08E4    C$Interrupts.c$427$2$8
  0C:08E6    A$Interrupts$1470
  0C:08E8    A$Interrupts$1471
  0C:08E9    A$Interrupts$1472
  0C:08EB    A$Interrupts$1473
  0C:08EE    A$Interrupts$1474
  0C:08F0    A$Interrupts$1476
  0C:08F3    A$Interrupts$1482
  0C:08F3    C$Interrupts.c$429$3$9
  0C:08F3    C$Interrupts.c$431$3$9
  0C:08F5    A$Interrupts$1483
  0C:08F8    A$Interrupts$1484
  0C:08FA    A$Interrupts$1486
  0C:08FD    A$Interrupts$1487
  0C:08FF    A$Interrupts$1489
  0C:0902    A$Interrupts$1490
  0C:0904    A$Interrupts$1492
  0C:0907    A$Interrupts$1493
  0C:0909    A$Interrupts$1495
  0C:090C    A$Interrupts$1496
  0C:090E    A$Interrupts$1500
  0C:090E    C$Interrupts.c$433$4$10
  0C:0911    A$Interrupts$1501
  0C:0913    A$Interrupts$1505
  0C:0913    C$Interrupts.c$434$4$10
  0C:0916    A$Interrupts$1510
  0C:0916    C$Interrupts.c$435$4$10
  0C:0916    C$Interrupts.c$436$4$10
  0C:0918    A$Interrupts$1514
  0C:0918    C$Interrupts.c$437$4$10
  0C:091B    A$Interrupts$1519
  0C:091B    C$Interrupts.c$438$4$10
  0C:091B    C$Interrupts.c$439$4$10
  0C:091D    A$Interrupts$1523
  0C:091D    C$Interrupts.c$440$4$10
  0C:0920    A$Interrupts$1528
  0C:0920    C$Interrupts.c$441$4$10
  0C:0920    C$Interrupts.c$442$4$10
  0C:0922    A$Interrupts$1532
  0C:0922    C$Interrupts.c$443$4$10
  0C:0925    A$Interrupts$1537
  0C:0925    C$Interrupts.c$444$4$10
  0C:0925    C$Interrupts.c$445$4$10
  0C:0927    A$Interrupts$1541
  0C:0927    C$Interrupts.c$446$4$10
  0C:092A    A$Interrupts$1546
  0C:092A    C$Interrupts.c$447$4$10
  0C:092A    C$Interrupts.c$450$4$10
  0C:092C    A$Interrupts$1550
  0C:092C    C$Interrupts.c$451$4$10
  0C:092F    A$Interrupts$1555
  0C:092F    C$Interrupts.c$454$3$9
  0C:092F    C$Interrupts.c$457$3$9
  0C:0931    A$Interrupts$1559
  0C:0931    C$Interrupts.c$458$3$9
  0C:0933    A$Interrupts$1560
  0C:0936    A$Interrupts$1561
  0C:0938    A$Interrupts$1563
  0C:093B    A$Interrupts$1564
  0C:093D    A$Interrupts$1566
  0C:0940    A$Interrupts$1567
  0C:0942    A$Interrupts$1571
  0C:0942    C$Interrupts.c$460$4$11
  0C:0945    A$Interrupts$1572
  0C:0947    A$Interrupts$1576
  0C:0947    C$Interrupts.c$461$4$11
  0C:094A    A$Interrupts$1581
  0C:094A    C$Interrupts.c$462$4$11
  0C:094A    C$Interrupts.c$463$4$11
  0C:094C    A$Interrupts$1585
  0C:094C    C$Interrupts.c$464$4$11
  0C:094F    A$Interrupts$1590
  0C:094F    C$Interrupts.c$465$4$11
  0C:094F    C$Interrupts.c$466$4$11
  0C:0951    A$Interrupts$1594
  0C:0951    C$Interrupts.c$467$4$11
  0C:0954    A$Interrupts$1599
  0C:0954    C$Interrupts.c$468$4$11
  0C:0954    C$Interrupts.c$469$4$11
  0C:0956    A$Interrupts$1603
  0C:0956    C$Interrupts.c$470$4$11
  0C:0959    A$Interrupts$1608
  0C:0959    C$Interrupts.c$471$4$11
  0C:0959    C$Interrupts.c$474$4$11
  0C:095B    A$Interrupts$1612
  0C:095B    C$Interrupts.c$475$4$11
  0C:095E    A$Interrupts$1617
  0C:095E    C$Interrupts.c$478$3$9
  0C:095E    C$Interrupts.c$480$3$9
  0C:0960    A$Interrupts$1621
  0C:0960    C$Interrupts.c$481$3$9
  0C:0963    A$Interrupts$1627
  0C:0963    C$Interrupts.c$482$2$8
  0C:0963    C$Interrupts.c$485$2$8
  0C:0965    A$Interrupts$1630
  0C:0965    C$Interrupts.c$486$2$8
  0C:0967    A$Interrupts$1631
  0C:096A    A$Interrupts$1634
  0C:096A    C$Interrupts.c$488$3$12
  0C:096C    A$Interrupts$1637
  0C:096C    C$Interrupts.c$490$3$12
  0C:096F    A$Interrupts$1641
  0C:096F    C$Interrupts.c$493$3$13
  0C:0972    A$Interrupts$1642
  0C:0974    A$Interrupts$1644
  0C:0976    A$Interrupts$1645
  0C:0979    A$Interrupts$1649
  0C:0979    C$Interrupts.c$496$1$1
  0C:097B    A$Interrupts$1652
  0C:097B    C$Interrupts.c$499$1$1
  0C:097D    A$Interrupts$1653
  0C:0980    A$Interrupts$1656
  0C:0980    C$Interrupts.c$504$2$14
  0C:0982    A$Interrupts$1657
  0C:0984    A$Interrupts$1658
  0C:0985    A$Interrupts$1659
  0C:0987    A$Interrupts$1660
  0C:0988    A$Interrupts$1661
  0C:0989    A$Interrupts$1662
  0C:098A    A$Interrupts$1663
  0C:098C    A$Interrupts$1666
  0C:098C    C$Interrupts.c$506$3$15
  0C:098E    A$Interrupts$1669
  0C:098E    C$Interrupts.c$507$3$15
  0C:0991    A$Interrupts$1670
  0C:0994    A$Interrupts$1673
  0C:0994    C$Interrupts.c$508$3$15
  0C:0996    A$Interrupts$1676
  0C:0996    C$Interrupts.c$510$3$15
  0C:0999    A$Interrupts$1677
  0C:099B    A$Interrupts$1681
  0C:099B    C$Interrupts.c$516$3$16
  0C:099D    A$Interrupts$1684
  0C:099D    C$Interrupts.c$517$3$16
  0C:099E    A$Interrupts$1685
  0C:09A0    A$Interrupts$1686
  0C:09A1    A$Interrupts$1687
  0C:09A2    A$Interrupts$1688
  0C:09A4    A$Interrupts$1689
  0C:09A5    A$Interrupts$1690
  0C:09A7    A$Interrupts$1691
  0C:09A9    A$Interrupts$1695
  0C:09A9    C$Interrupts.c$521$2$14
  0C:09AB    A$Interrupts$1696
  0C:09AE    A$Interrupts$1697
  0C:09B1    A$Interrupts$1698
  0C:09B4    A$Interrupts$1699
  0C:09B7    A$Interrupts$1700
  0C:09BA    A$Interrupts$1701
  0C:09BC    A$Interrupts$1702
  0C:09BE    A$Interrupts$1703
  0C:09C1    A$Interrupts$1704
  0C:09C3    A$Interrupts$1705
  0C:09C5    A$Interrupts$1708
  0C:09C5    C$Interrupts.c$524$2$14
  0C:09C6    A$Interrupts$1709
  0C:09C8    A$Interrupts$1710
  0C:09C9    A$Interrupts$1711
  0C:09CA    A$Interrupts$1712
  0C:09CC    A$Interrupts$1713
  0C:09CD    A$Interrupts$1714
  0C:09CF    A$Interrupts$1715
  0C:09D1    A$Interrupts$1716
  0C:09D3    A$Interrupts$1717
  0C:09D5    A$Interrupts$1720
  0C:09D5    C$Interrupts.c$527$2$14
  0C:09D8    A$Interrupts$1723
  0C:09D8    C$Interrupts.c$531$3$17
  0C:09DB    A$Interrupts$1724
  0C:09DD    A$Interrupts$1726
  0C:09DF    A$Interrupts$1727
  0C:09E2    A$Interrupts$1731
  0C:09E2    C$Interrupts.c$533$3$1
  0C:09E2    XG$Endpoint0$0$0
  0C:09E3    __gptrput
  0C:09FC    __gptrget
  0C:0A18    __sdcc_external_startup

Hexadecimal

Area                               Addr   Size   Decimal Bytes (Attributes)
--------------------------------   ----   ----   ------- ----- ------------
CONST                              0A1C   0049 =     73. bytes (REL,CON,CODE)

      Value  Global
   --------  --------------------------------
  0C:0A1C    G$gDescriptorMap$0$0
  0C:0A1C    _gDescriptorMap

ASxxxx Linker V01.75 + NoICE + SDCC Feb 1999,  page 1.

Files Linked      [ module(s) ]

C:\Users\rdherric\Documents\RDH2\Projects\SHArK\trunk\Firmware\Main.rel
C:\Users\rdherric\Documents\RDH2\Projects\SHArK\trunk\Firmware\USB_Descriptors.rel
C:\Users\rdherric\Documents\RDH2\Projects\SHArK\trunk\Firmware\USB_Standard_Requests.rel
C:\Users\rdherric\Documents\RDH2\Projects\SHArK\trunk\Firmware\USB_Utilities.rel
C:\Users\rdherric\Documents\RDH2\Projects\SHArK\trunk\Firmware\Interrupts.rel

Libraries Linked            [   object  file   ]

C:\Program Files (x86)\SDCC\bin\..\lib\small/mcs51.lib    [     crtclear.rel ]
C:\Program Files (x86)\SDCC\bin\..\lib\small/mcs51.lib    [     crtxinit.rel ]
C:\Program Files (x86)\SDCC\bin\..\lib\small/libsdcc.lib    [     _gptrput.rel ]
C:\Program Files (x86)\SDCC\bin\..\lib\small/mcs51.lib    [    crtxclear.rel ]
C:\Program Files (x86)\SDCC\bin\..\lib\small/mcs51.lib    [   crtpagesfr.rel ]
C:\Program Files (x86)\SDCC\bin\..\lib\small/mcs51.lib    [     crtstart.rel ]
C:\Program Files (x86)\SDCC\bin\..\lib\small/libsdcc.lib    [     _gptrget.rel ]
C:\Program Files (x86)\SDCC\bin\..\lib\small/libsdcc.lib    [     _startup.rel ]

ASxxxx Linker V01.75 + NoICE + SDCC Feb 1999,  page 2.

User Base Address Definitions

HOME = 0x0000
ISEG = 0x0000
BSEG = 0x0000

