
Hexadecimal

Area                               Addr   Size   Decimal Bytes (Attributes)
--------------------------------   ----   ----   ------- ----- ------------
CABS                               0000   0000 =      0. bytes (ABS,CON,CODE)

      Value  Global
   --------  --------------------------------
  0C:FFFFFF00    s_BSEG
  0C:0000    l_BSEG
  0C:0000    l_BSEG_BYTES
  0C:0000    l_CABS
  0C:0000    l_GSINIT1
  0C:0000    l_GSINIT5
  0C:0000    l_IABS
  0C:0000    l_PSEG
  0C:0000    l_REG_BANK_1
  0C:0000    l_REG_BANK_2
  0C:0000    l_REG_BANK_3
  0C:0000    l_XABS
  0C:0000    l_XINIT
  0C:0000    l_XISEG
  0C:0000    l_XSEG
  0C:0000    l__CODE
  0C:0000    s_BSEG_BYTES
  0C:0000    s_CABS
  0C:0000    s_DSEG
  0C:0000    s_HOME
  0C:0000    s_IABS
  0C:0000    s_ISEG
  0C:0000    s_PSEG
  0C:0000    s_REG_BANK_0
  0C:0000    s_XABS
  0C:0000    s_XISEG
  0C:0000    s_XSEG
  0C:0001    l_BIT_BANK
  0C:0003    l_GSFINAL
  0C:0003    l_GSINIT0
  0C:0007    l_OSEG
  0C:0008    l_HOME
  0C:0008    l_REG_BANK_0
  0C:0008    s_GSINIT0
  0C:0008    s_REG_BANK_1
  0C:000A    l_GSINIT2
  0C:000B    s_GSINIT1
  0C:000B    s_GSINIT2
  0C:0010    s_REG_BANK_2
  0C:0014    s_OSEG
  0C:0015    s_GSINIT3
  0C:0018    s_REG_BANK_3
  0C:0020    s_BIT_BANK
  0C:0020    s__CODE
  0C:0022    l_GSINIT3
  0C:002A    l_GSINIT4
  0C:0037    s_GSINIT4
  0C:0043    l_SSEG
  0C:0061    s_GSINIT
  0C:0061    s_GSINIT5
  0C:007B    l_DSEG
  0C:0080    l_ISEG
  0C:008D    l_CONST
  0C:00BD    s_RSEG
  0C:00BD    s_SSEG
  0C:0100    l_IRAM
  0C:0231    l_RSEG
  0C:05CC    l_GSINIT
  0C:062D    s_GSFINAL
  0C:0630    s_CSEG
  0C:0FE0    l_CSEG
  0C:1610    s_CONST
  0C:169D    s_XINIT



Hexadecimal

Area                               Addr   Size   Decimal Bytes (Attributes)
--------------------------------   ----   ----   ------- ----- ------------
.  .ABS.                           0000   0000 =      0. bytes (ABS,CON)

      Value  Global
   --------  --------------------------------
     00A0    __XPAGE
     00F5    _B_5
     00F6    _B_6
     00F7    _B_7









Hexadecimal

Area                               Addr   Size   Decimal Bytes (Attributes)
--------------------------------   ----   ----   ------- ----- ------------
DSEG                               0000   007B =    123. bytes (REL,CON)

      Value  Global
   --------  --------------------------------
     0008    G$Writing_to_DAC$0$0
     0008    _Writing_to_DAC
     000A    G$Writing_to_ADC$0$0
     000A    _Writing_to_ADC
     000C    G$SPI_DAC_Bytes$0$0
     000C    _SPI_DAC_Bytes
     000E    G$SPI_ADC_Bytes$0$0
     000E    _SPI_ADC_Bytes
     0010    G$latest_ADC_HighByte$0$0
     0010    _latest_ADC_HighByte
     0012    G$latest_ADC_LowByte$0$0
     0012    _latest_ADC_LowByte
     0021    G$USB_State$0$0
     0021    _USB_State
     0022    G$Setup$0$0
     0022    _Setup
     002A    G$DataSize$0$0
     002A    _DataSize
     002C    G$DataSent$0$0
     002C    _DataSent
     002E    G$DataPtr$0$0
     002E    _DataPtr
     0031    G$Ep_Status$0$0
     0031    _Ep_Status
     0034    LEndpoint1$bOp$1$1
     0035    LSetVoltage$pData$1$1
     0037    LSetLaser$bState$1$1
     0038    LPulseMotor$bMotor$1$1
     0039    LPulseMotor$bDir$1$1
     003A    LEndpoint2$bOp$1$1
     003B    LReadCurrent$pData$1$1

Hexadecimal

Area                               Addr   Size   Decimal Bytes (Attributes)
--------------------------------   ----   ----   ------- ----- ------------
OSEG                               0014   0007 =      7. bytes (REL,OVR)

      Value  Global
   --------  --------------------------------
     0014    LFifo_Read$uNumBytes$1$1
     0014    LFifo_Write$uNumBytes$1$1
     0014    LUsb_Resume$k$1$1
     0014    _Fifo_Read_PARM_2
     0014    _Fifo_Write_PARM_2
     0014    _Usb_Resume_k_1_1
     0014    __gptrput_PARM_2
     0016    LFifo_Read$pData$1$1
     0016    LFifo_Write$pData$1$1
     0016    _Fifo_Read_PARM_3
     0016    _Fifo_Write_PARM_3
     0019    LFifo_Read$i$1$1
     0019    _Fifo_Read_i_1_1

Hexadecimal

Area                               Addr   Size   Decimal Bytes (Attributes)
--------------------------------   ----   ----   ------- ----- ------------
ISEG                               0000   0080 =    128. bytes (REL,CON)

      Value  Global
   --------  --------------------------------
     003D    G$Out_Packet$0$0
     003D    _Out_Packet
     007D    G$In_Packet$0$0
     007D    _In_Packet

Hexadecimal

Area                               Addr   Size   Decimal Bytes (Attributes)
--------------------------------   ----   ----   ------- ----- ------------
SSEG                               00BD   0043 =     67. bytes (REL,OVR)

      Value  Global
   --------  --------------------------------
     00BD    __start__stack

Hexadecimal

Area                               Addr   Size   Decimal Bytes (Attributes)
--------------------------------   ----   ----   ------- ----- ------------
RSEG                               00BD   0231 =    561. bytes (REL,CON)

      Value  Global
   --------  --------------------------------
     0233    G$P0$0$0
     0233    _P0
     0234    G$SP$0$0
     0234    _SP
     0235    G$DPL$0$0
     0235    _DPL
     0236    G$DPH$0$0
     0236    _DPH
     0237    G$PCON$0$0
     0237    _PCON
     0238    G$TCON$0$0
     0238    _TCON
     0239    G$TMOD$0$0
     0239    _TMOD
     023A    G$TL0$0$0
     023A    _TL0
     023B    G$TL1$0$0
     023B    _TL1
     023C    G$TH0$0$0
     023C    _TH0
     023D    G$TH1$0$0
     023D    _TH1
     023E    G$CKCON$0$0
     023E    _CKCON
     023F    G$PSCTL$0$0
     023F    _PSCTL
     0240    G$P1$0$0
     0240    _P1
     0241    G$TMR3CN$0$0
     0241    _TMR3CN
     0242    G$TMR3RLL$0$0
     0242    _TMR3RLL
     0243    G$TMR3RLH$0$0
     0243    _TMR3RLH
     0244    G$TMR3L$0$0
     0244    _TMR3L
     0245    G$TMR3H$0$0
     0245    _TMR3H
     0246    G$USB0ADR$0$0
     0246    _USB0ADR
     0247    G$USB0DAT$0$0
     0247    _USB0DAT
     0248    G$SCON0$0$0
     0248    _SCON0
     0249    G$SBUF0$0$0
     0249    _SBUF0
     024A    G$CPT1CN$0$0
     024A    _CPT1CN
     024B    G$CPT0CN$0$0
     024B    _CPT0CN
     024C    G$CPT1MD$0$0
     024C    _CPT1MD
     024D    G$CPT0MD$0$0
     024D    _CPT0MD
     024E    G$CPT1MX$0$0
     024E    _CPT1MX
     024F    G$CPT0MX$0$0
     024F    _CPT0MX
     0250    G$P2$0$0
     0250    _P2
     0251    G$SPICFG$0$0
     0251    _SPICFG
     0252    G$SPI0CFG$0$0
     0252    _SPI0CFG
     0253    G$SPICKR$0$0
     0253    _SPICKR
     0254    G$SPI0CKR$0$0
     0254    _SPI0CKR
     0255    G$SPIDAT$0$0
     0255    _SPIDAT
     0256    G$SPI0DAT$0$0
     0256    _SPI0DAT
     0257    G$P0MDOUT$0$0
     0257    _P0MDOUT
     0258    G$P1MDOUT$0$0
     0258    _P1MDOUT
     0259    G$P2MDOUT$0$0
     0259    _P2MDOUT
     025A    G$P3MDOUT$0$0
     025A    _P3MDOUT
     025B    G$IE$0$0
     025B    _IE
     025C    G$CLKSEL$0$0
     025C    _CLKSEL
     025D    G$EMI0CN$0$0
     025D    _EMI0CN
     025E    G$P3$0$0
     025E    _P3
     025F    G$OSCXCN$0$0
     025F    _OSCXCN
     0260    G$OSCICN$0$0
     0260    _OSCICN
     0261    G$OSCICL$0$0
     0261    _OSCICL
     0262    G$FLSCL$0$0
     0262    _FLSCL
     0263    G$FLKEY$0$0
     0263    _FLKEY
     0264    G$IP$0$0
     0264    _IP
     0265    G$CLKMUL$0$0
     0265    _CLKMUL
     0266    G$AMX0N$0$0
     0266    _AMX0N
     0267    G$AMX0P$0$0
     0267    _AMX0P
     0268    G$ADC0CF$0$0
     0268    _ADC0CF
     0269    G$ADC0L$0$0
     0269    _ADC0L
     026A    G$ADC0H$0$0
     026A    _ADC0H
     026B    G$SMB0CN$0$0
     026B    _SMB0CN
     026C    G$SMB0CF$0$0
     026C    _SMB0CF
     026D    G$SMB0DAT$0$0
     026D    _SMB0DAT
     026E    G$ADC0GTL$0$0
     026E    _ADC0GTL
     026F    G$ADC0GTH$0$0
     026F    _ADC0GTH
     0270    G$ADC0LTL$0$0
     0270    _ADC0LTL
     0271    G$ADC0LTH$0$0
     0271    _ADC0LTH
     0272    G$TMR2CN$0$0
     0272    _TMR2CN
     0273    G$REG0CN$0$0
     0273    _REG0CN
     0274    G$TMR2RLL$0$0
     0274    _TMR2RLL
     0275    G$TMR2RLH$0$0
     0275    _TMR2RLH
     0276    G$TMR2L$0$0
     0276    _TMR2L
     0277    G$TMR2H$0$0
     0277    _TMR2H
     0278    G$PSW$0$0
     0278    _PSW
     0279    G$REF0CN$0$0
     0279    _REF0CN
     027A    G$P0SKIP$0$0
     027A    _P0SKIP
     027B    G$P1SKIP$0$0
     027B    _P1SKIP
     027C    G$P2SKIP$0$0
     027C    _P2SKIP
     027D    G$USB0XCN$0$0
     027D    _USB0XCN
     027E    G$PCA0CN$0$0
     027E    _PCA0CN
     027F    G$PCA0MD$0$0
     027F    _PCA0MD
     0280    G$PCA0CPM0$0$0
     0280    _PCA0CPM0
     0281    G$PCA0CPM1$0$0
     0281    _PCA0CPM1
     0282    G$PCA0CPM2$0$0
     0282    _PCA0CPM2
     0283    G$PCA0CPM3$0$0
     0283    _PCA0CPM3
     0284    G$PCA0CPM4$0$0
     0284    _PCA0CPM4
     0285    G$ACC$0$0
     0285    _ACC
     0286    G$XBR0$0$0
     0286    _XBR0
     0287    G$XBR1$0$0
     0287    _XBR1
     0288    G$IT01CF$0$0
     0288    _IT01CF
     0289    G$EIE1$0$0
     0289    _EIE1
     028A    G$EIE2$0$0
     028A    _EIE2
     028B    G$ADC0CN$0$0
     028B    _ADC0CN
     028C    G$PCA0CPL1$0$0
     028C    _PCA0CPL1
     028D    G$PCA0CPH1$0$0
     028D    _PCA0CPH1
     028E    G$PCA0CPL2$0$0
     028E    _PCA0CPL2
     028F    G$PCA0CPH2$0$0
     028F    _PCA0CPH2
     0290    G$PCA0CPL3$0$0
     0290    _PCA0CPL3
     0291    G$PCA0CPH3$0$0
     0291    _PCA0CPH3
     0292    G$RSTSRC$0$0
     0292    _RSTSRC
     0293    G$B$0$0
     0293    _B
     0294    G$P0MDIN$0$0
     0294    _P0MDIN
     0295    G$P1MDIN$0$0
     0295    _P1MDIN
     0296    G$P2MDIN$0$0
     0296    _P2MDIN
     0297    G$P3MDIN$0$0
     0297    _P3MDIN
     0298    G$EIP1$0$0
     0298    _EIP1
     0299    G$EIP2$0$0
     0299    _EIP2
     029A    G$SPI0CN$0$0
     029A    _SPI0CN
     029B    G$PCA0L$0$0
     029B    _PCA0L
     029C    G$PCA0H$0$0
     029C    _PCA0H
     029D    G$PCA0CPL0$0$0
     029D    _PCA0CPL0
     029E    G$PCA0CPH0$0$0
     029E    _PCA0CPH0
     029F    G$PCA0CPL4$0$0
     029F    _PCA0CPL4
     02A0    G$PCA0CPH4$0$0
     02A0    _PCA0CPH4
     02A1    G$VDM0CN$0$0
     02A1    _VDM0CN
     02A2    G$TF1$0$0
     02A2    _TF1
     02A3    G$TR1$0$0
     02A3    _TR1
     02A4    G$TF0$0$0
     02A4    _TF0
     02A5    G$TR0$0$0
     02A5    _TR0
     02A6    G$IE1$0$0
     02A6    _IE1
     02A7    G$IT1$0$0
     02A7    _IT1
     02A8    G$IE0$0$0
     02A8    _IE0
     02A9    G$IT0$0$0
     02A9    _IT0
     02AA    G$S0MODE$0$0
     02AA    _S0MODE
     02AB    G$MCE0$0$0
     02AB    _MCE0
     02AC    G$REN0$0$0
     02AC    _REN0
     02AD    G$TB80$0$0
     02AD    _TB80
     02AE    G$RB80$0$0
     02AE    _RB80
     02AF    G$TI0$0$0
     02AF    _TI0
     02B0    G$RI0$0$0
     02B0    _RI0
     02B1    G$EA$0$0
     02B1    _EA
     02B2    G$ESPI0$0$0
     02B2    _ESPI0
     02B3    G$ET2$0$0
     02B3    _ET2
     02B4    G$ES0$0$0
     02B4    _ES0
     02B5    G$ET1$0$0
     02B5    _ET1
     02B6    G$EX1$0$0
     02B6    _EX1
     02B7    G$ET0$0$0
     02B7    _ET0
     02B8    G$EX0$0$0
     02B8    _EX0
     02B9    G$PSPI0$0$0
     02B9    _PSPI0
     02BA    G$PT2$0$0
     02BA    _PT2
     02BB    G$PS0$0$0
     02BB    _PS0
     02BC    G$PT1$0$0
     02BC    _PT1
     02BD    G$PX1$0$0
     02BD    _PX1
     02BE    G$PT0$0$0
     02BE    _PT0
     02BF    G$PX0$0$0
     02BF    _PX0
     02C0    G$MASTER$0$0
     02C0    _MASTER
     02C1    G$TXMODE$0$0
     02C1    _TXMODE
     02C2    G$STA$0$0
     02C2    _STA
     02C3    G$STO$0$0
     02C3    _STO
     02C4    G$ACKRQ$0$0
     02C4    _ACKRQ
     02C5    G$ARBLOST$0$0
     02C5    _ARBLOST
     02C6    G$ACK$0$0
     02C6    _ACK
     02C7    G$SI$0$0
     02C7    _SI
     02C8    G$TF2H$0$0
     02C8    _TF2H
     02C9    G$TF2L$0$0
     02C9    _TF2L
     02CA    G$TF2LEN$0$0
     02CA    _TF2LEN
     02CB    G$T2SOF$0$0
     02CB    _T2SOF
     02CC    G$T2SPLIT$0$0
     02CC    _T2SPLIT
     02CD    G$TR2$0$0
     02CD    _TR2
     02CE    G$T2XCLK$0$0
     02CE    _T2XCLK
     02CF    G$CY$0$0
     02CF    _CY
     02D0    G$AC$0$0
     02D0    _AC
     02D1    G$F0$0$0
     02D1    _F0
     02D2    G$RS1$0$0
     02D2    _RS1
     02D3    G$RS0$0$0
     02D3    _RS0
     02D4    G$OV$0$0
     02D4    _OV
     02D5    G$F1$0$0
     02D5    _F1
     02D6    G$P$0$0
     02D6    _P
     02D7    G$CF$0$0
     02D7    _CF
     02D8    G$CR$0$0
     02D8    _CR
     02D9    G$CCF4$0$0
     02D9    _CCF4
     02DA    G$CCF3$0$0
     02DA    _CCF3
     02DB    G$CCF2$0$0
     02DB    _CCF2
     02DC    G$CCF1$0$0
     02DC    _CCF1
     02DD    G$CCF0$0$0
     02DD    _CCF0
     02DE    G$AD0EN$0$0
     02DE    _AD0EN
     02DF    G$AD0TM$0$0
     02DF    _AD0TM
     02E0    G$AD0INT$0$0
     02E0    _AD0INT
     02E1    G$AD0BUSY$0$0
     02E1    _AD0BUSY
     02E2    G$AD0WINT$0$0
     02E2    _AD0WINT
     02E3    G$AD0CM2$0$0
     02E3    _AD0CM2
     02E4    G$AD0CM1$0$0
     02E4    _AD0CM1
     02E5    G$AD0CM0$0$0
     02E5    _AD0CM0
     02E6    G$SPIF$0$0
     02E6    _SPIF
     02E7    G$WCOL$0$0
     02E7    _WCOL
     02E8    G$MODF$0$0
     02E8    _MODF
     02E9    G$RXOVRN$0$0
     02E9    _RXOVRN
     02EA    G$NSSMD1$0$0
     02EA    _NSSMD1
     02EB    G$NSSMD0$0$0
     02EB    _NSSMD0
     02EC    G$TXBMT$0$0
     02EC    _TXBMT
     02ED    G$SPIEN$0$0
     02ED    _SPIEN




Hexadecimal

Area                               Addr   Size   Decimal Bytes (Attributes)
--------------------------------   ----   ----   ------- ----- ------------
HOME                               0000   0008 =      8. bytes (REL,CON,CODE)

      Value  Global
   --------  --------------------------------
  0C:0000    A$Main$872
  0C:0003    A$Main$1666
  0C:0003    __sdcc_program_startup
  0C:0006    A$Main$1668

Hexadecimal

Area                               Addr   Size   Decimal Bytes (Attributes)
--------------------------------   ----   ----   ------- ----- ------------
GSINIT0                            0008   0003 =      3. bytes (REL,CON,CODE)

      Value  Global
   --------  --------------------------------
  0C:0008    __sdcc_gsinit_startup



Hexadecimal

Area                               Addr   Size   Decimal Bytes (Attributes)
--------------------------------   ----   ----   ------- ----- ------------
GSINIT3                            0015   0022 =     34. bytes (REL,CON,CODE)

      Value  Global
   --------  --------------------------------
  0C:0015    __mcs51_genXINIT

Hexadecimal

Area                               Addr   Size   Decimal Bytes (Attributes)
--------------------------------   ----   ----   ------- ----- ------------
GSINIT4                            0037   002A =     42. bytes (REL,CON,CODE)

      Value  Global
   --------  --------------------------------
  0C:0037    __mcs51_genRAMCLEAR
  0C:003D    __mcs51_genXRAMCLEAR


Hexadecimal

Area                               Addr   Size   Decimal Bytes (Attributes)
--------------------------------   ----   ----   ------- ----- ------------
GSINIT                             0061   05CC =   1484. bytes (REL,CON,CODE)

      Value  Global
   --------  --------------------------------
  0C:0061    A$Main$889
  0C:0061    C$Main.c$30$2$8
  0C:0062    A$Main$890
  0C:0064    A$Main$891
  0C:0066    A$Main$895
  0C:0066    C$Main.c$31$2$8
  0C:0067    A$Main$896
  0C:0069    A$Main$897
  0C:006B    A$Main$901
  0C:006B    C$Main.c$32$2$8
  0C:006C    A$Main$902
  0C:006E    A$Main$903
  0C:0070    A$Main$907
  0C:0070    C$Main.c$33$2$8
  0C:0071    A$Main$908
  0C:0073    A$Main$909
  0C:0075    A$Main$913
  0C:0075    C$c8051f320.h$44$2$8
  0C:0078    A$Main$917
  0C:0078    C$c8051f320.h$45$2$8
  0C:007B    A$Main$921
  0C:007B    C$c8051f320.h$46$2$8
  0C:007E    A$Main$925
  0C:007E    C$c8051f320.h$47$2$8
  0C:0081    A$Main$929
  0C:0081    C$c8051f320.h$48$2$8
  0C:0084    A$Main$933
  0C:0084    C$c8051f320.h$49$2$8
  0C:0087    A$Main$937
  0C:0087    C$c8051f320.h$50$2$8
  0C:008A    A$Main$941
  0C:008A    C$c8051f320.h$51$2$8
  0C:008D    A$Main$945
  0C:008D    C$c8051f320.h$52$2$8
  0C:0090    A$Main$949
  0C:0090    C$c8051f320.h$53$2$8
  0C:0093    A$Main$953
  0C:0093    C$c8051f320.h$54$2$8
  0C:0096    A$Main$957
  0C:0096    C$c8051f320.h$55$2$8
  0C:0099    A$Main$961
  0C:0099    C$c8051f320.h$56$2$8
  0C:009C    A$Main$965
  0C:009C    C$c8051f320.h$57$2$8
  0C:009F    A$Main$969
  0C:009F    C$c8051f320.h$58$2$8
  0C:00A2    A$Main$973
  0C:00A2    C$c8051f320.h$59$2$8
  0C:00A5    A$Main$977
  0C:00A5    C$c8051f320.h$60$2$8
  0C:00A8    A$Main$981
  0C:00A8    C$c8051f320.h$61$2$8
  0C:00AB    A$Main$985
  0C:00AB    C$c8051f320.h$62$2$8
  0C:00AE    A$Main$989
  0C:00AE    C$c8051f320.h$63$2$8
  0C:00B1    A$Main$993
  0C:00B1    C$c8051f320.h$64$2$8
  0C:00B4    A$Main$997
  0C:00B4    C$c8051f320.h$65$2$8
  0C:00B7    A$Main$1001
  0C:00B7    C$c8051f320.h$66$2$8
  0C:00BA    A$Main$1005
  0C:00BA    C$c8051f320.h$67$2$8
  0C:00BD    A$Main$1009
  0C:00BD    C$c8051f320.h$68$2$8
  0C:00C0    A$Main$1013
  0C:00C0    C$c8051f320.h$69$2$8
  0C:00C3    A$Main$1017
  0C:00C3    C$c8051f320.h$70$2$8
  0C:00C6    A$Main$1021
  0C:00C6    C$c8051f320.h$71$2$8
  0C:00C9    A$Main$1025
  0C:00C9    C$c8051f320.h$72$2$8
  0C:00CC    A$Main$1029
  0C:00CC    C$c8051f320.h$73$2$8
  0C:00CF    A$Main$1033
  0C:00CF    C$c8051f320.h$74$2$8
  0C:00D2    A$Main$1037
  0C:00D2    C$c8051f320.h$75$2$8
  0C:00D5    A$Main$1041
  0C:00D5    C$c8051f320.h$76$2$8
  0C:00D8    A$Main$1045
  0C:00D8    C$c8051f320.h$77$2$8
  0C:00DB    A$Main$1049
  0C:00DB    C$c8051f320.h$78$2$8
  0C:00DE    A$Main$1053
  0C:00DE    C$c8051f320.h$79$2$8
  0C:00E1    A$Main$1057
  0C:00E1    C$c8051f320.h$80$2$8
  0C:00E4    A$Main$1061
  0C:00E4    C$c8051f320.h$81$2$8
  0C:00E7    A$Main$1065
  0C:00E7    C$c8051f320.h$82$2$8
  0C:00EA    A$Main$1069
  0C:00EA    C$c8051f320.h$83$2$8
  0C:00ED    A$Main$1073
  0C:00ED    C$c8051f320.h$84$2$8
  0C:00F0    A$Main$1077
  0C:00F0    C$c8051f320.h$85$2$8
  0C:00F3    A$Main$1081
  0C:00F3    C$c8051f320.h$86$2$8
  0C:00F6    A$Main$1085
  0C:00F6    C$c8051f320.h$87$2$8
  0C:00F9    A$Main$1089
  0C:00F9    C$c8051f320.h$88$2$8
  0C:00FC    A$Main$1093
  0C:00FC    C$c8051f320.h$89$2$8
  0C:00FF    A$Main$1097
  0C:00FF    C$c8051f320.h$90$2$8
  0C:0102    A$Main$1101
  0C:0102    C$c8051f320.h$91$2$8
  0C:0105    A$Main$1105
  0C:0105    C$c8051f320.h$92$2$8
  0C:0108    A$Main$1109
  0C:0108    C$c8051f320.h$93$2$8
  0C:010B    A$Main$1113
  0C:010B    C$c8051f320.h$94$2$8
  0C:010E    A$Main$1117
  0C:010E    C$c8051f320.h$95$2$8
  0C:0111    A$Main$1121
  0C:0111    C$c8051f320.h$96$2$8
  0C:0114    A$Main$1125
  0C:0114    C$c8051f320.h$97$2$8
  0C:0117    A$Main$1129
  0C:0117    C$c8051f320.h$98$2$8
  0C:011A    A$Main$1133
  0C:011A    C$c8051f320.h$99$2$8
  0C:011D    A$Main$1137
  0C:011D    C$c8051f320.h$100$2$8
  0C:0120    A$Main$1141
  0C:0120    C$c8051f320.h$101$2$8
  0C:0123    A$Main$1145
  0C:0123    C$c8051f320.h$102$2$8
  0C:0126    A$Main$1149
  0C:0126    C$c8051f320.h$103$2$8
  0C:0129    A$Main$1153
  0C:0129    C$c8051f320.h$104$2$8
  0C:012C    A$Main$1157
  0C:012C    C$c8051f320.h$105$2$8
  0C:012F    A$Main$1161
  0C:012F    C$c8051f320.h$106$2$8
  0C:0132    A$Main$1165
  0C:0132    C$c8051f320.h$107$2$8
  0C:0135    A$Main$1169
  0C:0135    C$c8051f320.h$108$2$8
  0C:0138    A$Main$1173
  0C:0138    C$c8051f320.h$109$2$8
  0C:013B    A$Main$1177
  0C:013B    C$c8051f320.h$110$2$8
  0C:013E    A$Main$1181
  0C:013E    C$c8051f320.h$111$2$8
  0C:0141    A$Main$1185
  0C:0141    C$c8051f320.h$112$2$8
  0C:0144    A$Main$1189
  0C:0144    C$c8051f320.h$113$2$8
  0C:0147    A$Main$1193
  0C:0147    C$c8051f320.h$114$2$8
  0C:014A    A$Main$1197
  0C:014A    C$c8051f320.h$115$2$8
  0C:014D    A$Main$1201
  0C:014D    C$c8051f320.h$116$2$8
  0C:0150    A$Main$1205
  0C:0150    C$c8051f320.h$117$2$8
  0C:0153    A$Main$1209
  0C:0153    C$c8051f320.h$118$2$8
  0C:0156    A$Main$1213
  0C:0156    C$c8051f320.h$119$2$8
  0C:0159    A$Main$1217
  0C:0159    C$c8051f320.h$120$2$8
  0C:015C    A$Main$1221
  0C:015C    C$c8051f320.h$121$2$8
  0C:015F    A$Main$1225
  0C:015F    C$c8051f320.h$122$2$8
  0C:0162    A$Main$1229
  0C:0162    C$c8051f320.h$123$2$8
  0C:0165    A$Main$1233
  0C:0165    C$c8051f320.h$124$2$8
  0C:0168    A$Main$1237
  0C:0168    C$c8051f320.h$125$2$8
  0C:016B    A$Main$1241
  0C:016B    C$c8051f320.h$126$2$8
  0C:016E    A$Main$1245
  0C:016E    C$c8051f320.h$127$2$8
  0C:0171    A$Main$1249
  0C:0171    C$c8051f320.h$128$2$8
  0C:0174    A$Main$1253
  0C:0174    C$c8051f320.h$129$2$8
  0C:0177    A$Main$1257
  0C:0177    C$c8051f320.h$130$2$8
  0C:017A    A$Main$1261
  0C:017A    C$c8051f320.h$131$2$8
  0C:017D    A$Main$1265
  0C:017D    C$c8051f320.h$132$2$8
  0C:0180    A$Main$1269
  0C:0180    C$c8051f320.h$133$2$8
  0C:0183    A$Main$1273
  0C:0183    C$c8051f320.h$134$2$8
  0C:0186    A$Main$1277
  0C:0186    C$c8051f320.h$135$2$8
  0C:0189    A$Main$1281
  0C:0189    C$c8051f320.h$136$2$8
  0C:018C    A$Main$1285
  0C:018C    C$c8051f320.h$137$2$8
  0C:018F    A$Main$1289
  0C:018F    C$c8051f320.h$138$2$8
  0C:0192    A$Main$1293
  0C:0192    C$c8051f320.h$139$2$8
  0C:0195    A$Main$1297
  0C:0195    C$c8051f320.h$140$2$8
  0C:0198    A$Main$1301
  0C:0198    C$c8051f320.h$141$2$8
  0C:019B    A$Main$1305
  0C:019B    C$c8051f320.h$142$2$8
  0C:019E    A$Main$1309
  0C:019E    C$c8051f320.h$143$2$8
  0C:01A1    A$Main$1313
  0C:01A1    C$c8051f320.h$144$2$8
  0C:01A4    A$Main$1317
  0C:01A4    C$c8051f320.h$145$2$8
  0C:01A7    A$Main$1321
  0C:01A7    C$c8051f320.h$146$2$8
  0C:01AA    A$Main$1325
  0C:01AA    C$c8051f320.h$147$2$8
  0C:01AD    A$Main$1329
  0C:01AD    C$c8051f320.h$148$2$8
  0C:01B0    A$Main$1333
  0C:01B0    C$c8051f320.h$149$2$8
  0C:01B3    A$Main$1337
  0C:01B3    C$c8051f320.h$150$2$8
  0C:01B6    A$Main$1341
  0C:01B6    C$c8051f320.h$151$2$8
  0C:01B9    A$Main$1345
  0C:01B9    C$c8051f320.h$152$2$8
  0C:01BC    A$Main$1349
  0C:01BC    C$c8051f320.h$153$2$8
  0C:01BF    A$Main$1353
  0C:01BF    C$c8051f320.h$154$2$8
  0C:01C2    A$Main$1357
  0C:01C2    C$c8051f320.h$161$2$8
  0C:01C4    A$Main$1361
  0C:01C4    C$c8051f320.h$162$2$8
  0C:01C6    A$Main$1365
  0C:01C6    C$c8051f320.h$163$2$8
  0C:01C8    A$Main$1369
  0C:01C8    C$c8051f320.h$164$2$8
  0C:01CA    A$Main$1373
  0C:01CA    C$c8051f320.h$165$2$8
  0C:01CC    A$Main$1377
  0C:01CC    C$c8051f320.h$166$2$8
  0C:01CE    A$Main$1381
  0C:01CE    C$c8051f320.h$167$2$8
  0C:01D0    A$Main$1385
  0C:01D0    C$c8051f320.h$168$2$8
  0C:01D2    A$Main$1389
  0C:01D2    C$c8051f320.h$171$2$8
  0C:01D4    A$Main$1393
  0C:01D4    C$c8051f320.h$173$2$8
  0C:01D6    A$Main$1397
  0C:01D6    C$c8051f320.h$174$2$8
  0C:01D8    A$Main$1401
  0C:01D8    C$c8051f320.h$175$2$8
  0C:01DA    A$Main$1405
  0C:01DA    C$c8051f320.h$176$2$8
  0C:01DC    A$Main$1409
  0C:01DC    C$c8051f320.h$177$2$8
  0C:01DE    A$Main$1413
  0C:01DE    C$c8051f320.h$178$2$8
  0C:01E0    A$Main$1417
  0C:01E0    C$c8051f320.h$181$2$8
  0C:01E2    A$Main$1421
  0C:01E2    C$c8051f320.h$182$2$8
  0C:01E4    A$Main$1425
  0C:01E4    C$c8051f320.h$183$2$8
  0C:01E6    A$Main$1429
  0C:01E6    C$c8051f320.h$184$2$8
  0C:01E8    A$Main$1433
  0C:01E8    C$c8051f320.h$185$2$8
  0C:01EA    A$Main$1437
  0C:01EA    C$c8051f320.h$186$2$8
  0C:01EC    A$Main$1441
  0C:01EC    C$c8051f320.h$187$2$8
  0C:01EE    A$Main$1445
  0C:01EE    C$c8051f320.h$188$2$8
  0C:01F0    A$Main$1449
  0C:01F0    C$c8051f320.h$192$2$8
  0C:01F2    A$Main$1453
  0C:01F2    C$c8051f320.h$193$2$8
  0C:01F4    A$Main$1457
  0C:01F4    C$c8051f320.h$194$2$8
  0C:01F6    A$Main$1461
  0C:01F6    C$c8051f320.h$195$2$8
  0C:01F8    A$Main$1465
  0C:01F8    C$c8051f320.h$196$2$8
  0C:01FA    A$Main$1469
  0C:01FA    C$c8051f320.h$197$2$8
  0C:01FC    A$Main$1473
  0C:01FC    C$c8051f320.h$198$2$8
  0C:01FE    A$Main$1477
  0C:01FE    C$c8051f320.h$201$2$8
  0C:0200    A$Main$1481
  0C:0200    C$c8051f320.h$202$2$8
  0C:0202    A$Main$1485
  0C:0202    C$c8051f320.h$203$2$8
  0C:0204    A$Main$1489
  0C:0204    C$c8051f320.h$204$2$8
  0C:0206    A$Main$1493
  0C:0206    C$c8051f320.h$205$2$8
  0C:0208    A$Main$1497
  0C:0208    C$c8051f320.h$206$2$8
  0C:020A    A$Main$1501
  0C:020A    C$c8051f320.h$207$2$8
  0C:020C    A$Main$1505
  0C:020C    C$c8051f320.h$208$2$8
  0C:020E    A$Main$1509
  0C:020E    C$c8051f320.h$211$2$8
  0C:0210    A$Main$1513
  0C:0210    C$c8051f320.h$212$2$8
  0C:0212    A$Main$1517
  0C:0212    C$c8051f320.h$213$2$8
  0C:0214    A$Main$1521
  0C:0214    C$c8051f320.h$214$2$8
  0C:0216    A$Main$1525
  0C:0216    C$c8051f320.h$215$2$8
  0C:0218    A$Main$1529
  0C:0218    C$c8051f320.h$216$2$8
  0C:021A    A$Main$1533
  0C:021A    C$c8051f320.h$218$2$8
  0C:021C    A$Main$1537
  0C:021C    C$c8051f320.h$221$2$8
  0C:021E    A$Main$1541
  0C:021E    C$c8051f320.h$222$2$8
  0C:0220    A$Main$1545
  0C:0220    C$c8051f320.h$223$2$8
  0C:0222    A$Main$1549
  0C:0222    C$c8051f320.h$224$2$8
  0C:0224    A$Main$1553
  0C:0224    C$c8051f320.h$225$2$8
  0C:0226    A$Main$1557
  0C:0226    C$c8051f320.h$226$2$8
  0C:0228    A$Main$1561
  0C:0228    C$c8051f320.h$227$2$8
  0C:022A    A$Main$1565
  0C:022A    C$c8051f320.h$228$2$8
  0C:022C    A$Main$1569
  0C:022C    C$c8051f320.h$231$2$8
  0C:022E    A$Main$1573
  0C:022E    C$c8051f320.h$232$2$8
  0C:0230    A$Main$1577
  0C:0230    C$c8051f320.h$234$2$8
  0C:0232    A$Main$1581
  0C:0232    C$c8051f320.h$235$2$8
  0C:0234    A$Main$1585
  0C:0234    C$c8051f320.h$236$2$8
  0C:0236    A$Main$1589
  0C:0236    C$c8051f320.h$237$2$8
  0C:0238    A$Main$1593
  0C:0238    C$c8051f320.h$238$2$8
  0C:023A    A$Main$1597
  0C:023A    C$c8051f320.h$241$2$8
  0C:023C    A$Main$1601
  0C:023C    C$c8051f320.h$242$2$8
  0C:023E    A$Main$1605
  0C:023E    C$c8051f320.h$243$2$8
  0C:0240    A$Main$1609
  0C:0240    C$c8051f320.h$244$2$8
  0C:0242    A$Main$1613
  0C:0242    C$c8051f320.h$245$2$8
  0C:0244    A$Main$1617
  0C:0244    C$c8051f320.h$246$2$8
  0C:0246    A$Main$1621
  0C:0246    C$c8051f320.h$247$2$8
  0C:0248    A$Main$1625
  0C:0248    C$c8051f320.h$248$2$8
  0C:024A    A$Main$1629
  0C:024A    C$c8051f320.h$251$2$8
  0C:024C    A$Main$1633
  0C:024C    C$c8051f320.h$252$2$8
  0C:024E    A$Main$1637
  0C:024E    C$c8051f320.h$253$2$8
  0C:0250    A$Main$1641
  0C:0250    C$c8051f320.h$254$2$8
  0C:0252    A$Main$1645
  0C:0252    C$c8051f320.h$255$2$8
  0C:0254    A$Main$1649
  0C:0254    C$c8051f320.h$256$2$8
  0C:0256    A$Main$1653
  0C:0256    C$c8051f320.h$257$2$8
  0C:0258    A$Main$1657
  0C:0258    C$c8051f320.h$258$2$8
  0C:025A    A$Interrupts$930
  0C:025A    C$Interrupts.c$50$1$1
  0C:025D    A$Interrupts$931
  0C:0260    A$Interrupts$932
  0C:0263    A$Interrupts$936
  0C:0263    C$c8051F320.h$44$1$1
  0C:0266    A$Interrupts$940
  0C:0266    C$c8051F320.h$45$1$1
  0C:0269    A$Interrupts$944
  0C:0269    C$c8051F320.h$46$1$1
  0C:026C    A$Interrupts$948
  0C:026C    C$c8051F320.h$47$1$1
  0C:026F    A$Interrupts$952
  0C:026F    C$c8051F320.h$48$1$1
  0C:0272    A$Interrupts$956
  0C:0272    C$c8051F320.h$49$1$1
  0C:0275    A$Interrupts$960
  0C:0275    C$c8051F320.h$50$1$1
  0C:0278    A$Interrupts$964
  0C:0278    C$c8051F320.h$51$1$1
  0C:027B    A$Interrupts$968
  0C:027B    C$c8051F320.h$52$1$1
  0C:027E    A$Interrupts$972
  0C:027E    C$c8051F320.h$53$1$1
  0C:0281    A$Interrupts$976
  0C:0281    C$c8051F320.h$54$1$1
  0C:0284    A$Interrupts$980
  0C:0284    C$c8051F320.h$55$1$1
  0C:0287    A$Interrupts$984
  0C:0287    C$c8051F320.h$56$1$1
  0C:028A    A$Interrupts$988
  0C:028A    C$c8051F320.h$57$1$1
  0C:028D    A$Interrupts$992
  0C:028D    C$c8051F320.h$58$1$1
  0C:0290    A$Interrupts$996
  0C:0290    C$c8051F320.h$59$1$1
  0C:0293    A$Interrupts$1000
  0C:0293    C$c8051F320.h$60$1$1
  0C:0296    A$Interrupts$1004
  0C:0296    C$c8051F320.h$61$1$1
  0C:0299    A$Interrupts$1008
  0C:0299    C$c8051F320.h$62$1$1
  0C:029C    A$Interrupts$1012
  0C:029C    C$c8051F320.h$63$1$1
  0C:029F    A$Interrupts$1016
  0C:029F    C$c8051F320.h$64$1$1
  0C:02A2    A$Interrupts$1020
  0C:02A2    C$c8051F320.h$65$1$1
  0C:02A5    A$Interrupts$1024
  0C:02A5    C$c8051F320.h$66$1$1
  0C:02A8    A$Interrupts$1028
  0C:02A8    C$c8051F320.h$67$1$1
  0C:02AB    A$Interrupts$1032
  0C:02AB    C$c8051F320.h$68$1$1
  0C:02AE    A$Interrupts$1036
  0C:02AE    C$c8051F320.h$69$1$1
  0C:02B1    A$Interrupts$1040
  0C:02B1    C$c8051F320.h$70$1$1
  0C:02B4    A$Interrupts$1044
  0C:02B4    C$c8051F320.h$71$1$1
  0C:02B7    A$Interrupts$1048
  0C:02B7    C$c8051F320.h$72$1$1
  0C:02BA    A$Interrupts$1052
  0C:02BA    C$c8051F320.h$73$1$1
  0C:02BD    A$Interrupts$1056
  0C:02BD    C$c8051F320.h$74$1$1
  0C:02C0    A$Interrupts$1060
  0C:02C0    C$c8051F320.h$75$1$1
  0C:02C3    A$Interrupts$1064
  0C:02C3    C$c8051F320.h$76$1$1
  0C:02C6    A$Interrupts$1068
  0C:02C6    C$c8051F320.h$77$1$1
  0C:02C9    A$Interrupts$1072
  0C:02C9    C$c8051F320.h$78$1$1
  0C:02CC    A$Interrupts$1076
  0C:02CC    C$c8051F320.h$79$1$1
  0C:02CF    A$Interrupts$1080
  0C:02CF    C$c8051F320.h$80$1$1
  0C:02D2    A$Interrupts$1084
  0C:02D2    C$c8051F320.h$81$1$1
  0C:02D5    A$Interrupts$1088
  0C:02D5    C$c8051F320.h$82$1$1
  0C:02D8    A$Interrupts$1092
  0C:02D8    C$c8051F320.h$83$1$1
  0C:02DB    A$Interrupts$1096
  0C:02DB    C$c8051F320.h$84$1$1
  0C:02DE    A$Interrupts$1100
  0C:02DE    C$c8051F320.h$85$1$1
  0C:02E1    A$Interrupts$1104
  0C:02E1    C$c8051F320.h$86$1$1
  0C:02E4    A$Interrupts$1108
  0C:02E4    C$c8051F320.h$87$1$1
  0C:02E7    A$Interrupts$1112
  0C:02E7    C$c8051F320.h$88$1$1
  0C:02EA    A$Interrupts$1116
  0C:02EA    C$c8051F320.h$89$1$1
  0C:02ED    A$Interrupts$1120
  0C:02ED    C$c8051F320.h$90$1$1
  0C:02F0    A$Interrupts$1124
  0C:02F0    C$c8051F320.h$91$1$1
  0C:02F3    A$Interrupts$1128
  0C:02F3    C$c8051F320.h$92$1$1
  0C:02F6    A$Interrupts$1132
  0C:02F6    C$c8051F320.h$93$1$1
  0C:02F9    A$Interrupts$1136
  0C:02F9    C$c8051F320.h$94$1$1
  0C:02FC    A$Interrupts$1140
  0C:02FC    C$c8051F320.h$95$1$1
  0C:02FF    A$Interrupts$1144
  0C:02FF    C$c8051F320.h$96$1$1
  0C:0302    A$Interrupts$1148
  0C:0302    C$c8051F320.h$97$1$1
  0C:0305    A$Interrupts$1152
  0C:0305    C$c8051F320.h$98$1$1
  0C:0308    A$Interrupts$1156
  0C:0308    C$c8051F320.h$99$1$1
  0C:030B    A$Interrupts$1160
  0C:030B    C$c8051F320.h$100$1$1
  0C:030E    A$Interrupts$1164
  0C:030E    C$c8051F320.h$101$1$1
  0C:0311    A$Interrupts$1168
  0C:0311    C$c8051F320.h$102$1$1
  0C:0314    A$Interrupts$1172
  0C:0314    C$c8051F320.h$103$1$1
  0C:0317    A$Interrupts$1176
  0C:0317    C$c8051F320.h$104$1$1
  0C:031A    A$Interrupts$1180
  0C:031A    C$c8051F320.h$105$1$1
  0C:031D    A$Interrupts$1184
  0C:031D    C$c8051F320.h$106$1$1
  0C:0320    A$Interrupts$1188
  0C:0320    C$c8051F320.h$107$1$1
  0C:0323    A$Interrupts$1192
  0C:0323    C$c8051F320.h$108$1$1
  0C:0326    A$Interrupts$1196
  0C:0326    C$c8051F320.h$109$1$1
  0C:0329    A$Interrupts$1200
  0C:0329    C$c8051F320.h$110$1$1
  0C:032C    A$Interrupts$1204
  0C:032C    C$c8051F320.h$111$1$1
  0C:032F    A$Interrupts$1208
  0C:032F    C$c8051F320.h$112$1$1
  0C:0332    A$Interrupts$1212
  0C:0332    C$c8051F320.h$113$1$1
  0C:0335    A$Interrupts$1216
  0C:0335    C$c8051F320.h$114$1$1
  0C:0338    A$Interrupts$1220
  0C:0338    C$c8051F320.h$115$1$1
  0C:033B    A$Interrupts$1224
  0C:033B    C$c8051F320.h$116$1$1
  0C:033E    A$Interrupts$1228
  0C:033E    C$c8051F320.h$117$1$1
  0C:0341    A$Interrupts$1232
  0C:0341    C$c8051F320.h$118$1$1
  0C:0344    A$Interrupts$1236
  0C:0344    C$c8051F320.h$119$1$1
  0C:0347    A$Interrupts$1240
  0C:0347    C$c8051F320.h$120$1$1
  0C:034A    A$Interrupts$1244
  0C:034A    C$c8051F320.h$121$1$1
  0C:034D    A$Interrupts$1248
  0C:034D    C$c8051F320.h$122$1$1
  0C:0350    A$Interrupts$1252
  0C:0350    C$c8051F320.h$123$1$1
  0C:0353    A$Interrupts$1256
  0C:0353    C$c8051F320.h$124$1$1
  0C:0356    A$Interrupts$1260
  0C:0356    C$c8051F320.h$125$1$1
  0C:0359    A$Interrupts$1264
  0C:0359    C$c8051F320.h$126$1$1
  0C:035C    A$Interrupts$1268
  0C:035C    C$c8051F320.h$127$1$1
  0C:035F    A$Interrupts$1272
  0C:035F    C$c8051F320.h$128$1$1
  0C:0362    A$Interrupts$1276
  0C:0362    C$c8051F320.h$129$1$1
  0C:0365    A$Interrupts$1280
  0C:0365    C$c8051F320.h$130$1$1
  0C:0368    A$Interrupts$1284
  0C:0368    C$c8051F320.h$131$1$1
  0C:036B    A$Interrupts$1288
  0C:036B    C$c8051F320.h$132$1$1
  0C:036E    A$Interrupts$1292
  0C:036E    C$c8051F320.h$133$1$1
  0C:0371    A$Interrupts$1296
  0C:0371    C$c8051F320.h$134$1$1
  0C:0374    A$Interrupts$1300
  0C:0374    C$c8051F320.h$135$1$1
  0C:0377    A$Interrupts$1304
  0C:0377    C$c8051F320.h$136$1$1
  0C:037A    A$Interrupts$1308
  0C:037A    C$c8051F320.h$137$1$1
  0C:037D    A$Interrupts$1312
  0C:037D    C$c8051F320.h$138$1$1
  0C:0380    A$Interrupts$1316
  0C:0380    C$c8051F320.h$139$1$1
  0C:0383    A$Interrupts$1320
  0C:0383    C$c8051F320.h$140$1$1
  0C:0386    A$Interrupts$1324
  0C:0386    C$c8051F320.h$141$1$1
  0C:0389    A$Interrupts$1328
  0C:0389    C$c8051F320.h$142$1$1
  0C:038C    A$Interrupts$1332
  0C:038C    C$c8051F320.h$143$1$1
  0C:038F    A$Interrupts$1336
  0C:038F    C$c8051F320.h$144$1$1
  0C:0392    A$Interrupts$1340
  0C:0392    C$c8051F320.h$145$1$1
  0C:0395    A$Interrupts$1344
  0C:0395    C$c8051F320.h$146$1$1
  0C:0398    A$Interrupts$1348
  0C:0398    C$c8051F320.h$147$1$1
  0C:039B    A$Interrupts$1352
  0C:039B    C$c8051F320.h$148$1$1
  0C:039E    A$Interrupts$1356
  0C:039E    C$c8051F320.h$149$1$1
  0C:03A1    A$Interrupts$1360
  0C:03A1    C$c8051F320.h$150$1$1
  0C:03A4    A$Interrupts$1364
  0C:03A4    C$c8051F320.h$151$1$1
  0C:03A7    A$Interrupts$1368
  0C:03A7    C$c8051F320.h$152$1$1
  0C:03AA    A$Interrupts$1372
  0C:03AA    C$c8051F320.h$153$1$1
  0C:03AD    A$Interrupts$1376
  0C:03AD    C$c8051F320.h$154$1$1
  0C:03B0    A$Interrupts$1380
  0C:03B0    C$c8051F320.h$161$1$1
  0C:03B2    A$Interrupts$1384
  0C:03B2    C$c8051F320.h$162$1$1
  0C:03B4    A$Interrupts$1388
  0C:03B4    C$c8051F320.h$163$1$1
  0C:03B6    A$Interrupts$1392
  0C:03B6    C$c8051F320.h$164$1$1
  0C:03B8    A$Interrupts$1396
  0C:03B8    C$c8051F320.h$165$1$1
  0C:03BA    A$Interrupts$1400
  0C:03BA    C$c8051F320.h$166$1$1
  0C:03BC    A$Interrupts$1404
  0C:03BC    C$c8051F320.h$167$1$1
  0C:03BE    A$Interrupts$1408
  0C:03BE    C$c8051F320.h$168$1$1
  0C:03C0    A$Interrupts$1412
  0C:03C0    C$c8051F320.h$171$1$1
  0C:03C2    A$Interrupts$1416
  0C:03C2    C$c8051F320.h$173$1$1
  0C:03C4    A$Interrupts$1420
  0C:03C4    C$c8051F320.h$174$1$1
  0C:03C6    A$Interrupts$1424
  0C:03C6    C$c8051F320.h$175$1$1
  0C:03C8    A$Interrupts$1428
  0C:03C8    C$c8051F320.h$176$1$1
  0C:03CA    A$Interrupts$1432
  0C:03CA    C$c8051F320.h$177$1$1
  0C:03CC    A$Interrupts$1436
  0C:03CC    C$c8051F320.h$178$1$1
  0C:03CE    A$Interrupts$1440
  0C:03CE    C$c8051F320.h$181$1$1
  0C:03D0    A$Interrupts$1444
  0C:03D0    C$c8051F320.h$182$1$1
  0C:03D2    A$Interrupts$1448
  0C:03D2    C$c8051F320.h$183$1$1
  0C:03D4    A$Interrupts$1452
  0C:03D4    C$c8051F320.h$184$1$1
  0C:03D6    A$Interrupts$1456
  0C:03D6    C$c8051F320.h$185$1$1
  0C:03D8    A$Interrupts$1460
  0C:03D8    C$c8051F320.h$186$1$1
  0C:03DA    A$Interrupts$1464
  0C:03DA    C$c8051F320.h$187$1$1
  0C:03DC    A$Interrupts$1468
  0C:03DC    C$c8051F320.h$188$1$1
  0C:03DE    A$Interrupts$1472
  0C:03DE    C$c8051F320.h$192$1$1
  0C:03E0    A$Interrupts$1476
  0C:03E0    C$c8051F320.h$193$1$1
  0C:03E2    A$Interrupts$1480
  0C:03E2    C$c8051F320.h$194$1$1
  0C:03E4    A$Interrupts$1484
  0C:03E4    C$c8051F320.h$195$1$1
  0C:03E6    A$Interrupts$1488
  0C:03E6    C$c8051F320.h$196$1$1
  0C:03E8    A$Interrupts$1492
  0C:03E8    C$c8051F320.h$197$1$1
  0C:03EA    A$Interrupts$1496
  0C:03EA    C$c8051F320.h$198$1$1
  0C:03EC    A$Interrupts$1500
  0C:03EC    C$c8051F320.h$201$1$1
  0C:03EE    A$Interrupts$1504
  0C:03EE    C$c8051F320.h$202$1$1
  0C:03F0    A$Interrupts$1508
  0C:03F0    C$c8051F320.h$203$1$1
  0C:03F2    A$Interrupts$1512
  0C:03F2    C$c8051F320.h$204$1$1
  0C:03F4    A$Interrupts$1516
  0C:03F4    C$c8051F320.h$205$1$1
  0C:03F6    A$Interrupts$1520
  0C:03F6    C$c8051F320.h$206$1$1
  0C:03F8    A$Interrupts$1524
  0C:03F8    C$c8051F320.h$207$1$1
  0C:03FA    A$Interrupts$1528
  0C:03FA    C$c8051F320.h$208$1$1
  0C:03FC    A$Interrupts$1532
  0C:03FC    C$c8051F320.h$211$1$1
  0C:03FE    A$Interrupts$1536
  0C:03FE    C$c8051F320.h$212$1$1
  0C:0400    A$Interrupts$1540
  0C:0400    C$c8051F320.h$213$1$1
  0C:0402    A$Interrupts$1544
  0C:0402    C$c8051F320.h$214$1$1
  0C:0404    A$Interrupts$1548
  0C:0404    C$c8051F320.h$215$1$1
  0C:0406    A$Interrupts$1552
  0C:0406    C$c8051F320.h$216$1$1
  0C:0408    A$Interrupts$1556
  0C:0408    C$c8051F320.h$218$1$1
  0C:040A    A$Interrupts$1560
  0C:040A    C$c8051F320.h$221$1$1
  0C:040C    A$Interrupts$1564
  0C:040C    C$c8051F320.h$222$1$1
  0C:040E    A$Interrupts$1568
  0C:040E    C$c8051F320.h$223$1$1
  0C:0410    A$Interrupts$1572
  0C:0410    C$c8051F320.h$224$1$1
  0C:0412    A$Interrupts$1576
  0C:0412    C$c8051F320.h$225$1$1
  0C:0414    A$Interrupts$1580
  0C:0414    C$c8051F320.h$226$1$1
  0C:0416    A$Interrupts$1584
  0C:0416    C$c8051F320.h$227$1$1
  0C:0418    A$Interrupts$1588
  0C:0418    C$c8051F320.h$228$1$1
  0C:041A    A$Interrupts$1592
  0C:041A    C$c8051F320.h$231$1$1
  0C:041C    A$Interrupts$1596
  0C:041C    C$c8051F320.h$232$1$1
  0C:041E    A$Interrupts$1600
  0C:041E    C$c8051F320.h$234$1$1
  0C:0420    A$Interrupts$1604
  0C:0420    C$c8051F320.h$235$1$1
  0C:0422    A$Interrupts$1608
  0C:0422    C$c8051F320.h$236$1$1
  0C:0424    A$Interrupts$1612
  0C:0424    C$c8051F320.h$237$1$1
  0C:0426    A$Interrupts$1616
  0C:0426    C$c8051F320.h$238$1$1
  0C:0428    A$Interrupts$1620
  0C:0428    C$c8051F320.h$241$1$1
  0C:042A    A$Interrupts$1624
  0C:042A    C$c8051F320.h$242$1$1
  0C:042C    A$Interrupts$1628
  0C:042C    C$c8051F320.h$243$1$1
  0C:042E    A$Interrupts$1632
  0C:042E    C$c8051F320.h$244$1$1
  0C:0430    A$Interrupts$1636
  0C:0430    C$c8051F320.h$245$1$1
  0C:0432    A$Interrupts$1640
  0C:0432    C$c8051F320.h$246$1$1
  0C:0434    A$Interrupts$1644
  0C:0434    C$c8051F320.h$247$1$1
  0C:0436    A$Interrupts$1648
  0C:0436    C$c8051F320.h$248$1$1
  0C:0438    A$Interrupts$1652
  0C:0438    C$c8051F320.h$251$1$1
  0C:043A    A$Interrupts$1656
  0C:043A    C$c8051F320.h$252$1$1
  0C:043C    A$Interrupts$1660
  0C:043C    C$c8051F320.h$253$1$1
  0C:043E    A$Interrupts$1664
  0C:043E    C$c8051F320.h$254$1$1
  0C:0440    A$Interrupts$1668
  0C:0440    C$c8051F320.h$255$1$1
  0C:0442    A$Interrupts$1672
  0C:0442    C$c8051F320.h$256$1$1
  0C:0444    A$Interrupts$1676
  0C:0444    C$c8051F320.h$257$1$1
  0C:0446    A$Interrupts$1680
  0C:0446    C$c8051F320.h$258$1$1
  0C:0448    A$USBStandardRequests$841
  0C:0448    C$c8051F320.h$44$3$1
  0C:044B    A$USBStandardRequests$845
  0C:044B    C$c8051F320.h$45$3$1
  0C:044E    A$USBStandardRequests$849
  0C:044E    C$c8051F320.h$46$3$1
  0C:0451    A$USBStandardRequests$853
  0C:0451    C$c8051F320.h$47$3$1
  0C:0454    A$USBStandardRequests$857
  0C:0454    C$c8051F320.h$48$3$1
  0C:0457    A$USBStandardRequests$861
  0C:0457    C$c8051F320.h$49$3$1
  0C:045A    A$USBStandardRequests$865
  0C:045A    C$c8051F320.h$50$3$1
  0C:045D    A$USBStandardRequests$869
  0C:045D    C$c8051F320.h$51$3$1
  0C:0460    A$USBStandardRequests$873
  0C:0460    C$c8051F320.h$52$3$1
  0C:0463    A$USBStandardRequests$877
  0C:0463    C$c8051F320.h$53$3$1
  0C:0466    A$USBStandardRequests$881
  0C:0466    C$c8051F320.h$54$3$1
  0C:0469    A$USBStandardRequests$885
  0C:0469    C$c8051F320.h$55$3$1
  0C:046C    A$USBStandardRequests$889
  0C:046C    C$c8051F320.h$56$3$1
  0C:046F    A$USBStandardRequests$893
  0C:046F    C$c8051F320.h$57$3$1
  0C:0472    A$USBStandardRequests$897
  0C:0472    C$c8051F320.h$58$3$1
  0C:0475    A$USBStandardRequests$901
  0C:0475    C$c8051F320.h$59$3$1
  0C:0478    A$USBStandardRequests$905
  0C:0478    C$c8051F320.h$60$3$1
  0C:047B    A$USBStandardRequests$909
  0C:047B    C$c8051F320.h$61$3$1
  0C:047E    A$USBStandardRequests$913
  0C:047E    C$c8051F320.h$62$3$1
  0C:0481    A$USBStandardRequests$917
  0C:0481    C$c8051F320.h$63$3$1
  0C:0484    A$USBStandardRequests$921
  0C:0484    C$c8051F320.h$64$3$1
  0C:0487    A$USBStandardRequests$925
  0C:0487    C$c8051F320.h$65$3$1
  0C:048A    A$USBStandardRequests$929
  0C:048A    C$c8051F320.h$66$3$1
  0C:048D    A$USBStandardRequests$933
  0C:048D    C$c8051F320.h$67$3$1
  0C:0490    A$USBStandardRequests$937
  0C:0490    C$c8051F320.h$68$3$1
  0C:0493    A$USBStandardRequests$941
  0C:0493    C$c8051F320.h$69$3$1
  0C:0496    A$USBStandardRequests$945
  0C:0496    C$c8051F320.h$70$3$1
  0C:0499    A$USBStandardRequests$949
  0C:0499    C$c8051F320.h$71$3$1
  0C:049C    A$USBStandardRequests$953
  0C:049C    C$c8051F320.h$72$3$1
  0C:049F    A$USBStandardRequests$957
  0C:049F    C$c8051F320.h$73$3$1
  0C:04A2    A$USBStandardRequests$961
  0C:04A2    C$c8051F320.h$74$3$1
  0C:04A5    A$USBStandardRequests$965
  0C:04A5    C$c8051F320.h$75$3$1
  0C:04A8    A$USBStandardRequests$969
  0C:04A8    C$c8051F320.h$76$3$1
  0C:04AB    A$USBStandardRequests$973
  0C:04AB    C$c8051F320.h$77$3$1
  0C:04AE    A$USBStandardRequests$977
  0C:04AE    C$c8051F320.h$78$3$1
  0C:04B1    A$USBStandardRequests$981
  0C:04B1    C$c8051F320.h$79$3$1
  0C:04B4    A$USBStandardRequests$985
  0C:04B4    C$c8051F320.h$80$3$1
  0C:04B7    A$USBStandardRequests$989
  0C:04B7    C$c8051F320.h$81$3$1
  0C:04BA    A$USBStandardRequests$993
  0C:04BA    C$c8051F320.h$82$3$1
  0C:04BD    A$USBStandardRequests$997
  0C:04BD    C$c8051F320.h$83$3$1
  0C:04C0    A$USBStandardRequests$1001
  0C:04C0    C$c8051F320.h$84$3$1
  0C:04C3    A$USBStandardRequests$1005
  0C:04C3    C$c8051F320.h$85$3$1
  0C:04C6    A$USBStandardRequests$1009
  0C:04C6    C$c8051F320.h$86$3$1
  0C:04C9    A$USBStandardRequests$1013
  0C:04C9    C$c8051F320.h$87$3$1
  0C:04CC    A$USBStandardRequests$1017
  0C:04CC    C$c8051F320.h$88$3$1
  0C:04CF    A$USBStandardRequests$1021
  0C:04CF    C$c8051F320.h$89$3$1
  0C:04D2    A$USBStandardRequests$1025
  0C:04D2    C$c8051F320.h$90$3$1
  0C:04D5    A$USBStandardRequests$1029
  0C:04D5    C$c8051F320.h$91$3$1
  0C:04D8    A$USBStandardRequests$1033
  0C:04D8    C$c8051F320.h$92$3$1
  0C:04DB    A$USBStandardRequests$1037
  0C:04DB    C$c8051F320.h$93$3$1
  0C:04DE    A$USBStandardRequests$1041
  0C:04DE    C$c8051F320.h$94$3$1
  0C:04E1    A$USBStandardRequests$1045
  0C:04E1    C$c8051F320.h$95$3$1
  0C:04E4    A$USBStandardRequests$1049
  0C:04E4    C$c8051F320.h$96$3$1
  0C:04E7    A$USBStandardRequests$1053
  0C:04E7    C$c8051F320.h$97$3$1
  0C:04EA    A$USBStandardRequests$1057
  0C:04EA    C$c8051F320.h$98$3$1
  0C:04ED    A$USBStandardRequests$1061
  0C:04ED    C$c8051F320.h$99$3$1
  0C:04F0    A$USBStandardRequests$1065
  0C:04F0    C$c8051F320.h$100$3$1
  0C:04F3    A$USBStandardRequests$1069
  0C:04F3    C$c8051F320.h$101$3$1
  0C:04F6    A$USBStandardRequests$1073
  0C:04F6    C$c8051F320.h$102$3$1
  0C:04F9    A$USBStandardRequests$1077
  0C:04F9    C$c8051F320.h$103$3$1
  0C:04FC    A$USBStandardRequests$1081
  0C:04FC    C$c8051F320.h$104$3$1
  0C:04FF    A$USBStandardRequests$1085
  0C:04FF    C$c8051F320.h$105$3$1
  0C:0502    A$USBStandardRequests$1089
  0C:0502    C$c8051F320.h$106$3$1
  0C:0505    A$USBStandardRequests$1093
  0C:0505    C$c8051F320.h$107$3$1
  0C:0508    A$USBStandardRequests$1097
  0C:0508    C$c8051F320.h$108$3$1
  0C:050B    A$USBStandardRequests$1101
  0C:050B    C$c8051F320.h$109$3$1
  0C:050E    A$USBStandardRequests$1105
  0C:050E    C$c8051F320.h$110$3$1
  0C:0511    A$USBStandardRequests$1109
  0C:0511    C$c8051F320.h$111$3$1
  0C:0514    A$USBStandardRequests$1113
  0C:0514    C$c8051F320.h$112$3$1
  0C:0517    A$USBStandardRequests$1117
  0C:0517    C$c8051F320.h$113$3$1
  0C:051A    A$USBStandardRequests$1121
  0C:051A    C$c8051F320.h$114$3$1
  0C:051D    A$USBStandardRequests$1125
  0C:051D    C$c8051F320.h$115$3$1
  0C:0520    A$USBStandardRequests$1129
  0C:0520    C$c8051F320.h$116$3$1
  0C:0523    A$USBStandardRequests$1133
  0C:0523    C$c8051F320.h$117$3$1
  0C:0526    A$USBStandardRequests$1137
  0C:0526    C$c8051F320.h$118$3$1
  0C:0529    A$USBStandardRequests$1141
  0C:0529    C$c8051F320.h$119$3$1
  0C:052C    A$USBStandardRequests$1145
  0C:052C    C$c8051F320.h$120$3$1
  0C:052F    A$USBStandardRequests$1149
  0C:052F    C$c8051F320.h$121$3$1
  0C:0532    A$USBStandardRequests$1153
  0C:0532    C$c8051F320.h$122$3$1
  0C:0535    A$USBStandardRequests$1157
  0C:0535    C$c8051F320.h$123$3$1
  0C:0538    A$USBStandardRequests$1161
  0C:0538    C$c8051F320.h$124$3$1
  0C:053B    A$USBStandardRequests$1165
  0C:053B    C$c8051F320.h$125$3$1
  0C:053E    A$USBStandardRequests$1169
  0C:053E    C$c8051F320.h$126$3$1
  0C:0541    A$USBStandardRequests$1173
  0C:0541    C$c8051F320.h$127$3$1
  0C:0544    A$USBStandardRequests$1177
  0C:0544    C$c8051F320.h$128$3$1
  0C:0547    A$USBStandardRequests$1181
  0C:0547    C$c8051F320.h$129$3$1
  0C:054A    A$USBStandardRequests$1185
  0C:054A    C$c8051F320.h$130$3$1
  0C:054D    A$USBStandardRequests$1189
  0C:054D    C$c8051F320.h$131$3$1
  0C:0550    A$USBStandardRequests$1193
  0C:0550    C$c8051F320.h$132$3$1
  0C:0553    A$USBStandardRequests$1197
  0C:0553    C$c8051F320.h$133$3$1
  0C:0556    A$USBStandardRequests$1201
  0C:0556    C$c8051F320.h$134$3$1
  0C:0559    A$USBStandardRequests$1205
  0C:0559    C$c8051F320.h$135$3$1
  0C:055C    A$USBStandardRequests$1209
  0C:055C    C$c8051F320.h$136$3$1
  0C:055F    A$USBStandardRequests$1213
  0C:055F    C$c8051F320.h$137$3$1
  0C:0562    A$USBStandardRequests$1217
  0C:0562    C$c8051F320.h$138$3$1
  0C:0565    A$USBStandardRequests$1221
  0C:0565    C$c8051F320.h$139$3$1
  0C:0568    A$USBStandardRequests$1225
  0C:0568    C$c8051F320.h$140$3$1
  0C:056B    A$USBStandardRequests$1229
  0C:056B    C$c8051F320.h$141$3$1
  0C:056E    A$USBStandardRequests$1233
  0C:056E    C$c8051F320.h$142$3$1
  0C:0571    A$USBStandardRequests$1237
  0C:0571    C$c8051F320.h$143$3$1
  0C:0574    A$USBStandardRequests$1241
  0C:0574    C$c8051F320.h$144$3$1
  0C:0577    A$USBStandardRequests$1245
  0C:0577    C$c8051F320.h$145$3$1
  0C:057A    A$USBStandardRequests$1249
  0C:057A    C$c8051F320.h$146$3$1
  0C:057D    A$USBStandardRequests$1253
  0C:057D    C$c8051F320.h$147$3$1
  0C:0580    A$USBStandardRequests$1257
  0C:0580    C$c8051F320.h$148$3$1
  0C:0583    A$USBStandardRequests$1261
  0C:0583    C$c8051F320.h$149$3$1
  0C:0586    A$USBStandardRequests$1265
  0C:0586    C$c8051F320.h$150$3$1
  0C:0589    A$USBStandardRequests$1269
  0C:0589    C$c8051F320.h$151$3$1
  0C:058C    A$USBStandardRequests$1273
  0C:058C    C$c8051F320.h$152$3$1
  0C:058F    A$USBStandardRequests$1277
  0C:058F    C$c8051F320.h$153$3$1
  0C:0592    A$USBStandardRequests$1281
  0C:0592    C$c8051F320.h$154$3$1
  0C:0595    A$USBStandardRequests$1285
  0C:0595    C$c8051F320.h$161$3$1
  0C:0597    A$USBStandardRequests$1289
  0C:0597    C$c8051F320.h$162$3$1
  0C:0599    A$USBStandardRequests$1293
  0C:0599    C$c8051F320.h$163$3$1
  0C:059B    A$USBStandardRequests$1297
  0C:059B    C$c8051F320.h$164$3$1
  0C:059D    A$USBStandardRequests$1301
  0C:059D    C$c8051F320.h$165$3$1
  0C:059F    A$USBStandardRequests$1305
  0C:059F    C$c8051F320.h$166$3$1
  0C:05A1    A$USBStandardRequests$1309
  0C:05A1    C$c8051F320.h$167$3$1
  0C:05A3    A$USBStandardRequests$1313
  0C:05A3    C$c8051F320.h$168$3$1
  0C:05A5    A$USBStandardRequests$1317
  0C:05A5    C$c8051F320.h$171$3$1
  0C:05A7    A$USBStandardRequests$1321
  0C:05A7    C$c8051F320.h$173$3$1
  0C:05A9    A$USBStandardRequests$1325
  0C:05A9    C$c8051F320.h$174$3$1
  0C:05AB    A$USBStandardRequests$1329
  0C:05AB    C$c8051F320.h$175$3$1
  0C:05AD    A$USBStandardRequests$1333
  0C:05AD    C$c8051F320.h$176$3$1
  0C:05AF    A$USBStandardRequests$1337
  0C:05AF    C$c8051F320.h$177$3$1
  0C:05B1    A$USBStandardRequests$1341
  0C:05B1    C$c8051F320.h$178$3$1
  0C:05B3    A$USBStandardRequests$1345
  0C:05B3    C$c8051F320.h$181$3$1
  0C:05B5    A$USBStandardRequests$1349
  0C:05B5    C$c8051F320.h$182$3$1
  0C:05B7    A$USBStandardRequests$1353
  0C:05B7    C$c8051F320.h$183$3$1
  0C:05B9    A$USBStandardRequests$1357
  0C:05B9    C$c8051F320.h$184$3$1
  0C:05BB    A$USBStandardRequests$1361
  0C:05BB    C$c8051F320.h$185$3$1
  0C:05BD    A$USBStandardRequests$1365
  0C:05BD    C$c8051F320.h$186$3$1
  0C:05BF    A$USBStandardRequests$1369
  0C:05BF    C$c8051F320.h$187$3$1
  0C:05C1    A$USBStandardRequests$1373
  0C:05C1    C$c8051F320.h$188$3$1
  0C:05C3    A$USBStandardRequests$1377
  0C:05C3    C$c8051F320.h$192$3$1
  0C:05C5    A$USBStandardRequests$1381
  0C:05C5    C$c8051F320.h$193$3$1
  0C:05C7    A$USBStandardRequests$1385
  0C:05C7    C$c8051F320.h$194$3$1
  0C:05C9    A$USBStandardRequests$1389
  0C:05C9    C$c8051F320.h$195$3$1
  0C:05CB    A$USBStandardRequests$1393
  0C:05CB    C$c8051F320.h$196$3$1
  0C:05CD    A$USBStandardRequests$1397
  0C:05CD    C$c8051F320.h$197$3$1
  0C:05CF    A$USBStandardRequests$1401
  0C:05CF    C$c8051F320.h$198$3$1
  0C:05D1    A$USBStandardRequests$1405
  0C:05D1    C$c8051F320.h$201$3$1
  0C:05D3    A$USBStandardRequests$1409
  0C:05D3    C$c8051F320.h$202$3$1
  0C:05D5    A$USBStandardRequests$1413
  0C:05D5    C$c8051F320.h$203$3$1
  0C:05D7    A$USBStandardRequests$1417
  0C:05D7    C$c8051F320.h$204$3$1
  0C:05D9    A$USBStandardRequests$1421
  0C:05D9    C$c8051F320.h$205$3$1
  0C:05DB    A$USBStandardRequests$1425
  0C:05DB    C$c8051F320.h$206$3$1
  0C:05DD    A$USBStandardRequests$1429
  0C:05DD    C$c8051F320.h$207$3$1
  0C:05DF    A$USBStandardRequests$1433
  0C:05DF    C$c8051F320.h$208$3$1
  0C:05E1    A$USBStandardRequests$1437
  0C:05E1    C$c8051F320.h$211$3$1
  0C:05E3    A$USBStandardRequests$1441
  0C:05E3    C$c8051F320.h$212$3$1
  0C:05E5    A$USBStandardRequests$1445
  0C:05E5    C$c8051F320.h$213$3$1
  0C:05E7    A$USBStandardRequests$1449
  0C:05E7    C$c8051F320.h$214$3$1
  0C:05E9    A$USBStandardRequests$1453
  0C:05E9    C$c8051F320.h$215$3$1
  0C:05EB    A$USBStandardRequests$1457
  0C:05EB    C$c8051F320.h$216$3$1
  0C:05ED    A$USBStandardRequests$1461
  0C:05ED    C$c8051F320.h$218$3$1
  0C:05EF    A$USBStandardRequests$1465
  0C:05EF    C$c8051F320.h$221$3$1
  0C:05F1    A$USBStandardRequests$1469
  0C:05F1    C$c8051F320.h$222$3$1
  0C:05F3    A$USBStandardRequests$1473
  0C:05F3    C$c8051F320.h$223$3$1
  0C:05F5    A$USBStandardRequests$1477
  0C:05F5    C$c8051F320.h$224$3$1
  0C:05F7    A$USBStandardRequests$1481
  0C:05F7    C$c8051F320.h$225$3$1
  0C:05F9    A$USBStandardRequests$1485
  0C:05F9    C$c8051F320.h$226$3$1
  0C:05FB    A$USBStandardRequests$1489
  0C:05FB    C$c8051F320.h$227$3$1
  0C:05FD    A$USBStandardRequests$1493
  0C:05FD    C$c8051F320.h$228$3$1
  0C:05FF    A$USBStandardRequests$1497
  0C:05FF    C$c8051F320.h$231$3$1
  0C:0601    A$USBStandardRequests$1501
  0C:0601    C$c8051F320.h$232$3$1
  0C:0603    A$USBStandardRequests$1505
  0C:0603    C$c8051F320.h$234$3$1
  0C:0605    A$USBStandardRequests$1509
  0C:0605    C$c8051F320.h$235$3$1
  0C:0607    A$USBStandardRequests$1513
  0C:0607    C$c8051F320.h$236$3$1
  0C:0609    A$USBStandardRequests$1517
  0C:0609    C$c8051F320.h$237$3$1
  0C:060B    A$USBStandardRequests$1521
  0C:060B    C$c8051F320.h$238$3$1
  0C:060D    A$USBStandardRequests$1525
  0C:060D    C$c8051F320.h$241$3$1
  0C:060F    A$USBStandardRequests$1529
  0C:060F    C$c8051F320.h$242$3$1
  0C:0611    A$USBStandardRequests$1533
  0C:0611    C$c8051F320.h$243$3$1
  0C:0613    A$USBStandardRequests$1537
  0C:0613    C$c8051F320.h$244$3$1
  0C:0615    A$USBStandardRequests$1541
  0C:0615    C$c8051F320.h$245$3$1
  0C:0617    A$USBStandardRequests$1545
  0C:0617    C$c8051F320.h$246$3$1
  0C:0619    A$USBStandardRequests$1549
  0C:0619    C$c8051F320.h$247$3$1
  0C:061B    A$USBStandardRequests$1553
  0C:061B    C$c8051F320.h$248$3$1
  0C:061D    A$USBStandardRequests$1557
  0C:061D    C$c8051F320.h$251$3$1
  0C:061F    A$USBStandardRequests$1561
  0C:061F    C$c8051F320.h$252$3$1
  0C:0621    A$USBStandardRequests$1565
  0C:0621    C$c8051F320.h$253$3$1
  0C:0623    A$USBStandardRequests$1569
  0C:0623    C$c8051F320.h$254$3$1
  0C:0625    A$USBStandardRequests$1573
  0C:0625    C$c8051F320.h$255$3$1
  0C:0627    A$USBStandardRequests$1577
  0C:0627    C$c8051F320.h$256$3$1
  0C:0629    A$USBStandardRequests$1581
  0C:0629    C$c8051F320.h$257$3$1
  0C:062B    A$USBStandardRequests$1585
  0C:062B    C$c8051F320.h$258$3$1

Hexadecimal

Area                               Addr   Size   Decimal Bytes (Attributes)
--------------------------------   ----   ----   ------- ----- ------------
GSFINAL                            062D   0003 =      3. bytes (REL,CON,CODE)

      Value  Global
   --------  --------------------------------
  0C:062D    A$Main$1659

Hexadecimal

Area                               Addr   Size   Decimal Bytes (Attributes)
--------------------------------   ----   ----   ------- ----- ------------
CSEG                               0630   0FE0 =   4064. bytes (REL,CON,CODE)

      Value  Global
   --------  --------------------------------
  0C:0630    A$Main$1694
  0C:0630    C$Main.c$40$0$0
  0C:0630    C$Main.c$42$1$1
  0C:0630    G$main$0$0
  0C:0630    _main
  0C:0633    A$Main$1697
  0C:0633    C$Main.c$44$1$1
  0C:0636    A$Main$1700
  0C:0636    C$Main.c$45$1$1
  0C:0639    A$Main$1703
  0C:0639    C$Main.c$46$1$1
  0C:063C    A$Main$1706
  0C:063C    C$Main.c$47$1$1
  0C:063F    A$Main$1709
  0C:063F    C$Main.c$48$1$1
  0C:0642    A$Main$1712
  0C:0642    C$Main.c$49$1$1
  0C:0645    A$Main$1718
  0C:0645    C$Main.c$51$1$1
  0C:0645    C$Main.c$52$1$1
  0C:0645    XG$main$0$0
  0C:0647    A$Main$1733
  0C:0647    C$Main.c$69$1$1
  0C:0647    C$Main.c$76$1$1
  0C:0647    G$Sysclk_Init$0$0
  0C:0647    _Sysclk_Init
  0C:064A    A$Main$1736
  0C:064A    C$Main.c$80$1$1
  0C:064D    A$Main$1739
  0C:064D    C$Main.c$83$1$1
  0C:0650    A$Main$1742
  0C:0650    C$Main.c$87$1$1
  0C:0652    A$Main$1744
  0C:0654    A$Main$1745
  0C:0655    A$Main$1746
  0C:0656    A$Main$1747
  0C:0658    A$Main$1750
  0C:0658    C$Main.c$90$1$1
  0C:065B    A$Main$1754
  0C:065B    C$Main.c$93$1$1
  0C:065D    A$Main$1755
  0C:065F    A$Main$1756
  0C:0660    A$Main$1757
  0C:0663    A$Main$1760
  0C:0663    C$Main.c$96$1$1
  0C:0666    A$Main$1763
  0C:0666    C$Main.c$101$1$1
  0C:0669    A$Main$1766
  0C:0669    C$Main.c$102$1$1
  0C:0669    XG$Sysclk_Init$0$0
  0C:066A    A$Main$1780
  0C:066A    C$Main.c$141$1$1
  0C:066A    C$Main.c$144$1$1
  0C:066A    G$Port_Init$0$0
  0C:066A    _Port_Init
  0C:066D    A$Main$1783
  0C:066D    C$Main.c$145$1$1
  0C:0670    A$Main$1786
  0C:0670    C$Main.c$146$1$1
  0C:0673    A$Main$1789
  0C:0673    C$Main.c$147$1$1
  0C:0676    A$Main$1792
  0C:0676    C$Main.c$150$1$1
  0C:0679    A$Main$1795
  0C:0679    C$Main.c$151$1$1
  0C:067C    A$Main$1798
  0C:067C    C$Main.c$152$1$1
  0C:067F    A$Main$1801
  0C:067F    C$Main.c$153$1$1
  0C:0682    A$Main$1804
  0C:0682    C$Main.c$156$1$1
  0C:0685    A$Main$1807
  0C:0685    C$Main.c$157$1$1
  0C:0688    A$Main$1810
  0C:0688    C$Main.c$158$1$1
  0C:068B    A$Main$1813
  0C:068B    C$Main.c$164$1$1
  0C:068E    A$Main$1816
  0C:068E    C$Main.c$168$1$1
  0C:0691    A$Main$1820
  0C:0691    C$Main.c$183$1$1
  0C:0693    A$Main$1821
  0C:0696    A$Main$1822
  0C:0699    A$Main$1823
  0C:069C    A$Main$1827
  0C:069C    C$Main.c$184$1$1
  0C:069E    A$Main$1828
  0C:06A1    A$Main$1829
  0C:06A4    A$Main$1830
  0C:06A7    A$Main$1834
  0C:06A7    C$Main.c$185$1$1
  0C:06A9    A$Main$1835
  0C:06AC    A$Main$1836
  0C:06AF    A$Main$1837
  0C:06B2    A$Main$1841
  0C:06B2    C$Main.c$186$1$1
  0C:06B4    A$Main$1842
  0C:06B7    A$Main$1843
  0C:06BA    A$Main$1844
  0C:06BD    A$Main$1848
  0C:06BD    C$Main.c$187$1$1
  0C:06BF    A$Main$1849
  0C:06C2    A$Main$1850
  0C:06C5    A$Main$1851
  0C:06C8    A$Main$1855
  0C:06C8    C$Main.c$189$1$1
  0C:06CA    A$Main$1856
  0C:06CD    A$Main$1857
  0C:06D0    A$Main$1858
  0C:06D3    A$Main$1862
  0C:06D3    C$Main.c$190$1$1
  0C:06D5    A$Main$1863
  0C:06D8    A$Main$1864
  0C:06DB    A$Main$1865
  0C:06DE    A$Main$1869
  0C:06DE    C$Main.c$191$1$1
  0C:06E0    A$Main$1870
  0C:06E3    A$Main$1871
  0C:06E6    A$Main$1872
  0C:06E9    A$Main$1876
  0C:06E9    C$Main.c$192$1$1
  0C:06EB    A$Main$1877
  0C:06EE    A$Main$1878
  0C:06F1    A$Main$1879
  0C:06F4    A$Main$1883
  0C:06F4    C$Main.c$193$1$1
  0C:06F6    A$Main$1884
  0C:06F9    A$Main$1885
  0C:06FC    A$Main$1886
  0C:06FF    A$Main$1890
  0C:06FF    C$Main.c$194$1$1
  0C:0701    A$Main$1891
  0C:0704    A$Main$1892
  0C:0707    A$Main$1893
  0C:070A    A$Main$1897
  0C:070A    C$Main.c$195$1$1
  0C:070C    A$Main$1898
  0C:070F    A$Main$1899
  0C:0712    A$Main$1900
  0C:0715    A$Main$1904
  0C:0715    C$Main.c$196$1$1
  0C:0717    A$Main$1905
  0C:071A    A$Main$1906
  0C:071D    A$Main$1907
  0C:0720    A$Main$1910
  0C:0720    C$Main.c$197$2$14
  0C:0720    XG$Port_Init$0$0
  0C:0721    A$Main$1925
  0C:0721    C$Main.c$211$2$14
  0C:0721    C$Main.c$214$1$1
  0C:0721    G$SPI_Init$0$0
  0C:0721    _SPI_Init
  0C:0723    A$Main$1926
  0C:0726    A$Main$1927
  0C:0729    A$Main$1928
  0C:072C    A$Main$1932
  0C:072C    C$Main.c$215$1$1
  0C:072E    A$Main$1933
  0C:0731    A$Main$1934
  0C:0734    A$Main$1935
  0C:0737    A$Main$1939
  0C:0737    C$Main.c$216$1$1
  0C:0739    A$Main$1940
  0C:073C    A$Main$1941
  0C:073F    A$Main$1942
  0C:0742    A$Main$1945
  0C:0742    C$Main.c$227$1$1
  0C:0745    A$Main$1948
  0C:0745    C$Main.c$238$1$1
  0C:0748    A$Main$1951
  0C:0748    C$Main.c$250$1$1
  0C:074B    A$Main$1954
  0C:074B    C$Main.c$253$1$1
  0C:074D    A$Main$1957
  0C:074D    C$Main.c$254$1$1
  0C:074D    XG$SPI_Init$0$0
  0C:074E    A$Main$1971
  0C:074E    C$Main.c$268$1$1
  0C:074E    C$Main.c$271$1$1
  0C:074E    G$DAC_Init$0$0
  0C:074E    _DAC_Init
  0C:0751    A$Main$1972
  0C:0752    A$Main$1973
  0C:0754    A$Main$1977
  0C:0754    C$Main.c$284$1$1
  0C:0756    A$Main$1978
  0C:0759    A$Main$1979
  0C:075C    A$Main$1980
  0C:075F    A$Main$1983
  0C:075F    C$Main.c$285$1$1
  0C:0762    A$Main$1987
  0C:0762    C$Main.c$286$1$1
  0C:0764    A$Main$1988
  0C:0767    A$Main$1989
  0C:0768    A$Main$1990
  0C:076B    A$Main$1991
  0C:076D    A$Main$1993
  0C:076F    A$Main$1997
  0C:076F    C$Main.c$287$1$1
  0C:0772    A$Main$2001
  0C:0772    C$Main.c$288$1$1
  0C:0774    A$Main$2002
  0C:0777    A$Main$2003
  0C:0778    A$Main$2004
  0C:077B    A$Main$2005
  0C:077D    A$Main$2007
  0C:077F    A$Main$2011
  0C:077F    C$Main.c$289$1$1
  0C:0782    A$Main$2015
  0C:0782    C$Main.c$290$1$1
  0C:0784    A$Main$2016
  0C:0787    A$Main$2017
  0C:0788    A$Main$2018
  0C:078B    A$Main$2019
  0C:078D    A$Main$2021
  0C:078F    A$Main$2025
  0C:078F    C$Main.c$291$1$1
  0C:0791    A$Main$2026
  0C:0793    A$Main$2027
  0C:0795    A$Main$2028
  0C:0797    A$Main$2029
  0C:0799    A$Main$2030
  0C:079B    A$Main$2034
  0C:079B    C$Main.c$292$1$1
  0C:079D    A$Main$2035
  0C:07A0    A$Main$2036
  0C:07A3    A$Main$2037
  0C:07A6    A$Main$2041
  0C:07A6    C$Main.c$308$1$1
  0C:07A8    A$Main$2042
  0C:07AB    A$Main$2043
  0C:07AE    A$Main$2044
  0C:07B1    A$Main$2047
  0C:07B1    C$Main.c$309$1$1
  0C:07B4    A$Main$2051
  0C:07B4    C$Main.c$310$1$1
  0C:07B6    A$Main$2052
  0C:07B9    A$Main$2053
  0C:07BA    A$Main$2054
  0C:07BD    A$Main$2055
  0C:07BF    A$Main$2057
  0C:07C1    A$Main$2061
  0C:07C1    C$Main.c$311$1$1
  0C:07C4    A$Main$2065
  0C:07C4    C$Main.c$312$1$1
  0C:07C6    A$Main$2066
  0C:07C9    A$Main$2067
  0C:07CA    A$Main$2068
  0C:07CD    A$Main$2069
  0C:07CF    A$Main$2071
  0C:07D1    A$Main$2075
  0C:07D1    C$Main.c$313$1$1
  0C:07D4    A$Main$2079
  0C:07D4    C$Main.c$314$1$1
  0C:07D6    A$Main$2080
  0C:07D9    A$Main$2081
  0C:07DA    A$Main$2082
  0C:07DD    A$Main$2083
  0C:07DF    A$Main$2085
  0C:07E1    A$Main$2089
  0C:07E1    C$Main.c$315$1$1
  0C:07E3    A$Main$2090
  0C:07E5    A$Main$2091
  0C:07E7    A$Main$2092
  0C:07E9    A$Main$2093
  0C:07EB    A$Main$2094
  0C:07ED    A$Main$2098
  0C:07ED    C$Main.c$316$1$1
  0C:07EF    A$Main$2099
  0C:07F2    A$Main$2100
  0C:07F5    A$Main$2101
  0C:07F8    A$Main$2105
  0C:07F8    C$Main.c$335$1$1
  0C:07FA    A$Main$2106
  0C:07FD    A$Main$2107
  0C:0800    A$Main$2108
  0C:0803    A$Main$2111
  0C:0803    C$Main.c$336$1$1
  0C:0806    A$Main$2115
  0C:0806    C$Main.c$337$1$1
  0C:0808    A$Main$2116
  0C:080B    A$Main$2117
  0C:080C    A$Main$2118
  0C:080F    A$Main$2119
  0C:0811    A$Main$2121
  0C:0813    A$Main$2125
  0C:0813    C$Main.c$338$1$1
  0C:0816    A$Main$2129
  0C:0816    C$Main.c$339$1$1
  0C:0818    A$Main$2130
  0C:081B    A$Main$2131
  0C:081C    A$Main$2132
  0C:081F    A$Main$2133
  0C:0821    A$Main$2135
  0C:0823    A$Main$2139
  0C:0823    C$Main.c$340$1$1
  0C:0826    A$Main$2143
  0C:0826    C$Main.c$341$1$1
  0C:0828    A$Main$2144
  0C:082B    A$Main$2145
  0C:082C    A$Main$2146
  0C:082F    A$Main$2147
  0C:0831    A$Main$2149
  0C:0833    A$Main$2153
  0C:0833    C$Main.c$342$1$1
  0C:0835    A$Main$2154
  0C:0837    A$Main$2155
  0C:0839    A$Main$2156
  0C:083B    A$Main$2157
  0C:083D    A$Main$2158
  0C:083F    A$Main$2162
  0C:083F    C$Main.c$343$1$1
  0C:0841    A$Main$2163
  0C:0844    A$Main$2164
  0C:0847    A$Main$2165
  0C:084A    A$Main$2168
  0C:084A    C$Main.c$346$1$1
  0C:084B    A$Main$2169
  0C:084D    A$Main$2170
  0C:084F    A$Main$2173
  0C:084F    C$Main.c$347$1$1
  0C:084F    XG$DAC_Init$0$0
  0C:0850    A$Main$2187
  0C:0850    C$Main.c$361$1$1
  0C:0850    C$Main.c$364$1$1
  0C:0850    G$ADC_Init$0$0
  0C:0850    _ADC_Init
  0C:0853    A$Main$2188
  0C:0854    A$Main$2189
  0C:0856    A$Main$2192
  0C:0856    C$Main.c$379$1$1
  0C:0859    A$Main$2195
  0C:0859    C$Main.c$391$1$1
  0C:085C    A$Main$2199
  0C:085C    C$Main.c$404$1$1
  0C:085E    A$Main$2200
  0C:0861    A$Main$2201
  0C:0864    A$Main$2202
  0C:0867    A$Main$2205
  0C:0867    C$Main.c$405$1$1
  0C:086A    A$Main$2209
  0C:086A    C$Main.c$406$1$1
  0C:086C    A$Main$2210
  0C:086F    A$Main$2211
  0C:0870    A$Main$2212
  0C:0873    A$Main$2213
  0C:0875    A$Main$2215
  0C:0877    A$Main$2219
  0C:0877    C$Main.c$407$1$1
  0C:087A    A$Main$2223
  0C:087A    C$Main.c$408$1$1
  0C:087C    A$Main$2224
  0C:087F    A$Main$2225
  0C:0880    A$Main$2226
  0C:0883    A$Main$2227
  0C:0885    A$Main$2229
  0C:0887    A$Main$2234
  0C:0887    C$Main.c$409$1$1
  0C:0889    A$Main$2235
  0C:088C    A$Main$2236
  0C:088F    A$Main$2237
  0C:0892    A$Main$2240
  0C:0892    C$Main.c$412$1$1
  0C:0893    A$Main$2241
  0C:0895    A$Main$2242
  0C:0897    A$Main$2245
  0C:0897    C$Main.c$413$1$1
  0C:0897    XG$ADC_Init$0$0
  0C:0898    A$Main$2260
  0C:0898    C$Main.c$428$1$1
  0C:0898    C$Main.c$434$2$2
  0C:0898    G$Usb0_Init$0$0
  0C:0898    _Usb0_Init
  0C:089A    A$Main$2262
  0C:089D    A$Main$2264
  0C:089F    A$Main$2267
  0C:089F    C$Main.c$436$2$2
  0C:08A0    A$Main$2268
  0C:08A2    A$Main$2269
  0C:08A3    A$Main$2270
  0C:08A5    A$Main$2273
  0C:08A5    C$Main.c$437$2$2
  0C:08A6    A$Main$2274
  0C:08A8    A$Main$2275
  0C:08A9    A$Main$2276
  0C:08AB    A$Main$2279
  0C:08AB    C$Main.c$434$1$1
  0C:08AC    A$Main$2282
  0C:08AC    C$Main.c$440$1$1
  0C:08AE    A$Main$2284
  0C:08B0    A$Main$2285
  0C:08B3    A$Main$2286
  0C:08B6    A$Main$2287
  0C:08B9    A$Main$2291
  0C:08B9    C$Main.c$441$1$1
  0C:08BB    A$Main$2292
  0C:08BE    A$Main$2293
  0C:08C1    A$Main$2294
  0C:08C4    A$Main$2298
  0C:08C4    C$Main.c$442$1$1
  0C:08C6    A$Main$2299
  0C:08C9    A$Main$2300
  0C:08CC    A$Main$2301
  0C:08CF    A$Main$2305
  0C:08CF    C$Main.c$443$1$1
  0C:08D1    A$Main$2306
  0C:08D4    A$Main$2307
  0C:08D7    A$Main$2308
  0C:08DA    A$Main$2311
  0C:08DA    C$Main.c$449$1$1
  0C:08DD    A$Main$2315
  0C:08DD    C$Main.c$450$1$1
  0C:08DF    A$Main$2316
  0C:08E2    A$Main$2317
  0C:08E5    A$Main$2318
  0C:08E8    A$Main$2321
  0C:08E8    C$Main.c$454$1$1
  0C:08EB    A$Main$2324
  0C:08EB    C$Main.c$455$1$1
  0C:08ED    A$Main$2328
  0C:08ED    C$Main.c$458$1$1
  0C:08EF    A$Main$2329
  0C:08F2    A$Main$2330
  0C:08F5    A$Main$2331
  0C:08F8    A$Main$2334
  0C:08F8    C$Main.c$459$2$8
  0C:08F8    XG$Usb0_Init$0$0
  0C:08F9    A$Interrupts$1712
  0C:08F9    C$Interrupts.c$65$0$0
  0C:08F9    G$Usb_ISR$0$0
  0C:08F9    _Usb_ISR
  0C:08FB    A$Interrupts$1713
  0C:08FD    A$Interrupts$1714
  0C:08FF    A$Interrupts$1715
  0C:0901    A$Interrupts$1716
  0C:0903    A$Interrupts$1717
  0C:0905    A$Interrupts$1718
  0C:0907    A$Interrupts$1719
  0C:0909    A$Interrupts$1720
  0C:090B    A$Interrupts$1721
  0C:090D    A$Interrupts$1722
  0C:090F    A$Interrupts$1723
  0C:0911    A$Interrupts$1724
  0C:0913    A$Interrupts$1725
  0C:0915    A$Interrupts$1726
  0C:0918    A$Interrupts$1730
  0C:0918    C$Interrupts.c$68$1$1
  0C:091A    A$Interrupts$1731
  0C:091D    A$Interrupts$1732
  0C:0920    A$Interrupts$1734
  0C:0922    A$Interrupts$1735
  0C:0925    A$Interrupts$1736
  0C:0927    A$Interrupts$1740
  0C:0927    C$Interrupts.c$69$1$1
  0C:0929    A$Interrupts$1741
  0C:092C    A$Interrupts$1742
  0C:092F    A$Interrupts$1744
  0C:0931    A$Interrupts$1745
  0C:0934    A$Interrupts$1746
  0C:0936    A$Interrupts$1750
  0C:0936    C$Interrupts.c$70$1$1
  0C:0938    A$Interrupts$1751
  0C:093B    A$Interrupts$1752
  0C:093E    A$Interrupts$1754
  0C:0940    A$Interrupts$1755
  0C:0943    A$Interrupts$1756
  0C:0945    A$Interrupts$1759
  0C:0945    C$Interrupts.c$72$2$5
  0C:0946    A$Interrupts$1760
  0C:0949    A$Interrupts$1763
  0C:0949    C$Interrupts.c$74$3$6
  0C:094B    A$Interrupts$1764
  0C:094D    A$Interrupts$1765
  0C:094F    A$Interrupts$1766
  0C:0952    A$Interrupts$1767
  0C:0954    A$Interrupts$1768
  0C:0956    A$Interrupts$1769
  0C:0958    A$Interrupts$1773
  0C:0958    C$Interrupts.c$76$2$5
  0C:0959    A$Interrupts$1774
  0C:095C    A$Interrupts$1777
  0C:095C    C$Interrupts.c$78$3$7
  0C:095E    A$Interrupts$1778
  0C:0960    A$Interrupts$1779
  0C:0962    A$Interrupts$1780
  0C:0965    A$Interrupts$1781
  0C:0967    A$Interrupts$1782
  0C:0969    A$Interrupts$1783
  0C:096B    A$Interrupts$1787
  0C:096B    C$Interrupts.c$80$2$5
  0C:096C    A$Interrupts$1788
  0C:096F    A$Interrupts$1791
  0C:096F    C$Interrupts.c$82$3$8
  0C:0971    A$Interrupts$1792
  0C:0973    A$Interrupts$1793
  0C:0975    A$Interrupts$1794
  0C:0978    A$Interrupts$1795
  0C:097A    A$Interrupts$1796
  0C:097C    A$Interrupts$1797
  0C:097E    A$Interrupts$1801
  0C:097E    C$Interrupts.c$84$2$5
  0C:097F    A$Interrupts$1802
  0C:0982    A$Interrupts$1805
  0C:0982    C$Interrupts.c$86$3$9
  0C:0984    A$Interrupts$1806
  0C:0986    A$Interrupts$1807
  0C:0989    A$Interrupts$1808
  0C:098B    A$Interrupts$1809
  0C:098D    A$Interrupts$1813
  0C:098D    C$Interrupts.c$88$2$5
  0C:098E    A$Interrupts$1814
  0C:0991    A$Interrupts$1817
  0C:0991    C$Interrupts.c$90$3$10
  0C:0993    A$Interrupts$1818
  0C:0996    A$Interrupts$1819
  0C:0998    A$Interrupts$1823
  0C:0998    C$Interrupts.c$92$2$5
  0C:0999    A$Interrupts$1824
  0C:099C    A$Interrupts$1827
  0C:099C    C$Interrupts.c$94$3$11
  0C:099F    A$Interrupts$1829
  0C:09A1    A$Interrupts$1830
  0C:09A3    A$Interrupts$1831
  0C:09A5    A$Interrupts$1832
  0C:09A7    A$Interrupts$1833
  0C:09A9    A$Interrupts$1834
  0C:09AB    A$Interrupts$1835
  0C:09AD    A$Interrupts$1836
  0C:09AF    A$Interrupts$1837
  0C:09B1    A$Interrupts$1838
  0C:09B3    A$Interrupts$1839
  0C:09B5    A$Interrupts$1840
  0C:09B7    A$Interrupts$1841
  0C:09B9    A$Interrupts$1842
  0C:09BB    A$Interrupts$1845
  0C:09BB    C$Interrupts.c$97$1$5
  0C:09BB    XG$Usb_ISR$0$0
  0C:09BC    A$Interrupts$1858
  0C:09BC    C$Interrupts.c$108$1$5
  0C:09BC    G$SPI_ISR$0$0
  0C:09BC    _SPI_ISR
  0C:09BE    A$Interrupts$1859
  0C:09C0    A$Interrupts$1860
  0C:09C2    A$Interrupts$1861
  0C:09C4    A$Interrupts$1862
  0C:09C6    A$Interrupts$1863
  0C:09C9    A$Interrupts$1866
  0C:09C9    C$Interrupts.c$120$1$1
  0C:09CB    A$Interrupts$1867
  0C:09CD    A$Interrupts$1868
  0C:09CE    A$Interrupts$1869
  0C:09D1    A$Interrupts$1872
  0C:09D1    C$Interrupts.c$122$2$2
  0C:09D3    A$Interrupts$1875
  0C:09D3    C$Interrupts.c$124$2$2
  0C:09D5    A$Interrupts$1876
  0C:09D7    A$Interrupts$1879
  0C:09D7    C$Interrupts.c$125$2$2
  0C:09D8    A$Interrupts$1880
  0C:09D9    A$Interrupts$1881
  0C:09DB    A$Interrupts$1882
  0C:09DD    A$Interrupts$1883
  0C:09E0    A$Interrupts$1884
  0C:09E3    A$Interrupts$1885
  0C:09E5    A$Interrupts$1886
  0C:09E7    A$Interrupts$1889
  0C:09E7    C$Interrupts.c$127$3$3
  0C:09E9    A$Interrupts$1890
  0C:09EA    A$Interrupts$1891
  0C:09ED    A$Interrupts$1892
  0C:09EF    A$Interrupts$1896
  0C:09EF    C$Interrupts.c$128$3$3
  0C:09F1    A$Interrupts$1897
  0C:09F3    A$Interrupts$1898
  0C:09F5    A$Interrupts$1901
  0C:09F5    C$Interrupts.c$129$3$3
  0C:09F7    A$Interrupts$1902
  0C:09F9    A$Interrupts$1903
  0C:09FB    A$Interrupts$1907
  0C:09FB    C$Interrupts.c$131$3$3
  0C:09FD    A$Interrupts$1908
  0C:09FF    A$Interrupts$1909
  0C:0A01    A$Interrupts$1913
  0C:0A01    C$Interrupts.c$133$2$2
  0C:0A02    A$Interrupts$1914
  0C:0A03    A$Interrupts$1915
  0C:0A05    A$Interrupts$1916
  0C:0A07    A$Interrupts$1917
  0C:0A0A    A$Interrupts$1918
  0C:0A0D    A$Interrupts$1919
  0C:0A0F    A$Interrupts$1920
  0C:0A11    A$Interrupts$1923
  0C:0A11    C$Interrupts.c$134$2$2
  0C:0A13    A$Interrupts$1924
  0C:0A14    A$Interrupts$1927
  0C:0A14    C$Interrupts.c$136$2$2
  0C:0A17    A$Interrupts$1928
  0C:0A19    A$Interrupts$1929
  0C:0A1B    A$Interrupts$1931
  0C:0A1D    A$Interrupts$1932
  0C:0A20    A$Interrupts$1934
  0C:0A23    A$Interrupts$1935
  0C:0A26    A$Interrupts$1939
  0C:0A26    C$Interrupts.c$138$1$1
  0C:0A28    A$Interrupts$1940
  0C:0A2A    A$Interrupts$1941
  0C:0A2B    A$Interrupts$1942
  0C:0A2E    A$Interrupts$1945
  0C:0A2E    C$Interrupts.c$140$2$5
  0C:0A30    A$Interrupts$1949
  0C:0A30    C$Interrupts.c$142$1$1
  0C:0A32    A$Interrupts$1950
  0C:0A34    A$Interrupts$1951
  0C:0A35    A$Interrupts$1952
  0C:0A38    A$Interrupts$1955
  0C:0A38    C$Interrupts.c$144$2$6
  0C:0A3A    A$Interrupts$1959
  0C:0A3A    C$Interrupts.c$146$1$1
  0C:0A3C    A$Interrupts$1960
  0C:0A3E    A$Interrupts$1961
  0C:0A3F    A$Interrupts$1962
  0C:0A42    A$Interrupts$1965
  0C:0A42    C$Interrupts.c$148$2$7
  0C:0A44    A$Interrupts$1967
  0C:0A46    A$Interrupts$1968
  0C:0A48    A$Interrupts$1969
  0C:0A4A    A$Interrupts$1970
  0C:0A4C    A$Interrupts$1971
  0C:0A4E    A$Interrupts$1974
  0C:0A4E    C$Interrupts.c$150$2$1
  0C:0A4E    XG$SPI_ISR$0$0
  0C:0A4F    A$Interrupts$1990
  0C:0A4F    C$Interrupts.c$168$2$1
  0C:0A4F    C$Interrupts.c$170$1$1
  0C:0A4F    G$Usb_Reset$0$0
  0C:0A4F    _Usb_Reset
  0C:0A52    A$Interrupts$1994
  0C:0A52    C$Interrupts.c$172$1$1
  0C:0A54    A$Interrupts$1995
  0C:0A57    A$Interrupts$1996
  0C:0A5A    A$Interrupts$1997
  0C:0A5D    A$Interrupts$2000
  0C:0A5D    C$Interrupts.c$175$1$1
  0C:0A60    A$Interrupts$2003
  0C:0A60    C$Interrupts.c$176$1$1
  0C:0A63    A$Interrupts$2006
  0C:0A63    C$Interrupts.c$177$1$1
  0C:0A66    A$Interrupts$2009
  0C:0A66    C$Interrupts.c$178$1$1
  0C:0A66    XG$Usb_Reset$0$0
  0C:0A67    A$Interrupts$2026
  0C:0A67    C$Interrupts.c$193$1$1
  0C:0A67    C$Interrupts.c$198$1$1
  0C:0A67    G$Handle_Setup$0$0
  0C:0A67    _Handle_Setup
  0C:0A69    A$Interrupts$2027
  0C:0A6C    A$Interrupts$2028
  0C:0A6F    A$Interrupts$2029
  0C:0A72    A$Interrupts$2033
  0C:0A72    C$Interrupts.c$199$1$1
  0C:0A74    A$Interrupts$2034
  0C:0A77    A$Interrupts$2035
  0C:0A7A    A$Interrupts$2037
  0C:0A7C    A$Interrupts$2038
  0C:0A7F    A$Interrupts$2039
  0C:0A81    A$Interrupts$2042
  0C:0A81    C$Interrupts.c$201$1$1
  0C:0A83    A$Interrupts$2043
  0C:0A86    A$Interrupts$2047
  0C:0A86    C$Interrupts.c$204$2$4
  0C:0A88    A$Interrupts$2048
  0C:0A8B    A$Interrupts$2049
  0C:0A8E    A$Interrupts$2050
  0C:0A91    A$Interrupts$2053
  0C:0A91    C$Interrupts.c$205$2$4
  0C:0A94    A$Interrupts$2057
  0C:0A94    C$Interrupts.c$208$1$1
  0C:0A95    A$Interrupts$2058
  0C:0A98    A$Interrupts$2062
  0C:0A98    C$Interrupts.c$210$2$6
  0C:0A9A    A$Interrupts$2063
  0C:0A9D    A$Interrupts$2064
  0C:0AA0    A$Interrupts$2065
  0C:0AA3    A$Interrupts$2068
  0C:0AA3    C$Interrupts.c$211$2$6
  0C:0AA6    A$Interrupts$2071
  0C:0AA6    C$Interrupts.c$212$2$6
  0C:0AA7    A$Interrupts$2075
  0C:0AA7    C$Interrupts.c$215$1$1
  0C:0AA8    A$Interrupts$2076
  0C:0AAB    A$Interrupts$2080
  0C:0AAB    C$Interrupts.c$217$2$8
  0C:0AAD    A$Interrupts$2081
  0C:0AB0    A$Interrupts$2082
  0C:0AB3    A$Interrupts$2083
  0C:0AB6    A$Interrupts$2087
  0C:0AB6    C$Interrupts.c$218$2$8
  0C:0AB8    A$Interrupts$2088
  0C:0ABB    A$Interrupts$2089
  0C:0ABE    A$Interrupts$2090
  0C:0AC1    A$Interrupts$2093
  0C:0AC1    C$Interrupts.c$219$2$8
  0C:0AC4    A$Interrupts$2097
  0C:0AC4    C$Interrupts.c$222$1$1
  0C:0AC6    A$Interrupts$2098
  0C:0AC8    A$Interrupts$2099
  0C:0ACB    A$Interrupts$2103
  0C:0ACB    C$Interrupts.c$224$2$11
  0C:0ACC    A$Interrupts$2104
  0C:0ACF    A$Interrupts$2105
  0C:0AD2    A$Interrupts$2109
  0C:0AD2    C$Interrupts.c$226$3$12
  0C:0AD5    A$Interrupts$2110
  0C:0AD8    A$Interrupts$2111
  0C:0ADB    A$Interrupts$2112
  0C:0ADE    A$Interrupts$2113
  0C:0ADF    A$Interrupts$2114
  0C:0AE1    A$Interrupts$2115
  0C:0AE4    A$Interrupts$2116
  0C:0AE6    A$Interrupts$2117
  0C:0AE9    A$Interrupts$2118
  0C:0AEB    A$Interrupts$2121
  0C:0AEB    C$Interrupts.c$232$3$12
  0C:0AED    A$Interrupts$2122
  0C:0AEF    A$Interrupts$2123
  0C:0AF1    A$Interrupts$2124
  0C:0AF3    A$Interrupts$2125
  0C:0AF4    A$Interrupts$2126
  0C:0AF5    A$Interrupts$2127
  0C:0AF6    A$Interrupts$2128
  0C:0AF7    A$Interrupts$2129
  0C:0AF8    A$Interrupts$2130
  0C:0AF9    A$Interrupts$2131
  0C:0AFB    A$Interrupts$2132
  0C:0AFD    A$Interrupts$2135
  0C:0AFD    C$Interrupts.c$233$3$12
  0C:0AFF    A$Interrupts$2136
  0C:0B01    A$Interrupts$2137
  0C:0B03    A$Interrupts$2138
  0C:0B05    A$Interrupts$2139
  0C:0B06    A$Interrupts$2140
  0C:0B07    A$Interrupts$2141
  0C:0B08    A$Interrupts$2142
  0C:0B09    A$Interrupts$2143
  0C:0B0A    A$Interrupts$2144
  0C:0B0B    A$Interrupts$2145
  0C:0B0D    A$Interrupts$2146
  0C:0B0F    A$Interrupts$2149
  0C:0B0F    C$Interrupts.c$234$3$12
  0C:0B11    A$Interrupts$2150
  0C:0B13    A$Interrupts$2151
  0C:0B15    A$Interrupts$2152
  0C:0B17    A$Interrupts$2153
  0C:0B18    A$Interrupts$2154
  0C:0B19    A$Interrupts$2155
  0C:0B1A    A$Interrupts$2156
  0C:0B1B    A$Interrupts$2157
  0C:0B1C    A$Interrupts$2158
  0C:0B1D    A$Interrupts$2159
  0C:0B1F    A$Interrupts$2160
  0C:0B21    A$Interrupts$2163
  0C:0B21    C$Interrupts.c$237$3$12
  0C:0B23    A$Interrupts$2164
  0C:0B24    A$Interrupts$2165
  0C:0B26    A$Interrupts$2166
  0C:0B28    A$Interrupts$2167
  0C:0B2B    A$Interrupts$2169
  0C:0B2C    A$Interrupts$2170
  0C:0B2D    A$Interrupts$2171
  0C:0B2E    A$Interrupts$2172
  0C:0B31    A$Interrupts$2173
  0C:0B32    A$Interrupts$2175
  0C:0B35    A$Interrupts$2176
  0C:0B38    A$Interrupts$2177
  0C:0B3B    A$Interrupts$2178
  0C:0B3E    A$Interrupts$2179
  0C:0B41    A$Interrupts$2180
  0C:0B44    A$Interrupts$2181
  0C:0B47    A$Interrupts$2182
  0C:0B4A    A$Interrupts$2183
  0C:0B4D    A$Interrupts$2184
  0C:0B50    A$Interrupts$2185
  0C:0B53    A$Interrupts$2186
  0C:0B56    A$Interrupts$2192
  0C:0B56    C$Interrupts.c$239$4$13
  0C:0B56    C$Interrupts.c$240$4$13
  0C:0B58    A$Interrupts$2193
  0C:0B5B    A$Interrupts$2194
  0C:0B5D    A$Interrupts$2199
  0C:0B5D    C$Interrupts.c$241$4$13
  0C:0B5D    C$Interrupts.c$242$4$13
  0C:0B5F    A$Interrupts$2203
  0C:0B5F    C$Interrupts.c$243$4$13
  0C:0B61    A$Interrupts$2204
  0C:0B64    A$Interrupts$2205
  0C:0B66    A$Interrupts$2210
  0C:0B66    C$Interrupts.c$244$4$13
  0C:0B66    C$Interrupts.c$245$4$13
  0C:0B68    A$Interrupts$2214
  0C:0B68    C$Interrupts.c$246$4$13
  0C:0B6A    A$Interrupts$2215
  0C:0B6D    A$Interrupts$2216
  0C:0B6F    A$Interrupts$2221
  0C:0B6F    C$Interrupts.c$247$4$13
  0C:0B6F    C$Interrupts.c$248$4$13
  0C:0B71    A$Interrupts$2225
  0C:0B71    C$Interrupts.c$249$4$13
  0C:0B73    A$Interrupts$2226
  0C:0B76    A$Interrupts$2227
  0C:0B78    A$Interrupts$2232
  0C:0B78    C$Interrupts.c$250$4$13
  0C:0B78    C$Interrupts.c$251$4$13
  0C:0B7A    A$Interrupts$2236
  0C:0B7A    C$Interrupts.c$252$4$13
  0C:0B7C    A$Interrupts$2237
  0C:0B7F    A$Interrupts$2238
  0C:0B81    A$Interrupts$2243
  0C:0B81    C$Interrupts.c$253$4$13
  0C:0B81    C$Interrupts.c$254$4$13
  0C:0B83    A$Interrupts$2247
  0C:0B83    C$Interrupts.c$255$4$13
  0C:0B85    A$Interrupts$2248
  0C:0B88    A$Interrupts$2249
  0C:0B8A    A$Interrupts$2254
  0C:0B8A    C$Interrupts.c$256$4$13
  0C:0B8A    C$Interrupts.c$257$4$13
  0C:0B8C    A$Interrupts$2258
  0C:0B8C    C$Interrupts.c$258$4$13
  0C:0B8E    A$Interrupts$2259
  0C:0B91    A$Interrupts$2260
  0C:0B93    A$Interrupts$2265
  0C:0B93    C$Interrupts.c$259$4$13
  0C:0B93    C$Interrupts.c$260$4$13
  0C:0B95    A$Interrupts$2269
  0C:0B95    C$Interrupts.c$261$4$13
  0C:0B97    A$Interrupts$2270
  0C:0B9A    A$Interrupts$2271
  0C:0B9C    A$Interrupts$2276
  0C:0B9C    C$Interrupts.c$262$4$13
  0C:0B9C    C$Interrupts.c$263$4$13
  0C:0B9E    A$Interrupts$2280
  0C:0B9E    C$Interrupts.c$264$4$13
  0C:0BA0    A$Interrupts$2281
  0C:0BA3    A$Interrupts$2282
  0C:0BA5    A$Interrupts$2287
  0C:0BA5    C$Interrupts.c$265$4$13
  0C:0BA5    C$Interrupts.c$266$4$13
  0C:0BA7    A$Interrupts$2291
  0C:0BA7    C$Interrupts.c$267$4$13
  0C:0BA9    A$Interrupts$2292
  0C:0BAC    A$Interrupts$2293
  0C:0BAE    A$Interrupts$2299
  0C:0BAE    C$Interrupts.c$269$1$1
  0C:0BAE    C$Interrupts.c$273$1$1
  0C:0BB0    A$Interrupts$2300
  0C:0BB3    A$Interrupts$2301
  0C:0BB5    A$Interrupts$2303
  0C:0BB6    A$Interrupts$2307
  0C:0BB6    C$Interrupts.c$275$2$14
  0C:0BB7    A$Interrupts$2308
  0C:0BBA    A$Interrupts$2309
  0C:0BBB    A$Interrupts$2314
  0C:0BBB    C$Interrupts.c$279$3$15
  0C:0BBD    A$Interrupts$2315
  0C:0BC0    A$Interrupts$2316
  0C:0BC3    A$Interrupts$2318
  0C:0BC5    A$Interrupts$2319
  0C:0BC8    A$Interrupts$2322
  0C:0BC8    C$Interrupts.c$282$3$15
  0C:0BCA    A$Interrupts$2323
  0C:0BCB    A$Interrupts$2324
  0C:0BCE    A$Interrupts$2325
  0C:0BCF    A$Interrupts$2326
  0C:0BD2    A$Interrupts$2327
  0C:0BD3    A$Interrupts$2332
  0C:0BD3    C$Interrupts.c$286$4$17
  0C:0BD5    A$Interrupts$2335
  0C:0BD5    C$Interrupts.c$289$4$17
  0C:0BD6    A$Interrupts$2336
  0C:0BD8    A$Interrupts$2337
  0C:0BDA    A$Interrupts$2338
  0C:0BDC    A$Interrupts$2339
  0C:0BDE    A$Interrupts$2340
  0C:0BE0    A$Interrupts$2343
  0C:0BE0    C$Interrupts.c$291$5$18
  0C:0BE3    A$Interrupts$2344
  0C:0BE4    A$Interrupts$2345
  0C:0BE6    A$Interrupts$2346
  0C:0BE9    A$Interrupts$2347
  0C:0BEC    A$Interrupts$2348
  0C:0BEF    A$Interrupts$2349
  0C:0BF2    A$Interrupts$2350
[...]
  0C:123C    A$USBStandardRequests$2172
  0C:123D    A$USBStandardRequests$2173
  0C:123E    A$USBStandardRequests$2174
  0C:1241    A$USBStandardRequests$2175
  0C:1242    A$USBStandardRequests$2177
  0C:1245    A$USBStandardRequests$2178
  0C:1248    A$USBStandardRequests$2179
  0C:124B    A$USBStandardRequests$2180
  0C:124E    A$USBStandardRequests$2181
  0C:1251    A$USBStandardRequests$2182
  0C:1254    A$USBStandardRequests$2188
  0C:1254    C$USBStandardRequests.c$349$2$2
  0C:1254    C$USBStandardRequests.c$350$2$2
  0C:1257    A$USBStandardRequests$2189
  0C:125A    A$USBStandardRequests$2190
  0C:125D    A$USBStandardRequests$2193
  0C:125D    C$USBStandardRequests.c$351$2$2
  0C:1260    A$USBStandardRequests$2194
  0C:1261    A$USBStandardRequests$2195
  0C:1262    A$USBStandardRequests$2196
  0C:1263    A$USBStandardRequests$2197
  0C:1265    A$USBStandardRequests$2198
  0C:1268    A$USBStandardRequests$2201
  0C:1268    C$USBStandardRequests.c$352$2$2
  0C:126B    A$USBStandardRequests$2207
  0C:126B    C$USBStandardRequests.c$354$2$2
  0C:126B    C$USBStandardRequests.c$355$2$2
  0C:126E    A$USBStandardRequests$2208
  0C:1271    A$USBStandardRequests$2209
  0C:1274    A$USBStandardRequests$2212
  0C:1274    C$USBStandardRequests.c$358$2$2
  0C:1277    A$USBStandardRequests$2213
  0C:1278    A$USBStandardRequests$2214
  0C:1279    A$USBStandardRequests$2215
  0C:127A    A$USBStandardRequests$2216
  0C:127C    A$USBStandardRequests$2217
  0C:127F    A$USBStandardRequests$2218
  0C:1280    A$USBStandardRequests$2219
  0C:1281    A$USBStandardRequests$2220
  0C:1282    A$USBStandardRequests$2221
  0C:1284    A$USBStandardRequests$2222
  0C:1285    A$USBStandardRequests$2223
  0C:1286    A$USBStandardRequests$2224
  0C:1288    A$USBStandardRequests$2225
  0C:1289    A$USBStandardRequests$2226
  0C:128A    A$USBStandardRequests$2227
  0C:128C    A$USBStandardRequests$2230
  0C:128C    C$USBStandardRequests.c$359$2$2
  0C:128F    A$USBStandardRequests$2236
  0C:128F    C$USBStandardRequests.c$361$2$2
  0C:128F    C$USBStandardRequests.c$362$2$2
  0C:1291    A$USBStandardRequests$2237
  0C:1294    A$USBStandardRequests$2238
  0C:1295    A$USBStandardRequests$2239
  0C:1297    A$USBStandardRequests$2240
  0C:1298    A$USBStandardRequests$2241
  0C:129A    A$USBStandardRequests$2242
  0C:129B    A$USBStandardRequests$2243
  0C:129D    A$USBStandardRequests$2244
  0C:129E    A$USBStandardRequests$2245
  0C:12A0    A$USBStandardRequests$2248
  0C:12A0    C$USBStandardRequests.c$364$2$2
  0C:12A2    A$USBStandardRequests$2249
  0C:12A4    A$USBStandardRequests$2250
  0C:12A6    A$USBStandardRequests$2251
  0C:12A8    A$USBStandardRequests$2252
  0C:12AA    A$USBStandardRequests$2253
  0C:12AC    A$USBStandardRequests$2254
  0C:12AF    A$USBStandardRequests$2255
  0C:12B0    A$USBStandardRequests$2256
  0C:12B2    A$USBStandardRequests$2257
  0C:12B5    A$USBStandardRequests$2262
  0C:12B5    C$USBStandardRequests.c$365$2$2
  0C:12B5    C$USBStandardRequests.c$367$2$2
  0C:12B7    A$USBStandardRequests$2266
  0C:12B7    C$USBStandardRequests.c$368$2$2
  0C:12BA    A$USBStandardRequests$2267
  0C:12BD    A$USBStandardRequests$2268
  0C:12C0    A$USBStandardRequests$2271
  0C:12C0    C$USBStandardRequests.c$369$2$2
  0C:12C3    A$USBStandardRequests$2272
  0C:12C4    A$USBStandardRequests$2273
  0C:12C5    A$USBStandardRequests$2274
  0C:12C6    A$USBStandardRequests$2275
  0C:12C8    A$USBStandardRequests$2276
  0C:12CB    A$USBStandardRequests$2281
  0C:12CB    C$USBStandardRequests.c$370$2$2
  0C:12CB    C$USBStandardRequests.c$372$2$2
  0C:12CD    A$USBStandardRequests$2285
  0C:12CD    C$USBStandardRequests.c$373$2$2
  0C:12CF    A$USBStandardRequests$2286
  0C:12D2    A$USBStandardRequests$2287
  0C:12D4    A$USBStandardRequests$2291
  0C:12D4    C$USBStandardRequests.c$374$2$2
  0C:12D6    A$USBStandardRequests$2292
  0C:12D9    A$USBStandardRequests$2296
  0C:12D9    C$USBStandardRequests.c$376$3$3
  0C:12DB    A$USBStandardRequests$2297
  0C:12DE    A$USBStandardRequests$2300
  0C:12DE    C$USBStandardRequests.c$378$4$4
  0C:12E1    A$USBStandardRequests$2301
  0C:12E4    A$USBStandardRequests$2302
  0C:12E7    A$USBStandardRequests$2305
  0C:12E7    C$USBStandardRequests.c$379$4$4
  0C:12EA    A$USBStandardRequests$2306
  0C:12EB    A$USBStandardRequests$2307
  0C:12EC    A$USBStandardRequests$2308
  0C:12ED    A$USBStandardRequests$2309
  0C:12EF    A$USBStandardRequests$2310
  0C:12F2    A$USBStandardRequests$2311
  0C:12F4    A$USBStandardRequests$2315
  0C:12F4    C$USBStandardRequests.c$383$4$5
  0C:12F7    A$USBStandardRequests$2316
  0C:12FA    A$USBStandardRequests$2317
  0C:12FD    A$USBStandardRequests$2320
  0C:12FD    C$USBStandardRequests.c$384$4$5
  0C:1300    A$USBStandardRequests$2321
  0C:1301    A$USBStandardRequests$2322
  0C:1302    A$USBStandardRequests$2323
  0C:1303    A$USBStandardRequests$2324
  0C:1305    A$USBStandardRequests$2325
  0C:1308    A$USBStandardRequests$2326
  0C:130A    A$USBStandardRequests$2330
  0C:130A    C$USBStandardRequests.c$389$3$6
  0C:130D    A$USBStandardRequests$2335
  0C:130D    C$USBStandardRequests.c$391$2$2
  0C:130D    C$USBStandardRequests.c$393$2$2
  0C:130F    A$USBStandardRequests$2339
  0C:130F    C$USBStandardRequests.c$394$2$2
  0C:1312    A$USBStandardRequests$2345
  0C:1312    C$USBStandardRequests.c$396$1$1
  0C:1312    C$USBStandardRequests.c$398$1$1
  0C:1314    A$USBStandardRequests$2346
  0C:1317    A$USBStandardRequests$2347
  0C:1319    A$USBStandardRequests$2351
  0C:1319    C$USBStandardRequests.c$399$1$1
  0C:131B    A$USBStandardRequests$2352
  0C:131E    A$USBStandardRequests$2353
  0C:1320    A$USBStandardRequests$2357
  0C:1320    C$USBStandardRequests.c$400$1$1
  0C:1322    A$USBStandardRequests$2358
  0C:1325    A$USBStandardRequests$2359
  0C:1327    A$USBStandardRequests$2363
  0C:1327    C$USBStandardRequests.c$401$1$1
  0C:1329    A$USBStandardRequests$2364
  0C:132C    A$USBStandardRequests$2365
  0C:132E    A$USBStandardRequests$2369
  0C:132E    C$USBStandardRequests.c$402$1$1
  0C:1330    A$USBStandardRequests$2370
  0C:1333    A$USBStandardRequests$2374
  0C:1333    C$USBStandardRequests.c$404$2$7
  0C:1335    A$USBStandardRequests$2375
  0C:1337    A$USBStandardRequests$2376
  0C:1338    A$USBStandardRequests$2377
  0C:1339    A$USBStandardRequests$2378
  0C:133B    A$USBStandardRequests$2379
  0C:133C    A$USBStandardRequests$2380
  0C:133E    A$USBStandardRequests$2381
  0C:1340    A$USBStandardRequests$2384
  0C:1340    C$USBStandardRequests.c$405$2$7
  0C:1342    A$USBStandardRequests$2385
  0C:1344    A$USBStandardRequests$2388
  0C:1344    C$USBStandardRequests.c$407$3$8
  0C:1347    A$USBStandardRequests$2389
  0C:134A    A$USBStandardRequests$2393
  0C:134A    C$USBStandardRequests.c$410$1$1
  0C:134C    A$USBStandardRequests$2394
  0C:134F    A$USBStandardRequests$2395
  0C:1350    A$USBStandardRequests$2400
  0C:1350    C$USBStandardRequests.c$412$2$9
  0C:1352    A$USBStandardRequests$2401
  0C:1355    A$USBStandardRequests$2402
  0C:1358    A$USBStandardRequests$2403
  0C:135B    A$USBStandardRequests$2406
  0C:135B    C$USBStandardRequests.c$413$2$9
  0C:135E    A$USBStandardRequests$2409
  0C:135E    C$USBStandardRequests.c$414$2$9
  0C:135F    A$USBStandardRequests$2410
  0C:1361    A$USBStandardRequests$2411
  0C:1363    A$USBStandardRequests$2414
  0C:1363    C$USBStandardRequests.c$416$2$1
  0C:1363    XG$Get_Descriptor$0$0
  0C:1364    A$USBStandardRequests$2428
  0C:1364    C$USBStandardRequests.c$429$2$1
  0C:1364    C$USBStandardRequests.c$431$1$1
  0C:1364    G$Get_Configuration$0$0
  0C:1364    _Get_Configuration
  0C:1366    A$USBStandardRequests$2429
  0C:1369    A$USBStandardRequests$2432
  0C:1369    C$USBStandardRequests.c$432$1$1
  0C:136B    A$USBStandardRequests$2433
  0C:136D    A$USBStandardRequests$2434
  0C:136F    A$USBStandardRequests$2435
  0C:1371    A$USBStandardRequests$2438
  0C:1371    C$USBStandardRequests.c$433$1$1
  0C:1373    A$USBStandardRequests$2439
  0C:1375    A$USBStandardRequests$2440
  0C:1377    A$USBStandardRequests$2441
  0C:1379    A$USBStandardRequests$2444
  0C:1379    C$USBStandardRequests.c$434$1$1
  0C:137B    A$USBStandardRequests$2445
  0C:137D    A$USBStandardRequests$2446
  0C:137F    A$USBStandardRequests$2447
  0C:1382    A$USBStandardRequests$2448
  0C:1384    A$USBStandardRequests$2453
  0C:1384    C$USBStandardRequests.c$436$2$2
  0C:1387    A$USBStandardRequests$2454
  0C:1389    A$USBStandardRequests$2458
  0C:1389    C$USBStandardRequests.c$441$2$3
  0C:138B    A$USBStandardRequests$2459
  0C:138E    A$USBStandardRequests$2462
  0C:138E    C$USBStandardRequests.c$443$3$4
  0C:1391    A$USBStandardRequests$2463
  0C:1394    A$USBStandardRequests$2464
  0C:1397    A$USBStandardRequests$2467
  0C:1397    C$USBStandardRequests.c$444$3$4
  0C:139A    A$USBStandardRequests$2468
  0C:139B    A$USBStandardRequests$2469
  0C:139D    A$USBStandardRequests$2473
  0C:139D    C$USBStandardRequests.c$446$2$3
  0C:139F    A$USBStandardRequests$2474
  0C:13A2    A$USBStandardRequests$2477
  0C:13A2    C$USBStandardRequests.c$448$3$5
  0C:13A5    A$USBStandardRequests$2478
  0C:13A8    A$USBStandardRequests$2479
  0C:13AB    A$USBStandardRequests$2482
  0C:13AB    C$USBStandardRequests.c$449$3$5
  0C:13AE    A$USBStandardRequests$2483
  0C:13AF    A$USBStandardRequests$2484
  0C:13B1    A$USBStandardRequests$2488
  0C:13B1    C$USBStandardRequests.c$452$1$1
  0C:13B3    A$USBStandardRequests$2489
  0C:13B6    A$USBStandardRequests$2490
  0C:13B7    A$USBStandardRequests$2495
  0C:13B7    C$USBStandardRequests.c$454$2$6
  0C:13B9    A$USBStandardRequests$2496
  0C:13BC    A$USBStandardRequests$2497
  0C:13BF    A$USBStandardRequests$2498
  0C:13C2    A$USBStandardRequests$2501
  0C:13C2    C$USBStandardRequests.c$455$2$6
  0C:13C5    A$USBStandardRequests$2504
  0C:13C5    C$USBStandardRequests.c$456$2$6
  0C:13C6    A$USBStandardRequests$2505
  0C:13C8    A$USBStandardRequests$2506
  0C:13CA    A$USBStandardRequests$2509
  0C:13CA    C$USBStandardRequests.c$458$2$1
  0C:13CA    XG$Get_Configuration$0$0
  0C:13CB    A$USBStandardRequests$2523
  0C:13CB    C$USBStandardRequests.c$471$2$1
  0C:13CB    C$USBStandardRequests.c$474$1$1
  0C:13CB    G$Set_Configuration$0$0
  0C:13CB    _Set_Configuration
  0C:13CD    A$USBStandardRequests$2524
  0C:13D0    A$USBStandardRequests$2525
  0C:13D2    A$USBStandardRequests$2529
  0C:13D2    C$USBStandardRequests.c$475$1$1
  0C:13D4    A$USBStandardRequests$2530
  0C:13D6    A$USBStandardRequests$2533
  0C:13D6    C$USBStandardRequests.c$476$1$1
  0C:13D8    A$USBStandardRequests$2534
  0C:13DA    A$USBStandardRequests$2535
  0C:13DC    A$USBStandardRequests$2536
  0C:13DE    A$USBStandardRequests$2539
  0C:13DE    C$USBStandardRequests.c$477$1$1
  0C:13E0    A$USBStandardRequests$2540
  0C:13E2    A$USBStandardRequests$2541
  0C:13E4    A$USBStandardRequests$2542
  0C:13E6    A$USBStandardRequests$2545
  0C:13E6    C$USBStandardRequests.c$478$1$1
  0C:13E8    A$USBStandardRequests$2546
  0C:13EA    A$USBStandardRequests$2547
  0C:13EC    A$USBStandardRequests$2548
  0C:13EE    A$USBStandardRequests$2549
  0C:13F0    A$USBStandardRequests$2553
  0C:13F0    C$USBStandardRequests.c$480$2$2
  0C:13F3    A$USBStandardRequests$2554
  0C:13F5    A$USBStandardRequests$2558
  0C:13F5    C$USBStandardRequests.c$485$2$3
  0C:13F7    A$USBStandardRequests$2559
  0C:13F9    A$USBStandardRequests$2562
  0C:13F9    C$USBStandardRequests.c$487$3$4
  0C:13FC    A$USBStandardRequests$2565
  0C:13FC    C$USBStandardRequests.c$488$3$4
  0C:13FF    A$USBStandardRequests$2568
  0C:13FF    C$USBStandardRequests.c$489$3$4
  0C:1402    A$USBStandardRequests$2572
  0C:1402    C$USBStandardRequests.c$490$3$4
  0C:1404    A$USBStandardRequests$2573
  0C:1407    A$USBStandardRequests$2574
  0C:140A    A$USBStandardRequests$2575
  0C:140D    A$USBStandardRequests$2579
  0C:140D    C$USBStandardRequests.c$491$3$4
  0C:140F    A$USBStandardRequests$2580
  0C:1412    A$USBStandardRequests$2581
  0C:1415    A$USBStandardRequests$2582
  0C:1418    A$USBStandardRequests$2585
  0C:1418    C$USBStandardRequests.c$492$3$4
  0C:141B    A$USBStandardRequests$2589
  0C:141B    C$USBStandardRequests.c$493$3$4
  0C:141D    A$USBStandardRequests$2590
  0C:1420    A$USBStandardRequests$2591
  0C:1423    A$USBStandardRequests$2592
  0C:1426    A$USBStandardRequests$2593
  0C:1428    A$USBStandardRequests$2597
  0C:1428    C$USBStandardRequests.c$497$3$8
  0C:142B    A$USBStandardRequests$2600
  0C:142B    C$USBStandardRequests.c$498$3$8
  0C:142E    A$USBStandardRequests$2603
  0C:142E    C$USBStandardRequests.c$499$3$8
  0C:1431    A$USBStandardRequests$2607
  0C:1431    C$USBStandardRequests.c$502$1$1
  0C:1433    A$USBStandardRequests$2608
  0C:1436    A$USBStandardRequests$2609
  0C:1437    A$USBStandardRequests$2614
  0C:1437    C$USBStandardRequests.c$504$2$9
  0C:1439    A$USBStandardRequests$2615
  0C:143C    A$USBStandardRequests$2616
  0C:143F    A$USBStandardRequests$2617
  0C:1442    A$USBStandardRequests$2620
  0C:1442    C$USBStandardRequests.c$507$3$1
  0C:1442    XG$Set_Configuration$0$0
  0C:1443    A$USBStandardRequests$2634
  0C:1443    C$USBStandardRequests.c$521$3$1
  0C:1443    C$USBStandardRequests.c$524$1$1
  0C:1443    G$Get_Interface$0$0
  0C:1443    _Get_Interface
  0C:1445    A$USBStandardRequests$2635
  0C:1448    A$USBStandardRequests$2638
  0C:1448    C$USBStandardRequests.c$525$1$1
  0C:144A    A$USBStandardRequests$2639
  0C:144D    A$USBStandardRequests$2642
  0C:144D    C$USBStandardRequests.c$526$1$1
  0C:144F    A$USBStandardRequests$2643
  0C:1451    A$USBStandardRequests$2644
  0C:1453    A$USBStandardRequests$2645
  0C:1455    A$USBStandardRequests$2648
  0C:1455    C$USBStandardRequests.c$527$1$1
  0C:1457    A$USBStandardRequests$2649
  0C:1459    A$USBStandardRequests$2650
  0C:145B    A$USBStandardRequests$2651
  0C:145D    A$USBStandardRequests$2654
  0C:145D    C$USBStandardRequests.c$528$1$1
  0C:145F    A$USBStandardRequests$2655
  0C:1461    A$USBStandardRequests$2656
  0C:1463    A$USBStandardRequests$2657
  0C:1466    A$USBStandardRequests$2658
  0C:1468    A$USBStandardRequests$2663
  0C:1468    C$USBStandardRequests.c$530$2$2
  0C:146B    A$USBStandardRequests$2664
  0C:146D    A$USBStandardRequests$2668
  0C:146D    C$USBStandardRequests.c$535$2$3
  0C:1470    A$USBStandardRequests$2669
  0C:1473    A$USBStandardRequests$2670
  0C:1476    A$USBStandardRequests$2673
  0C:1476    C$USBStandardRequests.c$536$2$3
  0C:1479    A$USBStandardRequests$2674
  0C:147A    A$USBStandardRequests$2675
  0C:147C    A$USBStandardRequests$2679
  0C:147C    C$USBStandardRequests.c$538$1$1
  0C:147E    A$USBStandardRequests$2680
  0C:1481    A$USBStandardRequests$2681
  0C:1482    A$USBStandardRequests$2686
  0C:1482    C$USBStandardRequests.c$540$2$4
  0C:1484    A$USBStandardRequests$2687
  0C:1487    A$USBStandardRequests$2688
  0C:148A    A$USBStandardRequests$2689
  0C:148D    A$USBStandardRequests$2692
  0C:148D    C$USBStandardRequests.c$541$2$4
  0C:1490    A$USBStandardRequests$2695
  0C:1490    C$USBStandardRequests.c$542$2$4
  0C:1491    A$USBStandardRequests$2696
  0C:1493    A$USBStandardRequests$2697
  0C:1495    A$USBStandardRequests$2700
  0C:1495    C$USBStandardRequests.c$544$2$1
  0C:1495    XG$Get_Interface$0$0
  0C:1496    A$USBStandardRequests$2714
  0C:1496    C$USBStandardRequests.c$557$2$1
  0C:1496    C$USBStandardRequests.c$562$1$1
  0C:1496    G$Set_Interface$0$0
  0C:1496    _Set_Interface
  0C:1498    A$USBStandardRequests$2715
  0C:149B    A$USBStandardRequests$2718
  0C:149B    C$USBStandardRequests.c$563$1$1
  0C:149D    A$USBStandardRequests$2719
  0C:149F    A$USBStandardRequests$2720
  0C:14A1    A$USBStandardRequests$2721
  0C:14A3    A$USBStandardRequests$2724
  0C:14A3    C$USBStandardRequests.c$564$1$1
  0C:14A5    A$USBStandardRequests$2725
  0C:14A7    A$USBStandardRequests$2726
  0C:14A9    A$USBStandardRequests$2727
  0C:14AB    A$USBStandardRequests$2730
  0C:14AB    C$USBStandardRequests.c$565$1$1
  0C:14AD    A$USBStandardRequests$2731
  0C:14AF    A$USBStandardRequests$2732
  0C:14B1    A$USBStandardRequests$2733
  0C:14B3    A$USBStandardRequests$2737
  0C:14B3    C$USBStandardRequests.c$568$2$2
  0C:14B6    A$USBStandardRequests$2741
  0C:14B6    C$USBStandardRequests.c$570$1$1
  0C:14B8    A$USBStandardRequests$2742
  0C:14BB    A$USBStandardRequests$2743
  0C:14BC    A$USBStandardRequests$2748
  0C:14BC    C$USBStandardRequests.c$573$2$3
  0C:14BE    A$USBStandardRequests$2749
  0C:14C1    A$USBStandardRequests$2750
  0C:14C4    A$USBStandardRequests$2751
  0C:14C7    A$USBStandardRequests$2754
  0C:14C7    C$USBStandardRequests.c$575$3$1
  0C:14C7    XG$Set_Interface$0$0
  0C:14C8    ___fsgt
  0C:14F8    __gptrput
  0C:1511    fs_compare_uint32
  0C:152F    fs_check_negative_zeros
  0C:155A    ___uchar2fs
  0C:1565    __gptrget
  0C:1581    ___ulong2fs
  0C:158A    ulong2fs_doit
  0C:1594    fs_normalize_a
  0C:15BD    __sdcc_external_startup
  0C:15C1    fs_round_and_return
  0C:15D9    fs_zerocheck_return
  0C:15E2    fs_return_zero
  0C:15EA    fs_direct_return
  0C:15F8    fs_return_inf
  0C:1605    fs_return_nan

Hexadecimal

Area                               Addr   Size   Decimal Bytes (Attributes)
--------------------------------   ----   ----   ------- ----- ------------
CONST                              1610   008D =    141. bytes (REL,CON,CODE)

      Value  Global
   --------  --------------------------------
  0C:1610    G$DeviceDesc$0$0
  0C:1610    _DeviceDesc
  0C:1622    G$ConfigDesc$0$0
  0C:1622    _ConfigDesc
  0C:162B    G$InterfaceDesc$0$0
  0C:162B    _InterfaceDesc
  0C:1634    G$Endpoint1Desc$0$0
  0C:1634    _Endpoint1Desc
  0C:163B    G$Endpoint2Desc$0$0
  0C:163B    _Endpoint2Desc
  0C:1642    G$String0Desc$0$0
  0C:1642    _String0Desc
  0C:1646    G$String1Desc$0$0
  0C:1646    _String1Desc
  0C:166A    G$String2Desc$0$0
  0C:166A    _String2Desc
  0C:1690    G$StringDescTable$0$0
  0C:1690    _StringDescTable
  0C:1699    G$ONES_PACKET$0$0
  0C:1699    _ONES_PACKET
  0C:169B    G$ZERO_PACKET$0$0
  0C:169B    _ZERO_PACKET

ASxxxx Linker V01.75 + NoICE + SDCC Feb 1999,  page 1.

Files Linked      [ module(s) ]

C:\Users\rdherric\Documents\RDH2\Projects\SHArK\trunk\Firmware\Main.rel
C:\Users\rdherric\Documents\RDH2\Projects\SHArK\trunk\Firmware\Interrupts.rel
C:\Users\rdherric\Documents\RDH2\Projects\SHArK\trunk\Firmware\USBDescriptor.rel
C:\Users\rdherric\Documents\RDH2\Projects\SHArK\trunk\Firmware\USBStandardRequests.rel

Libraries Linked            [   object  file   ]

C:\Program Files (x86)\SDCC\bin\..\lib\small/mcs51.lib    [     crtclear.rel ]
C:\Program Files (x86)\SDCC\bin\..\lib\small/mcs51.lib    [     crtxinit.rel ]
C:\Program Files (x86)\SDCC\bin\..\lib\small/libfloat.lib    [        _fsgt.rel ]
C:\Program Files (x86)\SDCC\bin\..\lib\small/libsdcc.lib    [     _gptrput.rel ]
C:\Program Files (x86)\SDCC\bin\..\lib\small/mcs51.lib    [    crtxclear.rel ]
C:\Program Files (x86)\SDCC\bin\..\lib\small/libfloat.lib    [       _fscmp.rel ]
C:\Program Files (x86)\SDCC\bin\..\lib\small/mcs51.lib    [   crtpagesfr.rel ]
C:\Program Files (x86)\SDCC\bin\..\lib\small/mcs51.lib    [     crtstart.rel ]
C:\Program Files (x86)\SDCC\bin\..\lib\small/libfloat.lib    [    _uchar2fs.rel ]
C:\Program Files (x86)\SDCC\bin\..\lib\small/libsdcc.lib    [     _gptrget.rel ]
C:\Program Files (x86)\SDCC\bin\..\lib\small/libfloat.lib    [    _ulong2fs.rel ]
C:\Program Files (x86)\SDCC\bin\..\lib\small/libfloat.lib    [ /0               ]
C:\Program Files (x86)\SDCC\bin\..\lib\small/libsdcc.lib    [     _startup.rel ]
C:\Program Files (x86)\SDCC\bin\..\lib\small/libfloat.lib    [ /18              ]

ASxxxx Linker V01.75 + NoICE + SDCC Feb 1999,  page 2.

User Base Address Definitions

HOME = 0x0000
ISEG = 0x0000
BSEG = 0x0000

